Archive member included to satisfy reference by file (symbol)

/usr/lib/gcc/arm-none-eabi/10.3.1/thumb/v6-m/nofp/libgcc.a(_dvmd_tls.o)
                              CMakeFiles/DeckOS.dir/home/indresh/embedded/pico-sdk/src/rp2_common/pico_divider/divider_hardware.S.o (__aeabi_idiv0)
/usr/lib/gcc/arm-none-eabi/10.3.1/../../../arm-none-eabi/lib/thumb/v6-m/nofp/libg.a(lib_a-atexit.o)
                              /usr/lib/gcc/arm-none-eabi/10.3.1/../../../arm-none-eabi/lib/thumb/v6-m/nofp/crt0.o (atexit)
/usr/lib/gcc/arm-none-eabi/10.3.1/../../../arm-none-eabi/lib/thumb/v6-m/nofp/libg.a(lib_a-atoi.o)
                              CMakeFiles/DeckOS.dir/kernel/tone.c.o (atoi)
/usr/lib/gcc/arm-none-eabi/10.3.1/../../../arm-none-eabi/lib/thumb/v6-m/nofp/libg.a(lib_a-calloc.o)
                              CMakeFiles/DeckOS.dir/home/indresh/embedded/pico-sdk/src/rp2_common/pico_malloc/malloc.c.o (calloc)
/usr/lib/gcc/arm-none-eabi/10.3.1/../../../arm-none-eabi/lib/thumb/v6-m/nofp/libg.a(lib_a-callocr.o)
                              /usr/lib/gcc/arm-none-eabi/10.3.1/../../../arm-none-eabi/lib/thumb/v6-m/nofp/libg.a(lib_a-calloc.o) (_calloc_r)
/usr/lib/gcc/arm-none-eabi/10.3.1/../../../arm-none-eabi/lib/thumb/v6-m/nofp/libg.a(lib_a-ctype_.o)
                              CMakeFiles/DeckOS.dir/kernel/morse.c.o (_ctype_)
/usr/lib/gcc/arm-none-eabi/10.3.1/../../../arm-none-eabi/lib/thumb/v6-m/nofp/libg.a(lib_a-fflush.o)
                              CMakeFiles/DeckOS.dir/kernel/morse.c.o (fflush)
/usr/lib/gcc/arm-none-eabi/10.3.1/../../../arm-none-eabi/lib/thumb/v6-m/nofp/libg.a(lib_a-findfp.o)
                              /usr/lib/gcc/arm-none-eabi/10.3.1/../../../arm-none-eabi/lib/thumb/v6-m/nofp/libg.a(lib_a-fflush.o) (__sinit)
/usr/lib/gcc/arm-none-eabi/10.3.1/../../../arm-none-eabi/lib/thumb/v6-m/nofp/libg.a(lib_a-fini.o)
                              /usr/lib/gcc/arm-none-eabi/10.3.1/../../../arm-none-eabi/lib/thumb/v6-m/nofp/crt0.o (__libc_fini_array)
/usr/lib/gcc/arm-none-eabi/10.3.1/../../../arm-none-eabi/lib/thumb/v6-m/nofp/libg.a(lib_a-freer.o)
                              /usr/lib/gcc/arm-none-eabi/10.3.1/../../../arm-none-eabi/lib/thumb/v6-m/nofp/libg.a(lib_a-fflush.o) (_free_r)
/usr/lib/gcc/arm-none-eabi/10.3.1/../../../arm-none-eabi/lib/thumb/v6-m/nofp/libg.a(lib_a-fwalk.o)
                              /usr/lib/gcc/arm-none-eabi/10.3.1/../../../arm-none-eabi/lib/thumb/v6-m/nofp/libg.a(lib_a-findfp.o) (_fwalk)
/usr/lib/gcc/arm-none-eabi/10.3.1/../../../arm-none-eabi/lib/thumb/v6-m/nofp/libg.a(lib_a-impure.o)
                              /usr/lib/gcc/arm-none-eabi/10.3.1/../../../arm-none-eabi/lib/thumb/v6-m/nofp/libg.a(lib_a-fflush.o) (_global_impure_ptr)
/usr/lib/gcc/arm-none-eabi/10.3.1/../../../arm-none-eabi/lib/thumb/v6-m/nofp/libg.a(lib_a-init.o)
                              /usr/lib/gcc/arm-none-eabi/10.3.1/../../../arm-none-eabi/lib/thumb/v6-m/nofp/crt0.o (__libc_init_array)
/usr/lib/gcc/arm-none-eabi/10.3.1/../../../arm-none-eabi/lib/thumb/v6-m/nofp/libg.a(lib_a-lcltime_r.o)
                              CMakeFiles/DeckOS.dir/home/indresh/embedded/pico-sdk/src/common/pico_util/datetime.c.o (localtime_r)
/usr/lib/gcc/arm-none-eabi/10.3.1/../../../arm-none-eabi/lib/thumb/v6-m/nofp/libg.a(lib_a-malloc.o)
                              CMakeFiles/DeckOS.dir/home/indresh/embedded/pico-sdk/src/rp2_common/pico_malloc/malloc.c.o (malloc)
/usr/lib/gcc/arm-none-eabi/10.3.1/../../../arm-none-eabi/lib/thumb/v6-m/nofp/libg.a(lib_a-mallocr.o)
                              /usr/lib/gcc/arm-none-eabi/10.3.1/../../../arm-none-eabi/lib/thumb/v6-m/nofp/libg.a(lib_a-callocr.o) (_malloc_r)
/usr/lib/gcc/arm-none-eabi/10.3.1/../../../arm-none-eabi/lib/thumb/v6-m/nofp/libg.a(lib_a-memcmp.o)
                              CMakeFiles/DeckOS.dir/home/indresh/embedded/pico-sdk/src/rp2_common/pico_atomic/atomic.c.o (memcmp)
/usr/lib/gcc/arm-none-eabi/10.3.1/../../../arm-none-eabi/lib/thumb/v6-m/nofp/libg.a(lib_a-memmove.o)
                              CMakeFiles/DeckOS.dir/shell/shell.c.o (memmove)
/usr/lib/gcc/arm-none-eabi/10.3.1/../../../arm-none-eabi/lib/thumb/v6-m/nofp/libg.a(lib_a-mktime.o)
                              CMakeFiles/DeckOS.dir/home/indresh/embedded/pico-sdk/src/common/pico_util/datetime.c.o (mktime)
/usr/lib/gcc/arm-none-eabi/10.3.1/../../../arm-none-eabi/lib/thumb/v6-m/nofp/libg.a(lib_a-mlock.o)
                              /usr/lib/gcc/arm-none-eabi/10.3.1/../../../arm-none-eabi/lib/thumb/v6-m/nofp/libg.a(lib_a-freer.o) (__malloc_lock)
/usr/lib/gcc/arm-none-eabi/10.3.1/../../../arm-none-eabi/lib/thumb/v6-m/nofp/libg.a(lib_a-month_lengths.o)
                              /usr/lib/gcc/arm-none-eabi/10.3.1/../../../arm-none-eabi/lib/thumb/v6-m/nofp/libg.a(lib_a-lcltime_r.o) (__month_lengths)
/usr/lib/gcc/arm-none-eabi/10.3.1/../../../arm-none-eabi/lib/thumb/v6-m/nofp/libg.a(lib_a-realloc.o)
[...]
Memory Configuration

Name             Origin             Length             Attributes
FLASH            0x0000000010000000 0x0000000000200000 xr
RAM              0x0000000020000000 0x0000000000040000 xrw
SCRATCH_X        0x0000000020040000 0x0000000000001000 xrw
SCRATCH_Y        0x0000000020041000 0x0000000000001000 xrw
*default*        0x0000000000000000 0xffffffffffffffff

Linker script and memory map

LOAD /usr/lib/gcc/arm-none-eabi/10.3.1/thumb/v6-m/nofp/crti.o
LOAD /usr/lib/gcc/arm-none-eabi/10.3.1/thumb/v6-m/nofp/crtbegin.o
LOAD /usr/lib/gcc/arm-none-eabi/10.3.1/../../../arm-none-eabi/lib/thumb/v6-m/nofp/crt0.o

.flash_begin    0x0000000010000000        0x0
                0x0000000010000000                __flash_binary_start = .

.boot2          0x0000000010000000      0x100
                0x0000000010000000                __boot2_start__ = .
 *(.boot2)
 .boot2         0x0000000010000000      0x100 pico-sdk/src/rp2040/boot_stage2/CMakeFiles/bs2_default_library.dir/bs2_default_padded_checksummed.S.o
                0x0000000010000100                __boot2_end__ = .
                0x0000000000000001                ASSERT (((__boot2_end__ - __boot2_start__) == 0x100), ERROR: Pico second stage bootloader must be 256 bytes in size)

.text           0x0000000010000100     0xf9ac
                0x0000000010000100                __logical_binary_start = .
 *(.vectors)
 .vectors       0x0000000010000100       0xd4 CMakeFiles/DeckOS.dir/home/indresh/embedded/pico-sdk/src/rp2_common/pico_crt0/crt0.S.o
                0x0000000010000100                __vectors
                0x0000000010000100                __VECTOR_TABLE
                0x00000000100001c0                isr_irq30
                0x00000000100001c0                __unhandled_user_irq
                0x00000000100001c0                isr_irq13
                0x00000000100001c0                isr_irq27
                0x00000000100001c0                isr_irq31
                0x00000000100001c0                isr_irq5
                0x00000000100001c0                isr_irq11
                0x00000000100001c0                isr_irq23
                0x00000000100001c0                isr_irq18
                0x00000000100001c0                isr_irq28
                0x00000000100001c0                isr_irq19
                0x00000000100001c0                isr_irq0
                0x00000000100001c0                isr_irq6
                0x00000000100001c0                isr_irq22
                0x00000000100001c0                isr_irq17
                0x00000000100001c0                isr_irq14
                0x00000000100001c0                __vectors_end
                0x00000000100001c0                __default_isrs_start
                0x00000000100001c0                isr_irq2
                0x00000000100001c0                isr_irq10
                0x00000000100001c0                isr_irq8
                0x00000000100001c0                isr_irq24
                0x00000000100001c0                isr_irq1
                0x00000000100001c0                isr_irq7
                0x00000000100001c0                isr_irq21
                0x00000000100001c0                isr_irq20
                0x00000000100001c0                isr_irq15
                0x00000000100001c0                isr_irq25
                0x00000000100001c0                isr_irq4
                0x00000000100001c0                isr_irq16
                0x00000000100001c0                isr_irq29
                0x00000000100001c0                isr_irq26
                0x00000000100001c0                isr_irq3
                0x00000000100001c0                isr_irq12
                0x00000000100001c0                isr_irq9
                0x00000000100001c6                unhandled_user_irq_num_in_r0
                0x00000000100001c8                isr_invalid
                0x00000000100001ca                isr_nmi
                0x00000000100001cc                isr_hardfault
                0x00000000100001ce                isr_svcall
                0x00000000100001d0                isr_pendsv
                0x00000000100001d2                isr_systick
                0x00000000100001d4                __default_isrs_end
 *(.binary_info_header)
 .binary_info_header
                0x00000000100001d4       0x14 CMakeFiles/DeckOS.dir/home/indresh/embedded/pico-sdk/src/rp2_common/pico_crt0/crt0.S.o
                0x00000000100001e8                __binary_info_header_end = .
 *(.embedded_block)
                0x00000000100001e8                __embedded_block_end = .
 *(.reset)
 .reset         0x00000000100001e8       0x9c CMakeFiles/DeckOS.dir/home/indresh/embedded/pico-sdk/src/rp2_common/pico_crt0/crt0.S.o
                0x00000000100001e8                _entry_point
 *(.init)
 .init          0x0000000010000284        0x4 /usr/lib/gcc/arm-none-eabi/10.3.1/thumb/v6-m/nofp/crti.o
                0x0000000010000284                _init
 *(EXCLUDE_FILE(*libm.a: *libc.a:*lib_a-mem*.o *libgcc.a:) .text*)
 .text          0x0000000010000288       0x98 /usr/lib/gcc/arm-none-eabi/10.3.1/thumb/v6-m/nofp/crtbegin.o
 .text.startup.main
                0x0000000010000320        0xc CMakeFiles/DeckOS.dir/main.c.o
                0x0000000010000320                main
 .text.task_heartbeat
                0x000000001000032c       0x2c CMakeFiles/DeckOS.dir/kernel/kernel.c.o
 .text.core1_restart
                0x0000000010000358       0x2c CMakeFiles/DeckOS.dir/kernel/kernel.c.o
                0x0000000010000358                core1_restart
 .text.kernel_init
                0x0000000010000384       0x8c CMakeFiles/DeckOS.dir/kernel/kernel.c.o
                0x0000000010000384                kernel_init
 .text.kernel_run
                0x0000000010000410        0x8 CMakeFiles/DeckOS.dir/kernel/kernel.c.o
                0x0000000010000410                kernel_run
 .text.bootloader_run
                0x0000000010000418      0x154 CMakeFiles/DeckOS.dir/kernel/bootloader.c.o
                0x0000000010000418                bootloader_run
 .text.config_defaults
                0x000000001000056c       0xc0 CMakeFiles/DeckOS.dir/kernel/config.c.o
                0x000000001000056c                config_defaults
 .text.config_load
                0x000000001000062c      0x21c CMakeFiles/DeckOS.dir/kernel/config.c.o
                0x000000001000062c                config_load
 .text.config_save
                0x0000000010000848      0x10c CMakeFiles/DeckOS.dir/kernel/config.c.o
                0x0000000010000848                config_save
 .text.config_print
                0x0000000010000954       0xb8 CMakeFiles/DeckOS.dir/kernel/config.c.o
                0x0000000010000954                config_print
 .text.core1_entry
                0x0000000010000a0c      0x12c CMakeFiles/DeckOS.dir/kernel/scheduler.c.o
 .text.sched_init
                0x0000000010000b38       0x44 CMakeFiles/DeckOS.dir/kernel/scheduler.c.o
                0x0000000010000b38                sched_init
 .text.sched_register
                0x0000000010000b7c       0x7c CMakeFiles/DeckOS.dir/kernel/scheduler.c.o
                0x0000000010000b7c                sched_register
 .text.sched_enable
                0x0000000010000bf8       0x48 CMakeFiles/DeckOS.dir/kernel/scheduler.c.o
                0x0000000010000bf8                sched_enable
 .text.sched_list
                0x0000000010000c40      0x128 CMakeFiles/DeckOS.dir/kernel/scheduler.c.o
                0x0000000010000c40                sched_list
 .text.sched_snapshot
                0x0000000010000d68       0x58 CMakeFiles/DeckOS.dir/kernel/scheduler.c.o
                0x0000000010000d68                sched_snapshot
 .text.sched_core1_total_us
                0x0000000010000dc0        0xc CMakeFiles/DeckOS.dir/kernel/scheduler.c.o
                0x0000000010000dc0                sched_core1_total_us
 .text.syslog_init
                0x0000000010000dcc       0xd8 CMakeFiles/DeckOS.dir/kernel/syslog.c.o
                0x0000000010000dcc                syslog_init
 .text.syslog_write
                0x0000000010000ea4       0xd4 CMakeFiles/DeckOS.dir/kernel/syslog.c.o
                0x0000000010000ea4                syslog_write
 .text.syslog_dump
                0x0000000010000f78      0x10c CMakeFiles/DeckOS.dir/kernel/syslog.c.o
                0x0000000010000f78                syslog_dump
 .text.syslog_clear
                0x0000000010001084       0x38 CMakeFiles/DeckOS.dir/kernel/syslog.c.o
                0x0000000010001084                syslog_clear
 .text.syslog_total
                0x00000000100010bc        0xc CMakeFiles/DeckOS.dir/kernel/syslog.c.o
                0x00000000100010bc                syslog_total
 .text.gpio_irq_cb
                0x00000000100010c8       0xd0 CMakeFiles/DeckOS.dir/kernel/gpio_mon.c.o
 .text.gpio_mon_stop
                0x0000000010001198       0x50 CMakeFiles/DeckOS.dir/kernel/gpio_mon.c.o
                0x0000000010001198                gpio_mon_stop
 .text.gpio_mon_dump
                0x00000000100011e8       0xe8 CMakeFiles/DeckOS.dir/kernel/gpio_mon.c.o
                0x00000000100011e8                gpio_mon_dump
 .text.gpio_mon_watch
                0x00000000100012d0      0x204 CMakeFiles/DeckOS.dir/kernel/gpio_mon.c.o
                0x00000000100012d0                gpio_mon_watch
 .text.morse_send
                0x00000000100014d4      0x200 CMakeFiles/DeckOS.dir/kernel/morse.c.o
                0x00000000100014d4                morse_send
 .text.tone_note_to_hz
                0x00000000100016d4      0x294 CMakeFiles/DeckOS.dir/kernel/tone.c.o
                0x00000000100016d4                tone_note_to_hz
 .text.tone_play
                0x0000000010001968      0x244 CMakeFiles/DeckOS.dir/kernel/tone.c.o
                0x0000000010001968                tone_play
 .text.tone_melody
                0x0000000010001bac      0x368 CMakeFiles/DeckOS.dir/kernel/tone.c.o
                0x0000000010001bac                tone_melody
 .text.shell_init
                0x0000000010001f14       0x28 CMakeFiles/DeckOS.dir/shell/shell.c.o
                0x0000000010001f14                shell_init
 .text.shell_run
                0x0000000010001f3c      0x2a4 CMakeFiles/DeckOS.dir/shell/shell.c.o
                0x0000000010001f3c                shell_run
 .text.cmd_temp
                0x00000000100021e0       0xb0 CMakeFiles/DeckOS.dir/commands/commands.c.o
 .text.cmd_clear
                0x0000000010002290       0x10 CMakeFiles/DeckOS.dir/commands/commands.c.o
 .text.cmd_memmap
                0x00000000100022a0      0x160 CMakeFiles/DeckOS.dir/commands/commands.c.o
 .text.cmd_mem  0x0000000010002400       0x34 CMakeFiles/DeckOS.dir/commands/commands.c.o
 .text.cmd_version
                0x0000000010002434       0x24 CMakeFiles/DeckOS.dir/commands/commands.c.o
 .text.cmd_avg  0x0000000010002458      0x17c CMakeFiles/DeckOS.dir/commands/commands.c.o
 .text.cmd_adc  0x00000000100025d4       0x90 CMakeFiles/DeckOS.dir/commands/commands.c.o
 .text.cmd_syslog
                0x0000000010002664      0x114 CMakeFiles/DeckOS.dir/commands/commands.c.o
 .text.cmd_config
                0x0000000010002778      0x148 CMakeFiles/DeckOS.dir/commands/commands.c.o
 .text.cmd_drivers
                0x00000000100028c0        0x8 CMakeFiles/DeckOS.dir/commands/commands.c.o
 .text.cmd_pin  0x00000000100028c8       0x74 CMakeFiles/DeckOS.dir/commands/commands.c.o
 .text.cmd_wdog
                0x000000001000293c       0x38 CMakeFiles/DeckOS.dir/commands/commands.c.o
 .text.cmd_uid  0x0000000010002974       0x38 CMakeFiles/DeckOS.dir/commands/commands.c.o
 .text.cmd_sysinfo
                0x00000000100029ac      0x150 CMakeFiles/DeckOS.dir/commands/commands.c.o
 .text.cmd_echo
                0x0000000010002afc       0x68 CMakeFiles/DeckOS.dir/commands/commands.c.o
 .text.cmd_sleep
                0x0000000010002b64       0x48 CMakeFiles/DeckOS.dir/commands/commands.c.o
 .text.cmd_led  0x0000000010002bac      0x13c CMakeFiles/DeckOS.dir/commands/commands.c.o
 .text.cmd_dfu  0x0000000010002ce8       0x1c CMakeFiles/DeckOS.dir/commands/commands.c.o
 .text.cmd_reboot
                0x0000000010002d04       0x20 CMakeFiles/DeckOS.dir/commands/commands.c.o
 .text.cmd_bench
                0x0000000010002d24       0xc4 CMakeFiles/DeckOS.dir/commands/commands.c.o
 .text.cmd_piano
                0x0000000010002de8      0x27c CMakeFiles/DeckOS.dir/commands/commands.c.o
 .text.cmd_morse
                0x0000000010003064       0xc8 CMakeFiles/DeckOS.dir/commands/commands.c.o
 .text.cmd_melody
                0x000000001000312c      0x114 CMakeFiles/DeckOS.dir/commands/commands.c.o
 .text.cmd_servo
                0x0000000010003240      0x2a0 CMakeFiles/DeckOS.dir/commands/commands.c.o
 .text.cmd_la   0x00000000100034e0      0x430 CMakeFiles/DeckOS.dir/commands/commands.c.o
 .text.cmd_detect
                0x0000000010003910        0x8 CMakeFiles/DeckOS.dir/commands/commands.c.o
 .text.cmd_pinout
                0x0000000010003918      0x27c CMakeFiles/DeckOS.dir/commands/commands.c.o
 .text.cmd_spi  0x0000000010003b94      0x274 CMakeFiles/DeckOS.dir/commands/commands.c.o
 .text.cmd_stats
                0x0000000010003e08      0x14c CMakeFiles/DeckOS.dir/commands/commands.c.o
 .text.cmd_gpio
                0x0000000010003f54      0x1dc CMakeFiles/DeckOS.dir/commands/commands.c.o
 .text.cmd_free
                0x0000000010004130        0x8 CMakeFiles/DeckOS.dir/commands/commands.c.o
 .text.cmd_tasks
                0x0000000010004138       0x70 CMakeFiles/DeckOS.dir/commands/commands.c.o
 .text.cmd_pull
                0x00000000100041a8       0xbc CMakeFiles/DeckOS.dir/commands/commands.c.o
 .text.cmd_tone
                0x0000000010004264       0xb0 CMakeFiles/DeckOS.dir/commands/commands.c.o
 .text.cmd_flash
                0x0000000010004314      0x210 CMakeFiles/DeckOS.dir/commands/commands.c.o
 .text.cmd_uart
                0x0000000010004524       0xe0 CMakeFiles/DeckOS.dir/commands/commands.c.o
 .text.cmd_pwm  0x0000000010004604       0xc0 CMakeFiles/DeckOS.dir/commands/commands.c.o
 .text.cmd_clock
                0x00000000100046c4       0x78 CMakeFiles/DeckOS.dir/commands/commands.c.o
 .text.cmd_i2c  0x000000001000473c      0x2c0 CMakeFiles/DeckOS.dir/commands/commands.c.o
 .text.cmd_help
                0x00000000100049fc       0x30 CMakeFiles/DeckOS.dir/commands/commands.c.o
 .text.cmd_top  0x0000000010004a2c      0x244 CMakeFiles/DeckOS.dir/commands/commands.c.o
 .text.cmd_uptime
                0x0000000010004c70       0x60 CMakeFiles/DeckOS.dir/commands/commands.c.o
 .text.commands_init
                0x0000000010004cd0       0x20 CMakeFiles/DeckOS.dir/commands/commands.c.o
                0x0000000010004cd0                commands_init
 .text.commands_execute
                0x0000000010004cf0      0x100 CMakeFiles/DeckOS.dir/commands/commands.c.o
                0x0000000010004cf0                commands_execute
 .text.cmd_cron
                0x0000000010004df0       0xd0 CMakeFiles/DeckOS.dir/commands/commands.c.o
 .text.cmd_trigger.part.0
                0x0000000010004ec0      0x224 CMakeFiles/DeckOS.dir/commands/commands.c.o
 .text.cmd_trigger
                0x00000000100050e4       0x24 CMakeFiles/DeckOS.dir/commands/commands.c.o
 .text.cmd_watch
                0x0000000010005108      0x120 CMakeFiles/DeckOS.dir/commands/commands.c.o
 .text.cmd_repeat
                0x0000000010005228       0xc0 CMakeFiles/DeckOS.dir/commands/commands.c.o
 .text.bench_run
                0x00000000100052e8       0xd0 CMakeFiles/DeckOS.dir/system/bench.c.o
                0x00000000100052e8                bench_run
 .text.bench_print
                0x00000000100053b8       0x84 CMakeFiles/DeckOS.dir/system/bench.c.o
                0x00000000100053b8                bench_print
 .text.device_detect_all
                0x000000001000543c      0x290 CMakeFiles/DeckOS.dir/system/device_detect.c.o
                0x000000001000543c                device_detect_all
 .text.device_detect_print
                0x00000000100056cc      0x134 CMakeFiles/DeckOS.dir/system/device_detect.c.o
                0x00000000100056cc                device_detect_print
 .text.heap_track_init
                0x0000000010005800       0x40 CMakeFiles/DeckOS.dir/system/heap_track.c.o
                0x0000000010005800                heap_track_init
 .text.heap_track_print
                0x0000000010005840      0x124 CMakeFiles/DeckOS.dir/system/heap_track.c.o
                0x0000000010005840                heap_track_print
 .text.servo_write_angle
                0x0000000010005964       0xd4 CMakeFiles/DeckOS.dir/hardware/servo.c.o
                0x0000000010005964                servo_write_angle
 .text.servo_sweep_blocking
                0x0000000010005a38      0x368 CMakeFiles/DeckOS.dir/hardware/servo.c.o
                0x0000000010005a38                servo_sweep_blocking
 .text.servo_bg_add
                0x0000000010005da0       0xcc CMakeFiles/DeckOS.dir/hardware/servo.c.o
                0x0000000010005da0                servo_bg_add
 .text.servo_bg_find
                0x0000000010005e6c       0x58 CMakeFiles/DeckOS.dir/hardware/servo.c.o
                0x0000000010005e6c                servo_bg_find
 .text.servo_bg_set_sweep
                0x0000000010005ec4       0xac CMakeFiles/DeckOS.dir/hardware/servo.c.o
                0x0000000010005ec4                servo_bg_set_sweep
 .text.servo_bg_set_goto
                0x0000000010005f70       0x7c CMakeFiles/DeckOS.dir/hardware/servo.c.o
                0x0000000010005f70                servo_bg_set_goto
 .text.servo_bg_stop
                0x0000000010005fec       0x80 CMakeFiles/DeckOS.dir/hardware/servo.c.o
                0x0000000010005fec                servo_bg_stop
 .text.servo_bg_tick
                0x000000001000606c      0x298 CMakeFiles/DeckOS.dir/hardware/servo.c.o
                0x000000001000606c                servo_bg_tick
 .text.servo_bg_list
                0x0000000010006304       0x80 CMakeFiles/DeckOS.dir/hardware/servo.c.o
                0x0000000010006304                servo_bg_list
 .text.uart_passthrough
                0x0000000010006384      0x16c CMakeFiles/DeckOS.dir/communication/uart_pass.c.o
                0x0000000010006384                uart_passthrough
 .text.drv_gpio_init
                0x00000000100064f0        0x4 CMakeFiles/DeckOS.dir/drivers/drivers.c.o
 .text.drv_spi0_deinit
                0x00000000100064f4       0x10 CMakeFiles/DeckOS.dir/drivers/drivers.c.o
 .text.drv_i2c0_deinit
                0x0000000010006504       0x10 CMakeFiles/DeckOS.dir/drivers/drivers.c.o
 .text.drv_i2c0_init
                0x0000000010006514       0x3c CMakeFiles/DeckOS.dir/drivers/drivers.c.o
 .text.drv_adc_init
                0x0000000010006550       0x14 CMakeFiles/DeckOS.dir/drivers/drivers.c.o
 .text.drv_spi0_init
                0x0000000010006564        0x4 CMakeFiles/DeckOS.dir/drivers/drivers.c.o
 .text.drv_pwm_init
                0x0000000010006568        0x4 CMakeFiles/DeckOS.dir/drivers/drivers.c.o
 .text.drivers_init_all
                0x000000001000656c      0x138 CMakeFiles/DeckOS.dir/drivers/drivers.c.o
                0x000000001000656c                drivers_init_all
 .text.drivers_list
                0x00000000100066a4       0x74 CMakeFiles/DeckOS.dir/drivers/drivers.c.o
                0x00000000100066a4                drivers_list
 .text.spi_bus_init
                0x0000000010006718       0x5c CMakeFiles/DeckOS.dir/drivers/spi_bus.c.o
                0x0000000010006718                spi_bus_init
 .text.spi_bus_deinit
                0x0000000010006774        0x8 CMakeFiles/DeckOS.dir/drivers/spi_bus.c.o
                0x0000000010006774                spi_bus_deinit
 .text.spi_bus_transfer
                0x000000001000677c       0x6c CMakeFiles/DeckOS.dir/drivers/spi_bus.c.o
                0x000000001000677c                spi_bus_transfer
 .text.gpio_default_irq_handler
                0x00000000100067e8      0x270 CMakeFiles/DeckOS.dir/home/indresh/embedded/pico-sdk/src/rp2_common/hardware_gpio/gpio.c.o
 .text.gpio_set_function
                0x0000000010006a58       0x34 CMakeFiles/DeckOS.dir/home/indresh/embedded/pico-sdk/src/rp2_common/hardware_gpio/gpio.c.o
                0x0000000010006a58                gpio_set_function
 .text.gpio_get_function
                0x0000000010006a8c       0x14 CMakeFiles/DeckOS.dir/home/indresh/embedded/pico-sdk/src/rp2_common/hardware_gpio/gpio.c.o
                0x0000000010006a8c                gpio_get_function
 .text.gpio_set_pulls
                0x0000000010006aa0       0x34 CMakeFiles/DeckOS.dir/home/indresh/embedded/pico-sdk/src/rp2_common/hardware_gpio/gpio.c.o
                0x0000000010006aa0                gpio_set_pulls
 .text.gpio_set_irq_enabled
                0x0000000010006ad4       0x58 CMakeFiles/DeckOS.dir/home/indresh/embedded/pico-sdk/src/rp2_common/hardware_gpio/gpio.c.o
                0x0000000010006ad4                gpio_set_irq_enabled
 .text.gpio_set_irq_enabled_with_callback
                0x0000000010006b2c       0xd0 CMakeFiles/DeckOS.dir/home/indresh/embedded/pico-sdk/src/rp2_common/hardware_gpio/gpio.c.o
                0x0000000010006b2c                gpio_set_irq_enabled_with_callback
 .text.gpio_init
                0x0000000010006bfc       0x40 CMakeFiles/DeckOS.dir/home/indresh/embedded/pico-sdk/src/rp2_common/hardware_gpio/gpio.c.o
                0x0000000010006bfc                gpio_init
 .text.rp2040_chip_version
                0x0000000010006c3c        0xc CMakeFiles/DeckOS.dir/home/indresh/embedded/pico-sdk/src/rp2040/pico_platform/platform.c.o
                0x0000000010006c3c                rp2040_chip_version
 .text.panic    0x0000000010006c48       0x30 CMakeFiles/DeckOS.dir/home/indresh/embedded/pico-sdk/src/rp2_common/pico_platform_panic/panic.c.o
                0x0000000010006c48                panic
 .text.hw_claim_or_assert
                0x0000000010006c78       0x44 CMakeFiles/DeckOS.dir/home/indresh/embedded/pico-sdk/src/common/hardware_claim/claim.c.o
                0x0000000010006c78                hw_claim_or_assert
 .text.hw_claim_unused_from_range
                0x0000000010006cbc       0x9c CMakeFiles/DeckOS.dir/home/indresh/embedded/pico-sdk/src/common/hardware_claim/claim.c.o
                0x0000000010006cbc                hw_claim_unused_from_range
 .text.next_striped_spin_lock_num
                0x0000000010006d58       0x18 CMakeFiles/DeckOS.dir/home/indresh/embedded/pico-sdk/src/rp2_common/hardware_sync/sync.c.o
                0x0000000010006d58                next_striped_spin_lock_num
 .text.spin_lock_claim
                0x0000000010006d70       0x18 CMakeFiles/DeckOS.dir/home/indresh/embedded/pico-sdk/src/rp2_common/hardware_sync/sync.c.o
                0x0000000010006d70                spin_lock_claim
 .text.spin_lock_claim_unused
                0x0000000010006d88       0x20 CMakeFiles/DeckOS.dir/home/indresh/embedded/pico-sdk/src/rp2_common/hardware_sync/sync.c.o
                0x0000000010006d88                spin_lock_claim_unused
 .text.spin_locks_reset
                0x0000000010006da8       0x1c CMakeFiles/DeckOS.dir/home/indresh/embedded/pico-sdk/src/rp2_common/hardware_sync_spin_lock/sync_spin_lock.c.o
                0x0000000010006da8                spin_locks_reset
 .text.runtime_init_per_core_irq_priorities
                0x0000000010006dc4       0x24 CMakeFiles/DeckOS.dir/home/indresh/embedded/pico-sdk/src/rp2_common/hardware_irq/irq.c.o
                0x0000000010006dc4                runtime_init_per_core_irq_priorities
 .text.irq_set_enabled
                0x0000000010006de8       0x24 CMakeFiles/DeckOS.dir/home/indresh/embedded/pico-sdk/src/rp2_common/hardware_irq/irq.c.o
                0x0000000010006de8                irq_set_enabled
 .text.irq_is_enabled
                0x0000000010006e0c       0x18 CMakeFiles/DeckOS.dir/home/indresh/embedded/pico-sdk/src/rp2_common/hardware_irq/irq.c.o
                0x0000000010006e0c                irq_is_enabled
 .text.irq_set_pending
                0x0000000010006e24       0x10 CMakeFiles/DeckOS.dir/home/indresh/embedded/pico-sdk/src/rp2_common/hardware_irq/irq.c.o
                0x0000000010006e24                irq_set_pending
 .text.irq_has_shared_handler
                0x0000000010006e34       0x24 CMakeFiles/DeckOS.dir/home/indresh/embedded/pico-sdk/src/rp2_common/hardware_irq/irq.c.o
                0x0000000010006e34                irq_has_shared_handler
 .text.irq_set_exclusive_handler
                0x0000000010006e58       0x54 CMakeFiles/DeckOS.dir/home/indresh/embedded/pico-sdk/src/rp2_common/hardware_irq/irq.c.o
                0x0000000010006e58                irq_set_exclusive_handler
 .text.irq_add_shared_handler
                0x0000000010006eac      0x1e8 CMakeFiles/DeckOS.dir/home/indresh/embedded/pico-sdk/src/rp2_common/hardware_irq/irq.c.o
                0x0000000010006eac                irq_add_shared_handler
 .text.irq_remove_handler
                0x0000000010007094      0x1c4 CMakeFiles/DeckOS.dir/home/indresh/embedded/pico-sdk/src/rp2_common/hardware_irq/irq.c.o
                0x0000000010007094                irq_remove_handler
 .text.irq_add_tail_to_free_list
                0x0000000010007258       0xb4 CMakeFiles/DeckOS.dir/home/indresh/embedded/pico-sdk/src/rp2_common/hardware_irq/irq.c.o
                0x0000000010007258                irq_add_tail_to_free_list
 .text.user_irq_claim_unused
                0x000000001000730c       0x28 CMakeFiles/DeckOS.dir/home/indresh/embedded/pico-sdk/src/rp2_common/hardware_irq/irq.c.o
                0x000000001000730c                user_irq_claim_unused
 .text.lock_init
                0x0000000010007334       0x10 CMakeFiles/DeckOS.dir/home/indresh/embedded/pico-sdk/src/common/pico_sync/lock_core.c.o
                0x0000000010007334                lock_init
 .text.runtime_init_mutex
                0x0000000010007344       0x58 CMakeFiles/DeckOS.dir/home/indresh/embedded/pico-sdk/src/common/pico_sync/mutex.c.o
                0x0000000010007344                runtime_init_mutex
 .text.mutex_init
                0x000000001000739c       0x1c CMakeFiles/DeckOS.dir/home/indresh/embedded/pico-sdk/src/common/pico_sync/mutex.c.o
                0x000000001000739c                mutex_init
 .text.critical_section_init
                0x00000000100073b8       0x20 CMakeFiles/DeckOS.dir/home/indresh/embedded/pico-sdk/src/common/pico_sync/critical_section.c.o
                0x00000000100073b8                critical_section_init
 .text.critical_section_init_with_lock_num
                0x00000000100073d8       0x14 CMakeFiles/DeckOS.dir/home/indresh/embedded/pico-sdk/src/common/pico_sync/critical_section.c.o
                0x00000000100073d8                critical_section_init_with_lock_num
 .text.sleep_until_callback
                0x00000000100073ec       0x30 CMakeFiles/DeckOS.dir/home/indresh/embedded/pico-sdk/src/common/pico_time/time.c.o
 .text.alarm_pool_irq_handler
                0x000000001000741c      0x308 CMakeFiles/DeckOS.dir/home/indresh/embedded/pico-sdk/src/common/pico_time/time.c.o
 .text.runtime_init_default_alarm_pool
                0x0000000010007724       0xdc CMakeFiles/DeckOS.dir/home/indresh/embedded/pico-sdk/src/common/pico_time/time.c.o
                0x0000000010007724                runtime_init_default_alarm_pool
 .text.alarm_pool_get_default
                0x0000000010007800        0x8 CMakeFiles/DeckOS.dir/home/indresh/embedded/pico-sdk/src/common/pico_time/time.c.o
                0x0000000010007800                alarm_pool_get_default
 .text.alarm_pool_add_alarm_at
                0x0000000010007808       0xc8 CMakeFiles/DeckOS.dir/home/indresh/embedded/pico-sdk/src/common/pico_time/time.c.o
                0x0000000010007808                alarm_pool_add_alarm_at
 .text.alarm_pool_add_alarm_at_force_in_context
                0x00000000100078d0       0xb0 CMakeFiles/DeckOS.dir/home/indresh/embedded/pico-sdk/src/common/pico_time/time.c.o
                0x00000000100078d0                alarm_pool_add_alarm_at_force_in_context
 .text.alarm_pool_cancel_alarm
                0x0000000010007980       0x7c CMakeFiles/DeckOS.dir/home/indresh/embedded/pico-sdk/src/common/pico_time/time.c.o
                0x0000000010007980                alarm_pool_cancel_alarm
 .text.alarm_pool_core_num
                0x00000000100079fc        0x4 CMakeFiles/DeckOS.dir/home/indresh/embedded/pico-sdk/src/common/pico_time/time.c.o
                0x00000000100079fc                alarm_pool_core_num
 .text.sleep_until
                0x0000000010007a00       0xd0 CMakeFiles/DeckOS.dir/home/indresh/embedded/pico-sdk/src/common/pico_time/time.c.o
                0x0000000010007a00                sleep_until
 .text.sleep_us
                0x0000000010007ad0       0x24 CMakeFiles/DeckOS.dir/home/indresh/embedded/pico-sdk/src/common/pico_time/time.c.o
                0x0000000010007ad0                sleep_us
 .text.sleep_ms
                0x0000000010007af4       0x34 CMakeFiles/DeckOS.dir/home/indresh/embedded/pico-sdk/src/common/pico_time/time.c.o
                0x0000000010007af4                sleep_ms
 .text.best_effort_wfe_or_timeout
                0x0000000010007b28       0xfc CMakeFiles/DeckOS.dir/home/indresh/embedded/pico-sdk/src/common/pico_time/time.c.o
                0x0000000010007b28                best_effort_wfe_or_timeout
 .text.check_single_timeout_us
                0x0000000010007c24       0x28 CMakeFiles/DeckOS.dir/home/indresh/embedded/pico-sdk/src/common/pico_time/timeout_helper.c.o
 .text.init_single_timeout_until
                0x0000000010007c4c        0xc CMakeFiles/DeckOS.dir/home/indresh/embedded/pico-sdk/src/common/pico_time/timeout_helper.c.o
                0x0000000010007c4c                init_single_timeout_until
 .text.timer_hardware_alarm_claim
                0x0000000010007c58       0x14 CMakeFiles/DeckOS.dir/home/indresh/embedded/pico-sdk/src/rp2_common/hardware_timer/timer.c.o
                0x0000000010007c58                timer_hardware_alarm_claim
 .text.timer_time_us_64
                0x0000000010007c6c       0x10 CMakeFiles/DeckOS.dir/home/indresh/embedded/pico-sdk/src/rp2_common/hardware_timer/timer.c.o
                0x0000000010007c6c                timer_time_us_64
 .text.time_us_64
                0x0000000010007c7c       0x14 CMakeFiles/DeckOS.dir/home/indresh/embedded/pico-sdk/src/rp2_common/hardware_timer/timer.c.o
                0x0000000010007c7c                time_us_64
 .text.busy_wait_us
                0x0000000010007c90       0x54 CMakeFiles/DeckOS.dir/home/indresh/embedded/pico-sdk/src/rp2_common/hardware_timer/timer.c.o
                0x0000000010007c90                busy_wait_us
 .text.busy_wait_until
                0x0000000010007ce4       0x20 CMakeFiles/DeckOS.dir/home/indresh/embedded/pico-sdk/src/rp2_common/hardware_timer/timer.c.o
                0x0000000010007ce4                busy_wait_until
 .text.uart_init
                0x0000000010007d04      0x11c CMakeFiles/DeckOS.dir/home/indresh/embedded/pico-sdk/src/rp2_common/hardware_uart/uart.c.o
                0x0000000010007d04                uart_init
 .text.uart_deinit
                0x0000000010007e20       0x24 CMakeFiles/DeckOS.dir/home/indresh/embedded/pico-sdk/src/rp2_common/hardware_uart/uart.c.o
                0x0000000010007e20                uart_deinit
 .text.uart_set_format
                0x0000000010007e44       0x78 CMakeFiles/DeckOS.dir/home/indresh/embedded/pico-sdk/src/rp2_common/hardware_uart/uart.c.o
                0x0000000010007e44                uart_set_format
 .text.uart_set_fifo_enabled
                0x0000000010007ebc       0x60 CMakeFiles/DeckOS.dir/home/indresh/embedded/pico-sdk/src/rp2_common/hardware_uart/uart.c.o
                0x0000000010007ebc                uart_set_fifo_enabled
 .text.clock_configure_int_divider
                0x0000000010007f1c       0xf4 CMakeFiles/DeckOS.dir/home/indresh/embedded/pico-sdk/src/rp2_common/hardware_clocks/clocks.c.o
                0x0000000010007f1c                clock_configure_int_divider
 .text.clock_configure_undivided
                0x0000000010008010       0xe8 CMakeFiles/DeckOS.dir/home/indresh/embedded/pico-sdk/src/rp2_common/hardware_clocks/clocks.c.o
                0x0000000010008010                clock_configure_undivided
 .text.clock_get_hz
                0x00000000100080f8        0xc CMakeFiles/DeckOS.dir/home/indresh/embedded/pico-sdk/src/rp2_common/hardware_clocks/clocks.c.o
                0x00000000100080f8                clock_get_hz
 .text.set_sys_clock_pll
                0x0000000010008104      0x1c0 CMakeFiles/DeckOS.dir/home/indresh/embedded/pico-sdk/src/rp2_common/hardware_clocks/clocks.c.o
                0x0000000010008104                set_sys_clock_pll
 .text.check_sys_clock_khz
                0x00000000100082c4      0x17c CMakeFiles/DeckOS.dir/home/indresh/embedded/pico-sdk/src/rp2_common/hardware_clocks/clocks.c.o
                0x00000000100082c4                check_sys_clock_khz
 .text.pll_init
                0x0000000010008440       0xa0 CMakeFiles/DeckOS.dir/home/indresh/embedded/pico-sdk/src/rp2_common/hardware_pll/pll.c.o
                0x0000000010008440                pll_init
 .text.watchdog_enable
                0x00000000100084e0       0x84 CMakeFiles/DeckOS.dir/home/indresh/embedded/pico-sdk/src/rp2_common/hardware_watchdog/watchdog.c.o
                0x00000000100084e0                watchdog_enable
 .text.watchdog_reboot
                0x0000000010008564       0x98 CMakeFiles/DeckOS.dir/home/indresh/embedded/pico-sdk/src/rp2_common/hardware_watchdog/watchdog.c.o
                0x0000000010008564                watchdog_reboot
 .text.watchdog_caused_reboot
                0x00000000100085fc       0x10 CMakeFiles/DeckOS.dir/home/indresh/embedded/pico-sdk/src/rp2_common/hardware_watchdog/watchdog.c.o
                0x00000000100085fc                watchdog_caused_reboot
 .text.tick_start
                0x000000001000860c       0x10 CMakeFiles/DeckOS.dir/home/indresh/embedded/pico-sdk/src/rp2_common/hardware_ticks/ticks.c.o
                0x000000001000860c                tick_start
 .text.rom_func_lookup
                0x000000001000861c       0x10 CMakeFiles/DeckOS.dir/home/indresh/embedded/pico-sdk/src/rp2_common/pico_bootrom/bootrom.c.o
                0x000000001000861c                rom_func_lookup
 .text.rom_data_lookup
                0x000000001000862c       0x10 CMakeFiles/DeckOS.dir/home/indresh/embedded/pico-sdk/src/rp2_common/pico_bootrom/bootrom.c.o
                0x000000001000862c                rom_data_lookup
 .text.rom_funcs_lookup
                0x000000001000863c       0x44 CMakeFiles/DeckOS.dir/home/indresh/embedded/pico-sdk/src/rp2_common/pico_bootrom/bootrom.c.o
                0x000000001000863c                rom_funcs_lookup
 .text.rom_reset_usb_boot
                0x0000000010008680       0x20 CMakeFiles/DeckOS.dir/home/indresh/embedded/pico-sdk/src/rp2_common/pico_bootrom/bootrom.c.o
                0x0000000010008680                rom_reset_usb_boot
 .text.rom_reset_usb_boot_extra
                0x00000000100086a0       0x28 CMakeFiles/DeckOS.dir/home/indresh/embedded/pico-sdk/src/rp2_common/pico_bootrom/bootrom.c.o
                0x00000000100086a0                rom_reset_usb_boot_extra
 .text.xosc_init
                0x00000000100086c8       0x28 CMakeFiles/DeckOS.dir/home/indresh/embedded/pico-sdk/src/rp2_common/hardware_xosc/xosc.c.o
                0x00000000100086c8                xosc_init
 .text.first_per_core_initializer
                0x00000000100086f0        0x4 CMakeFiles/DeckOS.dir/home/indresh/embedded/pico-sdk/src/rp2_common/pico_runtime/runtime.c.o
 .text.hard_assertion_failure
                0x00000000100086f4        0xc CMakeFiles/DeckOS.dir/home/indresh/embedded/pico-sdk/src/rp2_common/pico_runtime/runtime.c.o
                0x00000000100086f4                hard_assertion_failure
 .text.runtime_run_initializers
                0x0000000010008700       0x28 CMakeFiles/DeckOS.dir/home/indresh/embedded/pico-sdk/src/rp2_common/pico_runtime/runtime.c.o
                0x0000000010008700                runtime_run_initializers
 .text.runtime_run_per_core_initializers
                0x0000000010008728       0x28 CMakeFiles/DeckOS.dir/home/indresh/embedded/pico-sdk/src/rp2_common/pico_runtime/runtime.c.o
                0x0000000010008728                runtime_run_per_core_initializers
 .text.runtime_init_early_resets
                0x0000000010008750       0x2c CMakeFiles/DeckOS.dir/home/indresh/embedded/pico-sdk/src/rp2_common/pico_runtime_init/runtime_init.c.o
                0x0000000010008750                runtime_init_early_resets
 .text.runtime_init_usb_power_down
                0x000000001000877c       0x1c CMakeFiles/DeckOS.dir/home/indresh/embedded/pico-sdk/src/rp2_common/pico_runtime_init/runtime_init.c.o
                0x000000001000877c                runtime_init_usb_power_down
 .text.runtime_init_post_clock_resets
                0x0000000010008798       0x20 CMakeFiles/DeckOS.dir/home/indresh/embedded/pico-sdk/src/rp2_common/pico_runtime_init/runtime_init.c.o
                0x0000000010008798                runtime_init_post_clock_resets
 .text.runtime_init_rp2040_gpio_ie_disable
                0x00000000100087b8       0x14 CMakeFiles/DeckOS.dir/home/indresh/embedded/pico-sdk/src/rp2_common/pico_runtime_init/runtime_init.c.o
                0x00000000100087b8                runtime_init_rp2040_gpio_ie_disable
 .text.runtime_init_spin_locks_reset
                0x00000000100087cc        0x8 CMakeFiles/DeckOS.dir/home/indresh/embedded/pico-sdk/src/rp2_common/pico_runtime_init/runtime_init.c.o
                0x00000000100087cc                runtime_init_spin_locks_reset
 .text.runtime_init_install_ram_vector_table
                0x00000000100087d4       0xcc CMakeFiles/DeckOS.dir/home/indresh/embedded/pico-sdk/src/rp2_common/pico_runtime_init/runtime_init.c.o
                0x00000000100087d4                runtime_init_install_ram_vector_table
 .text.runtime_init_clocks
                0x00000000100088a0       0xd8 CMakeFiles/DeckOS.dir/home/indresh/embedded/pico-sdk/src/rp2_common/pico_runtime_init/runtime_init_clocks.c.o
                0x00000000100088a0                runtime_init_clocks
 .text          0x0000000010008978       0x10 CMakeFiles/DeckOS.dir/home/indresh/embedded/pico-sdk/src/rp2_common/pico_bit_ops/bit_ops_aeabi.S.o
 .text.__wrap___aeabi_idiv
                0x0000000010008988       0x50 CMakeFiles/DeckOS.dir/home/indresh/embedded/pico-sdk/src/rp2_common/pico_divider/divider_hardware.S.o
                0x0000000010008988                __wrap___aeabi_idivmod
                0x0000000010008988                divmod_s32s32
                0x0000000010008988                div_s32s32
                0x0000000010008988                __wrap___aeabi_idiv
                0x0000000010008990                divmod_s32s32_unsafe
                0x00000000100089bc                divmod_s32s32_savestate
 .text.__wrap___aeabi_uidiv
                0x00000000100089d8       0x4c CMakeFiles/DeckOS.dir/home/indresh/embedded/pico-sdk/src/rp2_common/pico_divider/divider_hardware.S.o
                0x00000000100089d8                __wrap___aeabi_uidiv
                0x00000000100089d8                __wrap___aeabi_uidivmod
                0x00000000100089d8                div_u32u32
                0x00000000100089d8                divmod_u32u32
                0x00000000100089e0                divmod_u32u32_unsafe
                0x0000000010008a08                divmod_u32u32_savestate
 .text.__wrap___aeabi_ldiv
                0x0000000010008a24      0x424 CMakeFiles/DeckOS.dir/home/indresh/embedded/pico-sdk/src/rp2_common/pico_divider/divider_hardware.S.o
                0x0000000010008a24                div_s64s64
                0x0000000010008a24                divmod_s64s64
                0x0000000010008a24                __wrap___aeabi_ldivmod
                0x0000000010008a54                div_u64u64
                0x0000000010008a54                divmod_u64u64
                0x0000000010008a54                __wrap___aeabi_uldivmod
                0x0000000010008a64                divmod_u64u64_savestate
                0x0000000010008a84                divmod_s64s64_unsafe
                0x0000000010008b0c                divmod_u64u64_unsafe
 .text.__wrap___aeabi_darithmetic
                0x0000000010008e48       0x80 CMakeFiles/DeckOS.dir/home/indresh/embedded/pico-sdk/src/rp2_common/pico_double/double_aeabi_rp2040.S.o
                0x0000000010008e48                __wrap___aeabi_drsub
                0x0000000010008e4e                __wrap___aeabi_dsub
                0x0000000010008e60                __wrap___aeabi_dadd
                0x0000000010008e72                __wrap___aeabi_ddiv
                0x0000000010008eae                __wrap___aeabi_dmul
 .text.__wrap___aeabi_cdcmple
                0x0000000010008ec8       0x6c CMakeFiles/DeckOS.dir/home/indresh/embedded/pico-sdk/src/rp2_common/pico_double/double_aeabi_rp2040.S.o
                0x0000000010008ec8                __wrap___aeabi_cdrcmple
                0x0000000010008ed8                __wrap___aeabi_cdcmple
                0x0000000010008ed8                __wrap___aeabi_cdcmpeq
 .text.__wrap___aeabi_dcmplt
                0x0000000010008f34        0xc CMakeFiles/DeckOS.dir/home/indresh/embedded/pico-sdk/src/rp2_common/pico_double/double_aeabi_rp2040.S.o
                0x0000000010008f34                __wrap___aeabi_dcmplt
 .text.__wrap___aeabi_dcmple
                0x0000000010008f40       0x10 CMakeFiles/DeckOS.dir/home/indresh/embedded/pico-sdk/src/rp2_common/pico_double/double_aeabi_rp2040.S.o
                0x0000000010008f40                __wrap___aeabi_dcmple
 .text.__wrap___aeabi_dcmpge
                0x0000000010008f50       0x10 CMakeFiles/DeckOS.dir/home/indresh/embedded/pico-sdk/src/rp2_common/pico_double/double_aeabi_rp2040.S.o
                0x0000000010008f50                __wrap___aeabi_dcmpge
 .text.__wrap___aeabi_dcmpgt
                0x0000000010008f60        0xa CMakeFiles/DeckOS.dir/home/indresh/embedded/pico-sdk/src/rp2_common/pico_double/double_aeabi_rp2040.S.o
                0x0000000010008f60                __wrap___aeabi_dcmpgt
 .text.__wrap___aeabi_dcmpun
                0x0000000010008f6a       0x18 CMakeFiles/DeckOS.dir/home/indresh/embedded/pico-sdk/src/rp2_common/pico_double/double_aeabi_rp2040.S.o
                0x0000000010008f6a                __wrap___aeabi_dcmpun
 *fill*         0x0000000010008f82        0x2 
 .text.__wrap___aeabi_i2d
                0x0000000010008f84       0x38 CMakeFiles/DeckOS.dir/home/indresh/embedded/pico-sdk/src/rp2_common/pico_double/double_aeabi_rp2040.S.o
                0x0000000010008f84                __wrap___aeabi_ui2d
                0x0000000010008f84                uint2double
                0x0000000010008f8c                __wrap___aeabi_i2d
                0x0000000010008f8c                int2double
 .text.__wrap___aeabi_d2iz
                0x0000000010008fbc       0x48 CMakeFiles/DeckOS.dir/home/indresh/embedded/pico-sdk/src/rp2_common/pico_double/double_aeabi_rp2040.S.o
                0x0000000010008fbc                __wrap___aeabi_d2iz
                0x0000000010008fbc                double2int_z
 .text.__wrap___aeabi_d2uiz
                0x0000000010009004       0x18 CMakeFiles/DeckOS.dir/home/indresh/embedded/pico-sdk/src/rp2_common/pico_double/double_aeabi_rp2040.S.o
                0x0000000010009004                double2uint_z
                0x0000000010009004                double2uint
                0x0000000010009004                __wrap___aeabi_d2uiz
 .text.__aeabi_double_init
                0x000000001000901c       0xa0 CMakeFiles/DeckOS.dir/home/indresh/embedded/pico-sdk/src/rp2_common/pico_double/double_init_rom_rp2040.c.o
                0x000000001000901c                __aeabi_double_init
 .text.double_table_shim_on_use_helper
                0x00000000100090bc       0x2c CMakeFiles/DeckOS.dir/home/indresh/embedded/pico-sdk/src/rp2_common/pico_double/double_v1_rom_shim_rp2040.S.o
                0x00000000100090bc                double_table_shim_on_use_helper
 .text.__wrap___aeabi_dsub
                0x00000000100090e8       0x10 CMakeFiles/DeckOS.dir/home/indresh/embedded/pico-sdk/src/rp2_common/pico_double/double_v1_rom_shim_rp2040.S.o
                0x00000000100090e8                drsub_shim
                0x00000000100090ee                dsub_shim
 .text.dadd_shim
                0x00000000100090f8      0x15c CMakeFiles/DeckOS.dir/home/indresh/embedded/pico-sdk/src/rp2_common/pico_double/double_v1_rom_shim_rp2040.S.o
                0x00000000100090f8                dadd_shim
 .text.dmul_shim
                0x0000000010009254      0x15c CMakeFiles/DeckOS.dir/home/indresh/embedded/pico-sdk/src/rp2_common/pico_double/double_v1_rom_shim_rp2040.S.o
                0x0000000010009254                dmul_shim
 .text.ddiv_shim
                0x00000000100093b0      0x1b0 CMakeFiles/DeckOS.dir/home/indresh/embedded/pico-sdk/src/rp2_common/pico_double/double_v1_rom_shim_rp2040.S.o
                0x00000000100093b0                ddiv_shim
 .text.double2uint_shim
                0x0000000010009560        0xe CMakeFiles/DeckOS.dir/home/indresh/embedded/pico-sdk/src/rp2_common/pico_double/double_v1_rom_shim_rp2040.S.o
                0x0000000010009560                double2uint_shim
                0x0000000010009562                double2ufix_shim
 *fill*         0x000000001000956e        0x2 
 .text.double2uint64_shim
                0x0000000010009570       0x70 CMakeFiles/DeckOS.dir/home/indresh/embedded/pico-sdk/src/rp2_common/pico_double/double_v1_rom_shim_rp2040.S.o
                0x0000000010009570                double2uint64_shim
                0x0000000010009572                double2ufix64_shim
                0x0000000010009592                d2fix_a
 .text.dunpacks
                0x00000000100095e0       0x3c CMakeFiles/DeckOS.dir/home/indresh/embedded/pico-sdk/src/rp2_common/pico_double/double_v1_rom_shim_rp2040.S.o
                0x00000000100095e0                dunpacks
 .text.__aeabi_lmul
                0x000000001000961c       0x32 CMakeFiles/DeckOS.dir/home/indresh/embedded/pico-sdk/src/rp2_common/pico_int64_ops/pico_int64_ops_aeabi.S.o
                0x000000001000961c                __wrap___aeabi_lmul
 *fill*         0x000000001000964e        0x2 
 .text.__wrap___aeabi_farithmetic
                0x0000000010009650       0x48 CMakeFiles/DeckOS.dir/home/indresh/embedded/pico-sdk/src/rp2_common/pico_float/float_aeabi_rp2040.S.o
                0x0000000010009650                __wrap___aeabi_frsub
                0x0000000010009656                __wrap___aeabi_fsub
                0x000000001000965c                __wrap___aeabi_fadd
                0x0000000010009662                __wrap___aeabi_fdiv
                0x000000001000968a                __wrap___aeabi_fmul
 .text.__wrap___aeabi_cfcmple
                0x0000000010009698       0x50 CMakeFiles/DeckOS.dir/home/indresh/embedded/pico-sdk/src/rp2_common/pico_float/float_aeabi_rp2040.S.o
                0x0000000010009698                __wrap___aeabi_cfrcmple
                0x00000000100096a4                __wrap___aeabi_cfcmpeq
                0x00000000100096a4                __wrap___aeabi_cfcmple
 .text.__wrap___aeabi_fcmpgt
                0x00000000100096e8        0xa CMakeFiles/DeckOS.dir/home/indresh/embedded/pico-sdk/src/rp2_common/pico_float/float_aeabi_rp2040.S.o
                0x00000000100096e8                __wrap___aeabi_fcmpgt
 .text.__wrap___aeabi_ui2f
                0x00000000100096f2        0xa CMakeFiles/DeckOS.dir/home/indresh/embedded/pico-sdk/src/rp2_common/pico_float/float_aeabi_rp2040.S.o
                0x00000000100096f2                uint2float
                0x00000000100096f2                __wrap___aeabi_ui2f
 .text.__wrap___aeabi_i2f
                0x00000000100096fc       0x44 CMakeFiles/DeckOS.dir/home/indresh/embedded/pico-sdk/src/rp2_common/pico_float/float_aeabi_rp2040.S.o
                0x00000000100096fc                int2float
                0x00000000100096fc                __wrap___aeabi_i2f
 .text.__wrap___aeabi_f2uiz
                0x0000000010009740        0xc CMakeFiles/DeckOS.dir/home/indresh/embedded/pico-sdk/src/rp2_common/pico_float/float_aeabi_rp2040.S.o
                0x0000000010009740                float2uint
                0x0000000010009740                float2uint_z
                0x0000000010009740                __wrap___aeabi_f2uiz
 .text.__wrap___aeabi_ul2f
                0x000000001000974c       0x20 CMakeFiles/DeckOS.dir/home/indresh/embedded/pico-sdk/src/rp2_common/pico_float/float_aeabi_rp2040.S.o
                0x0000000010009750                __wrap___aeabi_ul2f
                0x0000000010009750                uint642float
 .text.__wrap___aeabi_f2d
                0x000000001000976c       0x14 CMakeFiles/DeckOS.dir/home/indresh/embedded/pico-sdk/src/rp2_common/pico_float/float_aeabi_rp2040.S.o
                0x000000001000976c                __wrap___aeabi_f2d
 .text.__aeabi_float_init
                0x0000000010009780       0x64 CMakeFiles/DeckOS.dir/home/indresh/embedded/pico-sdk/src/rp2_common/pico_float/float_init_rom_rp2040.c.o
                0x0000000010009780                __aeabi_float_init
 .text.float_table_shim_on_use_helper
                0x00000000100097e4       0x2c CMakeFiles/DeckOS.dir/home/indresh/embedded/pico-sdk/src/rp2_common/pico_float/float_v1_rom_shim_rp2040.S.o
                0x00000000100097e4                float_table_shim_on_use_helper
 .text.642float_shims
                0x0000000010009810       0x44 CMakeFiles/DeckOS.dir/home/indresh/embedded/pico-sdk/src/rp2_common/pico_float/float_v1_rom_shim_rp2040.S.o
                0x0000000010009810                uint642float_shim
                0x0000000010009812                ufix642float_shim
                0x0000000010009822                int642float_shim
                0x0000000010009824                fix642float_shim
 .text.float2double_shim
                0x0000000010009854       0x30 CMakeFiles/DeckOS.dir/home/indresh/embedded/pico-sdk/src/rp2_common/pico_float/float_v1_rom_shim_rp2040.S.o
                0x0000000010009854                float2double_shim
 .text.__wrap_malloc
                0x0000000010009884       0x3c CMakeFiles/DeckOS.dir/home/indresh/embedded/pico-sdk/src/rp2_common/pico_malloc/malloc.c.o
                0x0000000010009884                __wrap_malloc
 .text.__wrap_free
                0x00000000100098c0       0x20 CMakeFiles/DeckOS.dir/home/indresh/embedded/pico-sdk/src/rp2_common/pico_malloc/malloc.c.o
                0x00000000100098c0                __wrap_free
 .text          0x00000000100098e0       0x10 CMakeFiles/DeckOS.dir/home/indresh/embedded/pico-sdk/src/rp2_common/pico_mem_ops/mem_ops_aeabi.S.o
                0x00000000100098e0                __aeabi_mem_init
 .text.memset   0x00000000100098f0        0xc CMakeFiles/DeckOS.dir/home/indresh/embedded/pico-sdk/src/rp2_common/pico_mem_ops/mem_ops_aeabi.S.o
                0x00000000100098f0                __wrap_memset
 .text.memcpy   0x00000000100098fc        0xc CMakeFiles/DeckOS.dir/home/indresh/embedded/pico-sdk/src/rp2_common/pico_mem_ops/mem_ops_aeabi.S.o
                0x00000000100098fc                __wrap___aeabi_memcpy
                0x00000000100098fc                __wrap_memcpy
 .text._out_buffer
                0x0000000010009908        0x8 CMakeFiles/DeckOS.dir/home/indresh/embedded/pico-sdk/src/rp2_common/pico_printf/printf.c.o
 .text._out_null
                0x0000000010009910        0x4 CMakeFiles/DeckOS.dir/home/indresh/embedded/pico-sdk/src/rp2_common/pico_printf/printf.c.o
 .text._out_rev
                0x0000000010009914       0x9c CMakeFiles/DeckOS.dir/home/indresh/embedded/pico-sdk/src/rp2_common/pico_printf/printf.c.o
 .text._ntoa_format
                0x00000000100099b0      0x1cc CMakeFiles/DeckOS.dir/home/indresh/embedded/pico-sdk/src/rp2_common/pico_printf/printf.c.o
 .text._out_char
                0x0000000010009b7c       0x10 CMakeFiles/DeckOS.dir/home/indresh/embedded/pico-sdk/src/rp2_common/pico_printf/printf.c.o
 .text._out_fct
                0x0000000010009b8c       0x10 CMakeFiles/DeckOS.dir/home/indresh/embedded/pico-sdk/src/rp2_common/pico_printf/printf.c.o
 .text._etoa    0x0000000010009b9c      0x44c CMakeFiles/DeckOS.dir/home/indresh/embedded/pico-sdk/src/rp2_common/pico_printf/printf.c.o
 .text._ftoa    0x0000000010009fe8      0x398 CMakeFiles/DeckOS.dir/home/indresh/embedded/pico-sdk/src/rp2_common/pico_printf/printf.c.o
 .text._vsnprintf
                0x000000001000a380      0xb04 CMakeFiles/DeckOS.dir/home/indresh/embedded/pico-sdk/src/rp2_common/pico_printf/printf.c.o
 .text.__wrap_snprintf
                0x000000001000ae84       0x28 CMakeFiles/DeckOS.dir/home/indresh/embedded/pico-sdk/src/rp2_common/pico_printf/printf.c.o
                0x000000001000ae84                __wrap_snprintf
 .text.vfctprintf
                0x000000001000aeac       0x20 CMakeFiles/DeckOS.dir/home/indresh/embedded/pico-sdk/src/rp2_common/pico_printf/printf.c.o
                0x000000001000aeac                vfctprintf
 .text.weak_raw_vprintf
                0x000000001000aecc       0x30 CMakeFiles/DeckOS.dir/home/indresh/embedded/pico-sdk/src/rp2_common/pico_printf/printf.c.o
                0x000000001000aecc                weak_raw_vprintf
 .text._exit    0x000000001000aefc        0x4 CMakeFiles/DeckOS.dir/home/indresh/embedded/pico-sdk/src/rp2_common/pico_clib_interface/newlib_interface.c.o
                0x000000001000aefc                _exit
 .text._sbrk    0x000000001000af00       0x34 CMakeFiles/DeckOS.dir/home/indresh/embedded/pico-sdk/src/rp2_common/pico_clib_interface/newlib_interface.c.o
                0x000000001000af00                _sbrk
 .text._read    0x000000001000af34       0x24 CMakeFiles/DeckOS.dir/home/indresh/embedded/pico-sdk/src/rp2_common/pico_clib_interface/newlib_interface.c.o
                0x000000001000af34                _read
 .text._write   0x000000001000af58       0x24 CMakeFiles/DeckOS.dir/home/indresh/embedded/pico-sdk/src/rp2_common/pico_clib_interface/newlib_interface.c.o
                0x000000001000af58                _write
 .text._close   0x000000001000af7c        0x8 CMakeFiles/DeckOS.dir/home/indresh/embedded/pico-sdk/src/rp2_common/pico_clib_interface/newlib_interface.c.o
                0x000000001000af7c                _close
 .text._lseek   0x000000001000af84        0x8 CMakeFiles/DeckOS.dir/home/indresh/embedded/pico-sdk/src/rp2_common/pico_clib_interface/newlib_interface.c.o
                0x000000001000af84                _lseek
 .text.exit     0x000000001000af8c        0x8 CMakeFiles/DeckOS.dir/home/indresh/embedded/pico-sdk/src/rp2_common/pico_clib_interface/newlib_interface.c.o
                0x000000001000af8c                exit
 .text.runtime_init
                0x000000001000af94       0x2c CMakeFiles/DeckOS.dir/home/indresh/embedded/pico-sdk/src/rp2_common/pico_clib_interface/newlib_interface.c.o
                0x000000001000af94                runtime_init
 .text.stdio_out_chars_no_crlf
                0x000000001000afc0       0x10 CMakeFiles/DeckOS.dir/home/indresh/embedded/pico-sdk/src/rp2_common/pico_stdio/stdio.c.o
 .text.stdio_out_chars_crlf
                0x000000001000afd0       0xb4 CMakeFiles/DeckOS.dir/home/indresh/embedded/pico-sdk/src/rp2_common/pico_stdio/stdio.c.o
 .text.stdio_buffered_printer
                0x000000001000b084       0x64 CMakeFiles/DeckOS.dir/home/indresh/embedded/pico-sdk/src/rp2_common/pico_stdio/stdio.c.o
 .text.stdio_put_string
                0x000000001000b0e8      0x100 CMakeFiles/DeckOS.dir/home/indresh/embedded/pico-sdk/src/rp2_common/pico_stdio/stdio.c.o
                0x000000001000b0e8                stdio_put_string
 .text.stdio_get_until
                0x000000001000b1e8       0x84 CMakeFiles/DeckOS.dir/home/indresh/embedded/pico-sdk/src/rp2_common/pico_stdio/stdio.c.o
                0x000000001000b1e8                stdio_get_until
 .text.stdio_putchar_raw
                0x000000001000b26c       0x98 CMakeFiles/DeckOS.dir/home/indresh/embedded/pico-sdk/src/rp2_common/pico_stdio/stdio.c.o
                0x000000001000b26c                stdio_putchar_raw
 .text.stdio_set_driver_enabled
                0x000000001000b304       0x30 CMakeFiles/DeckOS.dir/home/indresh/embedded/pico-sdk/src/rp2_common/pico_stdio/stdio.c.o
                0x000000001000b304                stdio_set_driver_enabled
 .text.stdio_init_all
                0x000000001000b334        0x8 CMakeFiles/DeckOS.dir/home/indresh/embedded/pico-sdk/src/rp2_common/pico_stdio/stdio.c.o
                0x000000001000b334                stdio_init_all
 .text.stdio_getchar_timeout_us
                0x000000001000b33c       0x98 CMakeFiles/DeckOS.dir/home/indresh/embedded/pico-sdk/src/rp2_common/pico_stdio/stdio.c.o
                0x000000001000b33c                stdio_getchar_timeout_us
 .text.__wrap_putchar
                0x000000001000b3d4       0x98 CMakeFiles/DeckOS.dir/home/indresh/embedded/pico-sdk/src/rp2_common/pico_stdio/stdio.c.o
                0x000000001000b3d4                stdio_putchar
                0x000000001000b3d4                __wrap_putchar
 .text.__wrap_puts
                0x000000001000b46c       0x3c CMakeFiles/DeckOS.dir/home/indresh/embedded/pico-sdk/src/rp2_common/pico_stdio/stdio.c.o
                0x000000001000b46c                __wrap_puts
                0x000000001000b46c                stdio_puts
 .text.__wrap_vprintf
                0x000000001000b4a8       0xd8 CMakeFiles/DeckOS.dir/home/indresh/embedded/pico-sdk/src/rp2_common/pico_stdio/stdio.c.o
                0x000000001000b4a8                __wrap_vprintf
                0x000000001000b4a8                stdio_vprintf
 .text.__wrap_printf
                0x000000001000b580       0x18 CMakeFiles/DeckOS.dir/home/indresh/embedded/pico-sdk/src/rp2_common/pico_stdio/stdio.c.o
                0x000000001000b580                stdio_printf
                0x000000001000b580                __wrap_printf
 .text.resetd_init
                0x000000001000b598        0x4 CMakeFiles/DeckOS.dir/home/indresh/embedded/pico-sdk/src/rp2_common/pico_stdio_usb/reset_interface.c.o
 .text.resetd_reset
                0x000000001000b59c        0xc CMakeFiles/DeckOS.dir/home/indresh/embedded/pico-sdk/src/rp2_common/pico_stdio_usb/reset_interface.c.o
 .text.resetd_open
                0x000000001000b5a8       0x28 CMakeFiles/DeckOS.dir/home/indresh/embedded/pico-sdk/src/rp2_common/pico_stdio_usb/reset_interface.c.o
 .text.resetd_xfer_cb
                0x000000001000b5d0        0x4 CMakeFiles/DeckOS.dir/home/indresh/embedded/pico-sdk/src/rp2_common/pico_stdio_usb/reset_interface.c.o
 .text.resetd_control_xfer_cb
                0x000000001000b5d4       0x60 CMakeFiles/DeckOS.dir/home/indresh/embedded/pico-sdk/src/rp2_common/pico_stdio_usb/reset_interface.c.o
 .text.tud_descriptor_bos_cb
                0x000000001000b634        0x8 CMakeFiles/DeckOS.dir/home/indresh/embedded/pico-sdk/src/rp2_common/pico_stdio_usb/reset_interface.c.o
                0x000000001000b634                tud_descriptor_bos_cb
 .text.tud_vendor_control_xfer_cb
                0x000000001000b63c       0x34 CMakeFiles/DeckOS.dir/home/indresh/embedded/pico-sdk/src/rp2_common/pico_stdio_usb/reset_interface.c.o
                0x000000001000b63c                tud_vendor_control_xfer_cb
 .text.usbd_app_driver_get_cb
                0x000000001000b670        0xc CMakeFiles/DeckOS.dir/home/indresh/embedded/pico-sdk/src/rp2_common/pico_stdio_usb/reset_interface.c.o
                0x000000001000b670                usbd_app_driver_get_cb
 .text.tud_cdc_line_coding_cb
                0x000000001000b67c       0x2c CMakeFiles/DeckOS.dir/home/indresh/embedded/pico-sdk/src/rp2_common/pico_stdio_usb/reset_interface.c.o
                0x000000001000b67c                tud_cdc_line_coding_cb
 .text.stdio_usb_set_chars_available_callback
                0x000000001000b6a8       0x14 CMakeFiles/DeckOS.dir/home/indresh/embedded/pico-sdk/src/rp2_common/pico_stdio_usb/stdio_usb.c.o
                0x000000001000b6a8                stdio_usb_set_chars_available_callback
 .text.usb_irq  0x000000001000b6bc       0x10 CMakeFiles/DeckOS.dir/home/indresh/embedded/pico-sdk/src/rp2_common/pico_stdio_usb/stdio_usb.c.o
 .text.timer_task
                0x000000001000b6cc       0x64 CMakeFiles/DeckOS.dir/home/indresh/embedded/pico-sdk/src/rp2_common/pico_stdio_usb/stdio_usb.c.o
 .text.stdio_usb_in_chars
                0x000000001000b730       0x90 CMakeFiles/DeckOS.dir/home/indresh/embedded/pico-sdk/src/rp2_common/pico_stdio_usb/stdio_usb.c.o
                0x000000001000b730                stdio_usb_in_chars
 .text.stdio_usb_out_flush
                0x000000001000b7c0       0x50 CMakeFiles/DeckOS.dir/home/indresh/embedded/pico-sdk/src/rp2_common/pico_stdio_usb/stdio_usb.c.o
 .text.stdio_usb_out_chars
                0x000000001000b810      0x100 CMakeFiles/DeckOS.dir/home/indresh/embedded/pico-sdk/src/rp2_common/pico_stdio_usb/stdio_usb.c.o
 .text.low_priority_worker_irq
                0x000000001000b910       0xc8 CMakeFiles/DeckOS.dir/home/indresh/embedded/pico-sdk/src/rp2_common/pico_stdio_usb/stdio_usb.c.o
 .text.stdio_usb_init
                0x000000001000b9d8       0xe8 CMakeFiles/DeckOS.dir/home/indresh/embedded/pico-sdk/src/rp2_common/pico_stdio_usb/stdio_usb.c.o
                0x000000001000b9d8                stdio_usb_init
 .text.stdio_usb_connected
                0x000000001000bac0        0xc CMakeFiles/DeckOS.dir/home/indresh/embedded/pico-sdk/src/rp2_common/pico_stdio_usb/stdio_usb.c.o
                0x000000001000bac0                stdio_usb_connected
 .text.tud_descriptor_device_cb
                0x000000001000bacc        0x8 CMakeFiles/DeckOS.dir/home/indresh/embedded/pico-sdk/src/rp2_common/pico_stdio_usb/stdio_usb_descriptors.c.o
                0x000000001000bacc                tud_descriptor_device_cb
 .text.tud_descriptor_configuration_cb
                0x000000001000bad4        0x8 CMakeFiles/DeckOS.dir/home/indresh/embedded/pico-sdk/src/rp2_common/pico_stdio_usb/stdio_usb_descriptors.c.o
                0x000000001000bad4                tud_descriptor_configuration_cb
 .text.tud_descriptor_string_cb
                0x000000001000badc       0x74 CMakeFiles/DeckOS.dir/home/indresh/embedded/pico-sdk/src/rp2_common/pico_stdio_usb/stdio_usb_descriptors.c.o
                0x000000001000badc                tud_descriptor_string_cb
 .text.startup._retrieve_unique_id_on_boot
                0x000000001000bb50       0x10 CMakeFiles/DeckOS.dir/home/indresh/embedded/pico-sdk/src/rp2_common/pico_unique_id/unique_id.c.o
 .text.pico_get_unique_board_id
                0x000000001000bb60       0x10 CMakeFiles/DeckOS.dir/home/indresh/embedded/pico-sdk/src/rp2_common/pico_unique_id/unique_id.c.o
                0x000000001000bb60                pico_get_unique_board_id
 .text.pico_get_unique_board_id_string
                0x000000001000bb70      0x1a8 CMakeFiles/DeckOS.dir/home/indresh/embedded/pico-sdk/src/rp2_common/pico_unique_id/unique_id.c.o
                0x000000001000bb70                pico_get_unique_board_id_string
 .text.flash_get_unique_id
                0x000000001000bd18       0x40 CMakeFiles/DeckOS.dir/home/indresh/embedded/pico-sdk/src/rp2_common/hardware_flash/flash.c.o
                0x000000001000bd18                flash_get_unique_id
 .text.dcd_init
                0x000000001000bd58       0x90 CMakeFiles/DeckOS.dir/home/indresh/embedded/pico-sdk/lib/tinyusb/src/portable/raspberrypi/rp2040/dcd_rp2040.c.o
                0x000000001000bd58                dcd_init
 .text.dcd_int_enable
                0x000000001000bde8        0xc CMakeFiles/DeckOS.dir/home/indresh/embedded/pico-sdk/lib/tinyusb/src/portable/raspberrypi/rp2040/dcd_rp2040.c.o
                0x000000001000bde8                dcd_int_enable
 .text.dcd_set_address
                0x000000001000bdf4       0x14 CMakeFiles/DeckOS.dir/home/indresh/embedded/pico-sdk/lib/tinyusb/src/portable/raspberrypi/rp2040/dcd_rp2040.c.o
                0x000000001000bdf4                dcd_set_address
 .text.dcd_sof_enable
                0x000000001000be08       0x1c CMakeFiles/DeckOS.dir/home/indresh/embedded/pico-sdk/lib/tinyusb/src/portable/raspberrypi/rp2040/dcd_rp2040.c.o
                0x000000001000be08                dcd_sof_enable
 .text.dcd_edpt0_status_complete
                0x000000001000be24       0x1c CMakeFiles/DeckOS.dir/home/indresh/embedded/pico-sdk/lib/tinyusb/src/portable/raspberrypi/rp2040/dcd_rp2040.c.o
                0x000000001000be24                dcd_edpt0_status_complete
 .text.dcd_edpt_open
                0x000000001000be40      0x114 CMakeFiles/DeckOS.dir/home/indresh/embedded/pico-sdk/lib/tinyusb/src/portable/raspberrypi/rp2040/dcd_rp2040.c.o
                0x000000001000be40                dcd_edpt_open
 .text.dcd_edpt_close_all
                0x000000001000bf54        0x8 CMakeFiles/DeckOS.dir/home/indresh/embedded/pico-sdk/lib/tinyusb/src/portable/raspberrypi/rp2040/dcd_rp2040.c.o
                0x000000001000bf54                dcd_edpt_close_all
 .text.dcd_edpt_xfer
                0x000000001000bf5c       0x24 CMakeFiles/DeckOS.dir/home/indresh/embedded/pico-sdk/lib/tinyusb/src/portable/raspberrypi/rp2040/dcd_rp2040.c.o
                0x000000001000bf5c                dcd_edpt_xfer
 .text.dcd_edpt_stall
                0x000000001000bf80       0x38 CMakeFiles/DeckOS.dir/home/indresh/embedded/pico-sdk/lib/tinyusb/src/portable/raspberrypi/rp2040/dcd_rp2040.c.o
                0x000000001000bf80                dcd_edpt_stall
 .text.dcd_edpt_clear_stall
                0x000000001000bfb8       0x30 CMakeFiles/DeckOS.dir/home/indresh/embedded/pico-sdk/lib/tinyusb/src/portable/raspberrypi/rp2040/dcd_rp2040.c.o
                0x000000001000bfb8                dcd_edpt_clear_stall
 .text.rp2040_usb_init
                0x000000001000bfe8       0x40 CMakeFiles/DeckOS.dir/home/indresh/embedded/pico-sdk/lib/tinyusb/src/portable/raspberrypi/rp2040/rp2040_usb.c.o
                0x000000001000bfe8                rp2040_usb_init
 .text.hw_endpoint_xfer_start
                0x000000001000c028       0x50 CMakeFiles/DeckOS.dir/home/indresh/embedded/pico-sdk/lib/tinyusb/src/portable/raspberrypi/rp2040/rp2040_usb.c.o
                0x000000001000c028                hw_endpoint_xfer_start
 .text.tud_event_hook_cb
                0x000000001000c078        0x4 CMakeFiles/DeckOS.dir/home/indresh/embedded/pico-sdk/lib/tinyusb/src/device/usbd.c.o
                0x000000001000c078                tud_event_hook_cb
 .text.tud_sof_cb
                0x000000001000c07c        0x4 CMakeFiles/DeckOS.dir/home/indresh/embedded/pico-sdk/lib/tinyusb/src/device/usbd.c.o
                0x000000001000c07c                tud_sof_cb
 .text.tud_descriptor_device_qualifier_cb
                0x000000001000c080        0x4 CMakeFiles/DeckOS.dir/home/indresh/embedded/pico-sdk/lib/tinyusb/src/device/usbd.c.o
                0x000000001000c080                tud_descriptor_device_qualifier_cb
 .text.tud_descriptor_other_speed_configuration_cb
                0x000000001000c084        0x4 CMakeFiles/DeckOS.dir/home/indresh/embedded/pico-sdk/lib/tinyusb/src/device/usbd.c.o
                0x000000001000c084                tud_descriptor_other_speed_configuration_cb
 .text.tud_mount_cb
                0x000000001000c088        0x4 CMakeFiles/DeckOS.dir/home/indresh/embedded/pico-sdk/lib/tinyusb/src/device/usbd.c.o
                0x000000001000c088                tud_mount_cb
 .text.tud_umount_cb
                0x000000001000c08c        0x4 CMakeFiles/DeckOS.dir/home/indresh/embedded/pico-sdk/lib/tinyusb/src/device/usbd.c.o
                0x000000001000c08c                tud_umount_cb
 .text.tud_suspend_cb
                0x000000001000c090        0x4 CMakeFiles/DeckOS.dir/home/indresh/embedded/pico-sdk/lib/tinyusb/src/device/usbd.c.o
                0x000000001000c090                tud_suspend_cb
 .text.tud_resume_cb
                0x000000001000c094        0x4 CMakeFiles/DeckOS.dir/home/indresh/embedded/pico-sdk/lib/tinyusb/src/device/usbd.c.o
                0x000000001000c094                tud_resume_cb
 .text.tud_mounted
                0x000000001000c098       0x10 CMakeFiles/DeckOS.dir/home/indresh/embedded/pico-sdk/lib/tinyusb/src/device/usbd.c.o
                0x000000001000c098                tud_mounted
 .text.tud_suspended
                0x000000001000c0a8       0x10 CMakeFiles/DeckOS.dir/home/indresh/embedded/pico-sdk/lib/tinyusb/src/device/usbd.c.o
                0x000000001000c0a8                tud_suspended
 .text.tud_rhport_init
                0x000000001000c0b8       0xf4 CMakeFiles/DeckOS.dir/home/indresh/embedded/pico-sdk/lib/tinyusb/src/device/usbd.c.o
                0x000000001000c0b8                tud_rhport_init
 .text.tud_task_ext
                0x000000001000c1ac      0x800 CMakeFiles/DeckOS.dir/home/indresh/embedded/pico-sdk/lib/tinyusb/src/device/usbd.c.o
                0x000000001000c1ac                tud_task_ext
 .text.usbd_open_edpt_pair
                0x000000001000c9ac       0x9c CMakeFiles/DeckOS.dir/home/indresh/embedded/pico-sdk/lib/tinyusb/src/device/usbd.c.o
                0x000000001000c9ac                usbd_open_edpt_pair
 .text.usbd_edpt_open
                0x000000001000ca48       0x34 CMakeFiles/DeckOS.dir/home/indresh/embedded/pico-sdk/lib/tinyusb/src/device/usbd.c.o
                0x000000001000ca48                usbd_edpt_open
 .text.usbd_edpt_claim
                0x000000001000ca7c       0x28 CMakeFiles/DeckOS.dir/home/indresh/embedded/pico-sdk/lib/tinyusb/src/device/usbd.c.o
                0x000000001000ca7c                usbd_edpt_claim
 .text.usbd_edpt_release
                0x000000001000caa4       0x28 CMakeFiles/DeckOS.dir/home/indresh/embedded/pico-sdk/lib/tinyusb/src/device/usbd.c.o
                0x000000001000caa4                usbd_edpt_release
 .text.usbd_edpt_xfer
                0x000000001000cacc       0x4c CMakeFiles/DeckOS.dir/home/indresh/embedded/pico-sdk/lib/tinyusb/src/device/usbd.c.o
                0x000000001000cacc                usbd_edpt_xfer
 .text.tud_control_status
                0x000000001000cb18       0x30 CMakeFiles/DeckOS.dir/home/indresh/embedded/pico-sdk/lib/tinyusb/src/device/usbd_control.c.o
                0x000000001000cb18                tud_control_status
 .text.tud_control_xfer
                0x000000001000cb48       0xbc CMakeFiles/DeckOS.dir/home/indresh/embedded/pico-sdk/lib/tinyusb/src/device/usbd_control.c.o
                0x000000001000cb48                tud_control_xfer
 .text.usbd_control_reset
                0x000000001000cc04       0x14 CMakeFiles/DeckOS.dir/home/indresh/embedded/pico-sdk/lib/tinyusb/src/device/usbd_control.c.o
                0x000000001000cc04                usbd_control_reset
 .text.usbd_control_set_complete_callback
                0x000000001000cc18        0xc CMakeFiles/DeckOS.dir/home/indresh/embedded/pico-sdk/lib/tinyusb/src/device/usbd_control.c.o
                0x000000001000cc18                usbd_control_set_complete_callback
 .text.usbd_control_set_request
                0x000000001000cc24       0x1c CMakeFiles/DeckOS.dir/home/indresh/embedded/pico-sdk/lib/tinyusb/src/device/usbd_control.c.o
                0x000000001000cc24                usbd_control_set_request
 .text.usbd_control_xfer_cb
                0x000000001000cc40       0xf0 CMakeFiles/DeckOS.dir/home/indresh/embedded/pico-sdk/lib/tinyusb/src/device/usbd_control.c.o
                0x000000001000cc40                usbd_control_xfer_cb
 .text._prep_out_transaction.isra.0
                0x000000001000cd30       0x6c CMakeFiles/DeckOS.dir/home/indresh/embedded/pico-sdk/lib/tinyusb/src/class/cdc/cdc_device.c.o
 .text.tud_cdc_n_connected
                0x000000001000cd9c       0x2c CMakeFiles/DeckOS.dir/home/indresh/embedded/pico-sdk/lib/tinyusb/src/class/cdc/cdc_device.c.o
                0x000000001000cd9c                tud_cdc_n_connected
 .text.tud_cdc_n_available
                0x000000001000cdc8       0x18 CMakeFiles/DeckOS.dir/home/indresh/embedded/pico-sdk/lib/tinyusb/src/class/cdc/cdc_device.c.o
                0x000000001000cdc8                tud_cdc_n_available
 .text.tud_cdc_n_read
                0x000000001000cde0       0x94 CMakeFiles/DeckOS.dir/home/indresh/embedded/pico-sdk/lib/tinyusb/src/class/cdc/cdc_device.c.o
                0x000000001000cde0                tud_cdc_n_read
 .text.tud_cdc_n_write_flush
                0x000000001000ce74       0x78 CMakeFiles/DeckOS.dir/home/indresh/embedded/pico-sdk/lib/tinyusb/src/class/cdc/cdc_device.c.o
                0x000000001000ce74                tud_cdc_n_write_flush
 .text.tud_cdc_n_write
                0x000000001000ceec       0x44 CMakeFiles/DeckOS.dir/home/indresh/embedded/pico-sdk/lib/tinyusb/src/class/cdc/cdc_device.c.o
                0x000000001000ceec                tud_cdc_n_write
 .text.tud_cdc_n_write_available
                0x000000001000cf30       0x18 CMakeFiles/DeckOS.dir/home/indresh/embedded/pico-sdk/lib/tinyusb/src/class/cdc/cdc_device.c.o
                0x000000001000cf30                tud_cdc_n_write_available
 .text.cdcd_init
                0x000000001000cf48       0x70 CMakeFiles/DeckOS.dir/home/indresh/embedded/pico-sdk/lib/tinyusb/src/class/cdc/cdc_device.c.o
                0x000000001000cf48                cdcd_init
 .text.cdcd_deinit
                0x000000001000cfb8       0x24 CMakeFiles/DeckOS.dir/home/indresh/embedded/pico-sdk/lib/tinyusb/src/class/cdc/cdc_device.c.o
                0x000000001000cfb8                cdcd_deinit
 .text.cdcd_reset
                0x000000001000cfdc       0x4c CMakeFiles/DeckOS.dir/home/indresh/embedded/pico-sdk/lib/tinyusb/src/class/cdc/cdc_device.c.o
                0x000000001000cfdc                cdcd_reset
 .text.cdcd_open
                0x000000001000d028       0xa8 CMakeFiles/DeckOS.dir/home/indresh/embedded/pico-sdk/lib/tinyusb/src/class/cdc/cdc_device.c.o
                0x000000001000d028                cdcd_open
 .text.cdcd_control_xfer_cb
                0x000000001000d0d0       0xe8 CMakeFiles/DeckOS.dir/home/indresh/embedded/pico-sdk/lib/tinyusb/src/class/cdc/cdc_device.c.o
                0x000000001000d0d0                cdcd_control_xfer_cb
 .text.cdcd_xfer_cb
                0x000000001000d1b8       0xfc CMakeFiles/DeckOS.dir/home/indresh/embedded/pico-sdk/lib/tinyusb/src/class/cdc/cdc_device.c.o
                0x000000001000d1b8                cdcd_xfer_cb
 .text.vendord_init
                0x000000001000d2b4       0x5c CMakeFiles/DeckOS.dir/home/indresh/embedded/pico-sdk/lib/tinyusb/src/class/vendor/vendor_device.c.o
                0x000000001000d2b4                vendord_init
 .text.vendord_deinit
                0x000000001000d310       0x1c CMakeFiles/DeckOS.dir/home/indresh/embedded/pico-sdk/lib/tinyusb/src/class/vendor/vendor_device.c.o
                0x000000001000d310                vendord_deinit
 .text.vendord_reset
                0x000000001000d32c       0x28 CMakeFiles/DeckOS.dir/home/indresh/embedded/pico-sdk/lib/tinyusb/src/class/vendor/vendor_device.c.o
                0x000000001000d32c                vendord_reset
 .text.vendord_open
                0x000000001000d354      0x128 CMakeFiles/DeckOS.dir/home/indresh/embedded/pico-sdk/lib/tinyusb/src/class/vendor/vendor_device.c.o
                0x000000001000d354                vendord_open
 .text.vendord_xfer_cb
                0x000000001000d47c       0x9c CMakeFiles/DeckOS.dir/home/indresh/embedded/pico-sdk/lib/tinyusb/src/class/vendor/vendor_device.c.o
                0x000000001000d47c                vendord_xfer_cb
 .text.tusb_rhport_init
                0x000000001000d518       0x48 CMakeFiles/DeckOS.dir/home/indresh/embedded/pico-sdk/lib/tinyusb/src/tusb.c.o
                0x000000001000d518                tusb_rhport_init
 .text.tu_edpt_claim
                0x000000001000d560       0x50 CMakeFiles/DeckOS.dir/home/indresh/embedded/pico-sdk/lib/tinyusb/src/tusb.c.o
                0x000000001000d560                tu_edpt_claim
 .text.tu_edpt_release
                0x000000001000d5b0       0x38 CMakeFiles/DeckOS.dir/home/indresh/embedded/pico-sdk/lib/tinyusb/src/tusb.c.o
                0x000000001000d5b0                tu_edpt_release
 .text.tu_edpt_validate
                0x000000001000d5e8       0x78 CMakeFiles/DeckOS.dir/home/indresh/embedded/pico-sdk/lib/tinyusb/src/tusb.c.o
                0x000000001000d5e8                tu_edpt_validate
 .text.tu_edpt_bind_driver
                0x000000001000d660       0x34 CMakeFiles/DeckOS.dir/home/indresh/embedded/pico-sdk/lib/tinyusb/src/tusb.c.o
                0x000000001000d660                tu_edpt_bind_driver
 .text.tu_edpt_stream_init
                0x000000001000d694       0x6c CMakeFiles/DeckOS.dir/home/indresh/embedded/pico-sdk/lib/tinyusb/src/tusb.c.o
                0x000000001000d694                tu_edpt_stream_init
 .text.tu_edpt_stream_deinit
                0x000000001000d700        0x4 CMakeFiles/DeckOS.dir/home/indresh/embedded/pico-sdk/lib/tinyusb/src/tusb.c.o
                0x000000001000d700                tu_edpt_stream_deinit
 .text.tu_edpt_stream_write_zlp_if_needed
                0x000000001000d704       0x58 CMakeFiles/DeckOS.dir/home/indresh/embedded/pico-sdk/lib/tinyusb/src/tusb.c.o
                0x000000001000d704                tu_edpt_stream_write_zlp_if_needed
 .text.tu_edpt_stream_write_xfer
                0x000000001000d75c       0x64 CMakeFiles/DeckOS.dir/home/indresh/embedded/pico-sdk/lib/tinyusb/src/tusb.c.o
                0x000000001000d75c                tu_edpt_stream_write_xfer
 .text.tu_edpt_stream_read_xfer
                0x000000001000d7c0       0xdc CMakeFiles/DeckOS.dir/home/indresh/embedded/pico-sdk/lib/tinyusb/src/tusb.c.o
                0x000000001000d7c0                tu_edpt_stream_read_xfer
 .text.tu_fifo_config
                0x000000001000d89c       0x70 CMakeFiles/DeckOS.dir/home/indresh/embedded/pico-sdk/lib/tinyusb/src/common/tusb_fifo.c.o
                0x000000001000d89c                tu_fifo_config
 .text.tu_fifo_count
                0x000000001000d90c       0x2c CMakeFiles/DeckOS.dir/home/indresh/embedded/pico-sdk/lib/tinyusb/src/common/tusb_fifo.c.o
                0x000000001000d90c                tu_fifo_count
 .text.tu_fifo_empty
                0x000000001000d938       0x10 CMakeFiles/DeckOS.dir/home/indresh/embedded/pico-sdk/lib/tinyusb/src/common/tusb_fifo.c.o
                0x000000001000d938                tu_fifo_empty
 .text.tu_fifo_remaining
                0x000000001000d948       0x2c CMakeFiles/DeckOS.dir/home/indresh/embedded/pico-sdk/lib/tinyusb/src/common/tusb_fifo.c.o
                0x000000001000d948                tu_fifo_remaining
 .text.tu_fifo_read
                0x000000001000d974       0xa0 CMakeFiles/DeckOS.dir/home/indresh/embedded/pico-sdk/lib/tinyusb/src/common/tusb_fifo.c.o
                0x000000001000d974                tu_fifo_read
 .text.tu_fifo_read_n
                0x000000001000da14       0xec CMakeFiles/DeckOS.dir/home/indresh/embedded/pico-sdk/lib/tinyusb/src/common/tusb_fifo.c.o
                0x000000001000da14                tu_fifo_read_n
 .text.tu_fifo_write
                0x000000001000db00       0x88 CMakeFiles/DeckOS.dir/home/indresh/embedded/pico-sdk/lib/tinyusb/src/common/tusb_fifo.c.o
                0x000000001000db00                tu_fifo_write
 .text.tu_fifo_write_n
                0x000000001000db88      0x168 CMakeFiles/DeckOS.dir/home/indresh/embedded/pico-sdk/lib/tinyusb/src/common/tusb_fifo.c.o
                0x000000001000db88                tu_fifo_write_n
 .text.tu_fifo_clear
                0x000000001000dcf0       0x40 CMakeFiles/DeckOS.dir/home/indresh/embedded/pico-sdk/lib/tinyusb/src/common/tusb_fifo.c.o
                0x000000001000dcf0                tu_fifo_clear
 .text.tu_fifo_set_overwritable
                0x000000001000dd30       0x48 CMakeFiles/DeckOS.dir/home/indresh/embedded/pico-sdk/lib/tinyusb/src/common/tusb_fifo.c.o
                0x000000001000dd30                tu_fifo_set_overwritable
 .text.core1_trampoline
                0x000000001000dd78        0x4 CMakeFiles/DeckOS.dir/home/indresh/embedded/pico-sdk/src/rp2_common/pico_multicore/multicore.c.o
 .text.core1_wrapper
                0x000000001000dd7c        0xc CMakeFiles/DeckOS.dir/home/indresh/embedded/pico-sdk/src/rp2_common/pico_multicore/multicore.c.o
                0x000000001000dd7c                core1_wrapper
 .text.multicore_reset_core1
                0x000000001000dd88       0x60 CMakeFiles/DeckOS.dir/home/indresh/embedded/pico-sdk/src/rp2_common/pico_multicore/multicore.c.o
                0x000000001000dd88                multicore_reset_core1
 .text.multicore_launch_core1_raw
                0x000000001000dde8       0x84 CMakeFiles/DeckOS.dir/home/indresh/embedded/pico-sdk/src/rp2_common/pico_multicore/multicore.c.o
                0x000000001000dde8                multicore_launch_core1_raw
 .text.multicore_launch_core1
                0x000000001000de6c       0x4c CMakeFiles/DeckOS.dir/home/indresh/embedded/pico-sdk/src/rp2_common/pico_multicore/multicore.c.o
                0x000000001000de6c                multicore_launch_core1
 .text.adc_init
                0x000000001000deb8       0x38 CMakeFiles/DeckOS.dir/home/indresh/embedded/pico-sdk/src/rp2_common/hardware_adc/adc.c.o
                0x000000001000deb8                adc_init
 .text.i2c_write_blocking_internal
                0x000000001000def0      0x174 CMakeFiles/DeckOS.dir/home/indresh/embedded/pico-sdk/src/rp2_common/hardware_i2c/i2c.c.o
 .text.i2c_read_blocking_internal
                0x000000001000e064      0x108 CMakeFiles/DeckOS.dir/home/indresh/embedded/pico-sdk/src/rp2_common/hardware_i2c/i2c.c.o
 .text.i2c_deinit
                0x000000001000e16c       0x20 CMakeFiles/DeckOS.dir/home/indresh/embedded/pico-sdk/src/rp2_common/hardware_i2c/i2c.c.o
                0x000000001000e16c                i2c_deinit
 .text.i2c_set_baudrate
                0x000000001000e18c       0xc0 CMakeFiles/DeckOS.dir/home/indresh/embedded/pico-sdk/src/rp2_common/hardware_i2c/i2c.c.o
                0x000000001000e18c                i2c_set_baudrate
 .text.i2c_init
                0x000000001000e24c       0x54 CMakeFiles/DeckOS.dir/home/indresh/embedded/pico-sdk/src/rp2_common/hardware_i2c/i2c.c.o
                0x000000001000e24c                i2c_init
 .text.i2c_write_blocking_until
                0x000000001000e2a0       0x48 CMakeFiles/DeckOS.dir/home/indresh/embedded/pico-sdk/src/rp2_common/hardware_i2c/i2c.c.o
                0x000000001000e2a0                i2c_write_blocking_until
 .text.i2c_read_blocking_until
                0x000000001000e2e8       0x48 CMakeFiles/DeckOS.dir/home/indresh/embedded/pico-sdk/src/rp2_common/hardware_i2c/i2c.c.o
                0x000000001000e2e8                i2c_read_blocking_until
 .text.spi_init
                0x000000001000e330      0x134 CMakeFiles/DeckOS.dir/home/indresh/embedded/pico-sdk/src/rp2_common/hardware_spi/spi.c.o
                0x000000001000e330                spi_init
 .text.spi_deinit
                0x000000001000e464       0x40 CMakeFiles/DeckOS.dir/home/indresh/embedded/pico-sdk/src/rp2_common/hardware_spi/spi.c.o
                0x000000001000e464                spi_deinit
 .text          0x000000001000e4a4       0x18 /usr/lib/gcc/arm-none-eabi/10.3.1/../../../arm-none-eabi/lib/thumb/v6-m/nofp/libg.a(lib_a-atoi.o)
                0x000000001000e4a4                atoi
                0x000000001000e4b0                _atoi_r
 .text          0x000000001000e4bc      0x1c0 /usr/lib/gcc/arm-none-eabi/10.3.1/../../../arm-none-eabi/lib/thumb/v6-m/nofp/libg.a(lib_a-fflush.o)
                0x000000001000e4bc                __sflush_r
                0x000000001000e5fc                _fflush_r
                0x000000001000e628                fflush
 .text          0x000000001000e67c      0x248 /usr/lib/gcc/arm-none-eabi/10.3.1/../../../arm-none-eabi/lib/thumb/v6-m/nofp/libg.a(lib_a-findfp.o)
                0x000000001000e680                _cleanup_r
                0x000000001000e77c                __sfmoreglue
                0x000000001000e7ac                __sfp
                0x000000001000e85c                _cleanup
                0x000000001000e874                __sinit
                0x000000001000e884                __sfp_lock_acquire
                0x000000001000e888                __sfp_lock_release
                0x000000001000e88c                __sinit_lock_acquire
                0x000000001000e890                __sinit_lock_release
                0x000000001000e894                __fp_lock_all
                0x000000001000e8ac                __fp_unlock_all
 .text          0x000000001000e8c4      0x260 /usr/lib/gcc/arm-none-eabi/10.3.1/../../../arm-none-eabi/lib/thumb/v6-m/nofp/libg.a(lib_a-freer.o)
                0x000000001000e8c4                _malloc_trim_r
                0x000000001000e960                _free_r
 .text          0x000000001000eb24       0x88 /usr/lib/gcc/arm-none-eabi/10.3.1/../../../arm-none-eabi/lib/thumb/v6-m/nofp/libg.a(lib_a-fwalk.o)
                0x000000001000eb24                _fwalk
                0x000000001000eb64                _fwalk_reent
 .text          0x000000001000ebac       0x28 /usr/lib/gcc/arm-none-eabi/10.3.1/../../../arm-none-eabi/lib/thumb/v6-m/nofp/libg.a(lib_a-malloc.o)
                0x000000001000ebac                malloc
                0x000000001000ebc0                free
 .text          0x000000001000ebd4      0x574 /usr/lib/gcc/arm-none-eabi/10.3.1/../../../arm-none-eabi/lib/thumb/v6-m/nofp/libg.a(lib_a-mallocr.o)
                0x000000001000ebd4                _malloc_r
 .text          0x000000001000f148       0xac /usr/lib/gcc/arm-none-eabi/10.3.1/../../../arm-none-eabi/lib/thumb/v6-m/nofp/libg.a(lib_a-memmove.o)
                0x000000001000f148                memmove
 .text          0x000000001000f1f4        0x8 /usr/lib/gcc/arm-none-eabi/10.3.1/../../../arm-none-eabi/lib/thumb/v6-m/nofp/libg.a(lib_a-mlock.o)
                0x000000001000f1f4                __malloc_lock
                0x000000001000f1f8                __malloc_unlock
 .text          0x000000001000f1fc       0x24 /usr/lib/gcc/arm-none-eabi/10.3.1/../../../arm-none-eabi/lib/thumb/v6-m/nofp/libg.a(lib_a-sbrkr.o)
                0x000000001000f1fc                _sbrk_r
 .text          0x000000001000f220       0xa4 /usr/lib/gcc/arm-none-eabi/10.3.1/../../../arm-none-eabi/lib/thumb/v6-m/nofp/libg.a(lib_a-stdio.o)
                0x000000001000f220                __sread
                0x000000001000f248                __seofread
                0x000000001000f24c                __swrite
                0x000000001000f28c                __sseek
                0x000000001000f2b8                __sclose
 .text          0x000000001000f2c4       0x44 /usr/lib/gcc/arm-none-eabi/10.3.1/../../../arm-none-eabi/lib/thumb/v6-m/nofp/libg.a(lib_a-strcasecmp.o)
                0x000000001000f2c4                strcasecmp
 .text          0x000000001000f308       0xc0 /usr/lib/gcc/arm-none-eabi/10.3.1/../../../arm-none-eabi/lib/thumb/v6-m/nofp/libg.a(lib_a-strchr.o)
                0x000000001000f308                strchr
 .text          0x000000001000f3c8       0x88 /usr/lib/gcc/arm-none-eabi/10.3.1/../../../arm-none-eabi/lib/thumb/v6-m/nofp/libg.a(lib_a-strcmp.o)
                0x000000001000f3c8                strcmp
 .text          0x000000001000f450       0x5c /usr/lib/gcc/arm-none-eabi/10.3.1/../../../arm-none-eabi/lib/thumb/v6-m/nofp/libg.a(lib_a-strlen-stub.o)
                0x000000001000f450                strlen
 .text          0x000000001000f4ac       0x64 /usr/lib/gcc/arm-none-eabi/10.3.1/../../../arm-none-eabi/lib/thumb/v6-m/nofp/libg.a(lib_a-strncat.o)
                0x000000001000f4ac                strncat
 .text          0x000000001000f510       0x6c /usr/lib/gcc/arm-none-eabi/10.3.1/../../../arm-none-eabi/lib/thumb/v6-m/nofp/libg.a(lib_a-strncpy.o)
                0x000000001000f510                strncpy
 .text          0x000000001000f57c       0x14 /usr/lib/gcc/arm-none-eabi/10.3.1/../../../arm-none-eabi/lib/thumb/v6-m/nofp/libg.a(lib_a-strtok.o)
                0x000000001000f57c                strtok
 .text          0x000000001000f590       0x78 /usr/lib/gcc/arm-none-eabi/10.3.1/../../../arm-none-eabi/lib/thumb/v6-m/nofp/libg.a(lib_a-strtok_r.o)
                0x000000001000f590                __strtok_r
                0x000000001000f5fc                strtok_r
 .text          0x000000001000f608      0x1b8 /usr/lib/gcc/arm-none-eabi/10.3.1/../../../arm-none-eabi/lib/thumb/v6-m/nofp/libg.a(lib_a-strtol.o)
                0x000000001000f74c                _strtol_r
                0x000000001000f768                strtol_l
                0x000000001000f794                strtol
 .text          0x000000001000f7c0       0x28 /usr/lib/gcc/arm-none-eabi/10.3.1/../../../arm-none-eabi/lib/thumb/v6-m/nofp/libg.a(lib_a-writer.o)
                0x000000001000f7c0                _write_r
 .text          0x000000001000f7e8       0x24 /usr/lib/gcc/arm-none-eabi/10.3.1/../../../arm-none-eabi/lib/thumb/v6-m/nofp/libg.a(lib_a-closer.o)
                0x000000001000f7e8                _close_r
 .text          0x000000001000f80c        0xc /usr/lib/gcc/arm-none-eabi/10.3.1/../../../arm-none-eabi/lib/thumb/v6-m/nofp/libg.a(lib_a-errno.o)
                0x000000001000f80c                __errno
 .text          0x000000001000f818       0xe8 /usr/lib/gcc/arm-none-eabi/10.3.1/../../../arm-none-eabi/lib/thumb/v6-m/nofp/libg.a(lib_a-fclose.o)
                0x000000001000f888                _fclose_r
                0x000000001000f8c0                fclose
 .text          0x000000001000f900       0x28 /usr/lib/gcc/arm-none-eabi/10.3.1/../../../arm-none-eabi/lib/thumb/v6-m/nofp/libg.a(lib_a-lseekr.o)
                0x000000001000f900                _lseek_r
 .text          0x000000001000f928       0x28 /usr/lib/gcc/arm-none-eabi/10.3.1/../../../arm-none-eabi/lib/thumb/v6-m/nofp/libg.a(lib_a-readr.o)
                0x000000001000f928                _read_r
 *(.fini)
 .fini          0x000000001000f950        0x4 /usr/lib/gcc/arm-none-eabi/10.3.1/thumb/v6-m/nofp/crti.o
                0x000000001000f950                _fini
 *fill*         0x000000001000f954        0x4 
 .fini.__stub   0x000000001000f958      0x110 linker stubs
 *crtbegin.o(.ctors)
 *crtbegin?.o(.ctors)
 *(EXCLUDE_FILE(*crtend.o *crtend?.o) .ctors)
 *(SORT_BY_NAME(.ctors.*))
 *(.ctors)
 *crtbegin.o(.dtors)
 *crtbegin?.o(.dtors)
 *(EXCLUDE_FILE(*crtend.o *crtend?.o) .dtors)
 *(SORT_BY_NAME(.dtors.*))
 *(.dtors)
                0x000000001000fa68                . = ALIGN (0x4)
                0x000000001000fa68                PROVIDE (__preinit_array_start = .)
 *(SORT_BY_NAME(.preinit_array.*))
 .preinit_array.00100
                0x000000001000fa68        0x4 CMakeFiles/DeckOS.dir/home/indresh/embedded/pico-sdk/src/rp2_common/pico_runtime_init/runtime_init.c.o
                0x000000001000fa68                __pre_init_runtime_init_early_resets
 .preinit_array.00101
                0x000000001000fa6c        0x4 CMakeFiles/DeckOS.dir/home/indresh/embedded/pico-sdk/src/rp2_common/pico_runtime_init/runtime_init.c.o
                0x000000001000fa6c                __pre_init_runtime_init_usb_power_down
 .preinit_array.00275
                0x000000001000fa70        0x4 CMakeFiles/DeckOS.dir/home/indresh/embedded/pico-sdk/src/rp2_common/pico_bit_ops/bit_ops_aeabi.S.o
 .preinit_array.00300
                0x000000001000fa74        0x4 CMakeFiles/DeckOS.dir/home/indresh/embedded/pico-sdk/src/rp2_common/pico_mem_ops/mem_ops_aeabi.S.o
 .preinit_array.00350
                0x000000001000fa78        0x4 CMakeFiles/DeckOS.dir/home/indresh/embedded/pico-sdk/src/rp2_common/pico_double/double_aeabi_rp2040.S.o
 .preinit_array.00350
                0x000000001000fa7c        0x4 CMakeFiles/DeckOS.dir/home/indresh/embedded/pico-sdk/src/rp2_common/pico_float/float_aeabi_rp2040.S.o
 .preinit_array.00500
                0x000000001000fa80        0x4 CMakeFiles/DeckOS.dir/home/indresh/embedded/pico-sdk/src/rp2_common/pico_runtime_init/runtime_init.c.o
                0x000000001000fa80                __pre_init_runtime_init_clocks
 .preinit_array.00600
                0x000000001000fa84        0x4 CMakeFiles/DeckOS.dir/home/indresh/embedded/pico-sdk/src/rp2_common/pico_runtime_init/runtime_init.c.o
                0x000000001000fa84                __pre_init_runtime_init_post_clock_resets
 .preinit_array.00700
                0x000000001000fa88        0x4 CMakeFiles/DeckOS.dir/home/indresh/embedded/pico-sdk/src/rp2_common/pico_runtime_init/runtime_init.c.o
                0x000000001000fa88                __pre_init_runtime_init_rp2040_gpio_ie_disable
 .preinit_array.01000
                0x000000001000fa8c        0x4 CMakeFiles/DeckOS.dir/home/indresh/embedded/pico-sdk/src/rp2_common/pico_runtime_init/runtime_init.c.o
                0x000000001000fa8c                __pre_init_runtime_init_spin_locks_reset
 .preinit_array.01100
                0x000000001000fa90        0x4 CMakeFiles/DeckOS.dir/home/indresh/embedded/pico-sdk/src/common/pico_sync/mutex.c.o
                0x000000001000fa90                __pre_init_runtime_init_mutex
 .preinit_array.10080
                0x000000001000fa94        0x4 CMakeFiles/DeckOS.dir/home/indresh/embedded/pico-sdk/src/rp2_common/pico_runtime_init/runtime_init.c.o
                0x000000001000fa94                __pre_init_runtime_init_install_ram_vector_table
 .preinit_array.11000
                0x000000001000fa98        0x4 CMakeFiles/DeckOS.dir/home/indresh/embedded/pico-sdk/src/common/pico_time/time.c.o
                0x000000001000fa98                __pre_init_runtime_init_default_alarm_pool
 .preinit_array.YYYYY
                0x000000001000fa9c        0x4 CMakeFiles/DeckOS.dir/home/indresh/embedded/pico-sdk/src/rp2_common/pico_runtime/runtime.c.o