Archive member included to satisfy reference by file (symbol)

/usr/lib/gcc/arm-none-eabi/10.3.1/thumb/v6-m/nofp/libgcc.a(_dvmd_tls.o)
                              CMakeFiles/DeckOS.dir/home/indresh/embedded/pico-sdk/src/rp2_common/pico_divider/divider_hardware.S.o (__aeabi_idiv0)
/usr/lib/gcc/arm-none-eabi/10.3.1/../../../arm-none-eabi/lib/thumb/v6-m/nofp/libg.a(lib_a-atexit.o)
                              /usr/lib/gcc/arm-none-eabi/10.3.1/../../../arm-none-eabi/lib/thumb/v6-m/nofp/crt0.o (atexit)
/usr/lib/gcc/arm-none-eabi/10.3.1/../../../arm-none-eabi/lib/thumb/v6-m/nofp/libg.a(lib_a-atoi.o)
                              CMakeFiles/DeckOS.dir/commands/commands.c.o (atoi)
/usr/lib/gcc/arm-none-eabi/10.3.1/../../../arm-none-eabi/lib/thumb/v6-m/nofp/libg.a(lib_a-calloc.o)
                              CMakeFiles/DeckOS.dir/home/indresh/embedded/pico-sdk/src/rp2_common/pico_malloc/malloc.c.o (calloc)
/usr/lib/gcc/arm-none-eabi/10.3.1/../../../arm-none-eabi/lib/thumb/v6-m/nofp/libg.a(lib_a-callocr.o)
                              /usr/lib/gcc/arm-none-eabi/10.3.1/../../../arm-none-eabi/lib/thumb/v6-m/nofp/libg.a(lib_a-calloc.o) (_calloc_r)
/usr/lib/gcc/arm-none-eabi/10.3.1/../../../arm-none-eabi/lib/thumb/v6-m/nofp/libg.a(lib_a-ctype_.o)
                              CMakeFiles/DeckOS.dir/shell/shell.c.o (_ctype_)
/usr/lib/gcc/arm-none-eabi/10.3.1/../../../arm-none-eabi/lib/thumb/v6-m/nofp/libg.a(lib_a-fini.o)
                              /usr/lib/gcc/arm-none-eabi/10.3.1/../../../arm-none-eabi/lib/thumb/v6-m/nofp/crt0.o (__libc_fini_array)
/usr/lib/gcc/arm-none-eabi/10.3.1/../../../arm-none-eabi/lib/thumb/v6-m/nofp/libg.a(lib_a-impure.o)
                              /usr/lib/gcc/arm-none-eabi/10.3.1/../../../arm-none-eabi/lib/thumb/v6-m/nofp/libg.a(lib_a-calloc.o) (_impure_ptr)
/usr/lib/gcc/arm-none-eabi/10.3.1/../../../arm-none-eabi/lib/thumb/v6-m/nofp/libg.a(lib_a-init.o)
                              /usr/lib/gcc/arm-none-eabi/10.3.1/../../../arm-none-eabi/lib/thumb/v6-m/nofp/crt0.o (__libc_init_array)
/usr/lib/gcc/arm-none-eabi/10.3.1/../../../arm-none-eabi/lib/thumb/v6-m/nofp/libg.a(lib_a-lcltime_r.o)
                              CMakeFiles/DeckOS.dir/home/indresh/embedded/pico-sdk/src/common/pico_util/datetime.c.o (localtime_r)
/usr/lib/gcc/arm-none-eabi/10.3.1/../../../arm-none-eabi/lib/thumb/v6-m/nofp/libg.a(lib_a-malloc.o)
                              CMakeFiles/DeckOS.dir/home/indresh/embedded/pico-sdk/src/rp2_common/pico_malloc/malloc.c.o (malloc)
/usr/lib/gcc/arm-none-eabi/10.3.1/../../../arm-none-eabi/lib/thumb/v6-m/nofp/libg.a(lib_a-mallocr.o)
                              /usr/lib/gcc/arm-none-eabi/10.3.1/../../../arm-none-eabi/lib/thumb/v6-m/nofp/libg.a(lib_a-callocr.o) (_malloc_r)
/usr/lib/gcc/arm-none-eabi/10.3.1/../../../arm-none-eabi/lib/thumb/v6-m/nofp/libg.a(lib_a-memcmp.o)
                              CMakeFiles/DeckOS.dir/home/indresh/embedded/pico-sdk/src/rp2_common/pico_atomic/atomic.c.o (memcmp)
/usr/lib/gcc/arm-none-eabi/10.3.1/../../../arm-none-eabi/lib/thumb/v6-m/nofp/libg.a(lib_a-memmove.o)
                              CMakeFiles/DeckOS.dir/shell/shell.c.o (memmove)
/usr/lib/gcc/arm-none-eabi/10.3.1/../../../arm-none-eabi/lib/thumb/v6-m/nofp/libg.a(lib_a-mktime.o)
                              CMakeFiles/DeckOS.dir/home/indresh/embedded/pico-sdk/src/common/pico_util/datetime.c.o (mktime)
/usr/lib/gcc/arm-none-eabi/10.3.1/../../../arm-none-eabi/lib/thumb/v6-m/nofp/libg.a(lib_a-mlock.o)
                              /usr/lib/gcc/arm-none-eabi/10.3.1/../../../arm-none-eabi/lib/thumb/v6-m/nofp/libg.a(lib_a-mallocr.o) (__malloc_lock)
/usr/lib/gcc/arm-none-eabi/10.3.1/../../../arm-none-eabi/lib/thumb/v6-m/nofp/libg.a(lib_a-month_lengths.o)
                              /usr/lib/gcc/arm-none-eabi/10.3.1/../../../arm-none-eabi/lib/thumb/v6-m/nofp/libg.a(lib_a-lcltime_r.o) (__month_lengths)
/usr/lib/gcc/arm-none-eabi/10.3.1/../../../arm-none-eabi/lib/thumb/v6-m/nofp/libg.a(lib_a-realloc.o)
                              CMakeFiles/DeckOS.dir/home/indresh/embedded/pico-sdk/src/rp2_common/pico_malloc/malloc.c.o (realloc)
/usr/lib/gcc/arm-none-eabi/10.3.1/../../../arm-none-eabi/lib/thumb/v6-m/nofp/libg.a(lib_a-reallocr.o)
                              /usr/lib/gcc/arm-none-eabi/10.3.1/../../../arm-none-eabi/lib/thumb/v6-m/nofp/libg.a(lib_a-realloc.o) (_realloc_r)
/usr/lib/gcc/arm-none-eabi/10.3.1/../../../arm-none-eabi/lib/thumb/v6-m/nofp/libg.a(lib_a-sbrkr.o)
                              /usr/lib/gcc/arm-none-eabi/10.3.1/../../../arm-none-eabi/lib/thumb/v6-m/nofp/libg.a(lib_a-mallocr.o) (_sbrk_r)
/usr/lib/gcc/arm-none-eabi/10.3.1/../../../arm-none-eabi/lib/thumb/v6-m/nofp/libg.a(lib_a-strcmp.o)
                              CMakeFiles/DeckOS.dir/shell/shell.c.o (strcmp)
/usr/lib/gcc/arm-none-eabi/10.3.1/../../../arm-none-eabi/lib/thumb/v6-m/nofp/libg.a(lib_a-strlen-stub.o)
                              CMakeFiles/DeckOS.dir/shell/shell.c.o (strlen)
[...]
Memory Configuration

Name             Origin             Length             Attributes
FLASH            0x0000000010000000 0x0000000000200000 xr
RAM              0x0000000020000000 0x0000000000040000 xrw
SCRATCH_X        0x0000000020040000 0x0000000000001000 xrw
SCRATCH_Y        0x0000000020041000 0x0000000000001000 xrw
*default*        0x0000000000000000 0xffffffffffffffff

Linker script and memory map

LOAD /usr/lib/gcc/arm-none-eabi/10.3.1/thumb/v6-m/nofp/crti.o
LOAD /usr/lib/gcc/arm-none-eabi/10.3.1/thumb/v6-m/nofp/crtbegin.o
LOAD /usr/lib/gcc/arm-none-eabi/10.3.1/../../../arm-none-eabi/lib/thumb/v6-m/nofp/crt0.o

.flash_begin    0x0000000010000000        0x0
                0x0000000010000000                __flash_binary_start = .

.boot2          0x0000000010000000      0x100
                0x0000000010000000                __boot2_start__ = .
 *(.boot2)
 .boot2         0x0000000010000000      0x100 pico-sdk/src/rp2040/boot_stage2/CMakeFiles/bs2_default_library.dir/bs2_default_padded_checksummed.S.o
                0x0000000010000100                __boot2_end__ = .
                0x0000000000000001                ASSERT (((__boot2_end__ - __boot2_start__) == 0x100), ERROR: Pico second stage bootloader must be 256 bytes in size)

.text           0x0000000010000100     0x94e4
                0x0000000010000100                __logical_binary_start = .
 *(.vectors)
 .vectors       0x0000000010000100       0xd4 CMakeFiles/DeckOS.dir/home/indresh/embedded/pico-sdk/src/rp2_common/pico_crt0/crt0.S.o
                0x0000000010000100                __vectors
                0x0000000010000100                __VECTOR_TABLE
                0x00000000100001c0                isr_irq30
                0x00000000100001c0                __unhandled_user_irq
                0x00000000100001c0                isr_irq13
                0x00000000100001c0                isr_irq27
                0x00000000100001c0                isr_irq31
                0x00000000100001c0                isr_irq5
                0x00000000100001c0                isr_irq11
                0x00000000100001c0                isr_irq23
                0x00000000100001c0                isr_irq18
                0x00000000100001c0                isr_irq28
                0x00000000100001c0                isr_irq19
                0x00000000100001c0                isr_irq0
                0x00000000100001c0                isr_irq6
                0x00000000100001c0                isr_irq22
                0x00000000100001c0                isr_irq17
                0x00000000100001c0                isr_irq14
                0x00000000100001c0                __vectors_end
                0x00000000100001c0                __default_isrs_start
                0x00000000100001c0                isr_irq2
                0x00000000100001c0                isr_irq10
                0x00000000100001c0                isr_irq8
                0x00000000100001c0                isr_irq24
                0x00000000100001c0                isr_irq1
                0x00000000100001c0                isr_irq7
                0x00000000100001c0                isr_irq21
                0x00000000100001c0                isr_irq20
                0x00000000100001c0                isr_irq15
                0x00000000100001c0                isr_irq25
                0x00000000100001c0                isr_irq4
                0x00000000100001c0                isr_irq16
                0x00000000100001c0                isr_irq29
                0x00000000100001c0                isr_irq26
                0x00000000100001c0                isr_irq3
                0x00000000100001c0                isr_irq12
                0x00000000100001c0                isr_irq9
                0x00000000100001c6                unhandled_user_irq_num_in_r0
                0x00000000100001c8                isr_invalid
                0x00000000100001ca                isr_nmi
                0x00000000100001cc                isr_hardfault
                0x00000000100001ce                isr_svcall
                0x00000000100001d0                isr_pendsv
                0x00000000100001d2                isr_systick
                0x00000000100001d4                __default_isrs_end
 *(.binary_info_header)
 .binary_info_header
                0x00000000100001d4       0x14 CMakeFiles/DeckOS.dir/home/indresh/embedded/pico-sdk/src/rp2_common/pico_crt0/crt0.S.o
                0x00000000100001e8                __binary_info_header_end = .
 *(.embedded_block)
                0x00000000100001e8                __embedded_block_end = .
 *(.reset)
 .reset         0x00000000100001e8       0x9c CMakeFiles/DeckOS.dir/home/indresh/embedded/pico-sdk/src/rp2_common/pico_crt0/crt0.S.o
                0x00000000100001e8                _entry_point
 *(.init)
 .init          0x0000000010000284        0x4 /usr/lib/gcc/arm-none-eabi/10.3.1/thumb/v6-m/nofp/crti.o
                0x0000000010000284                _init
 *(EXCLUDE_FILE(*libm.a: *libc.a:*lib_a-mem*.o *libgcc.a:) .text*)
 .text          0x0000000010000288       0x98 /usr/lib/gcc/arm-none-eabi/10.3.1/thumb/v6-m/nofp/crtbegin.o
 .text.startup.main
                0x0000000010000320        0xc CMakeFiles/DeckOS.dir/main.c.o
                0x0000000010000320                main
 .text.task_heartbeat
                0x000000001000032c       0x2c CMakeFiles/DeckOS.dir/kernel/kernel.c.o
 .text.kernel_init
                0x0000000010000358       0x48 CMakeFiles/DeckOS.dir/kernel/kernel.c.o
                0x0000000010000358                kernel_init
 .text.kernel_run
                0x00000000100003a0        0x8 CMakeFiles/DeckOS.dir/kernel/kernel.c.o
                0x00000000100003a0                kernel_run
 .text.bootloader_run
                0x00000000100003a8      0x154 CMakeFiles/DeckOS.dir/kernel/bootloader.c.o
                0x00000000100003a8                bootloader_run
 .text.config_defaults
                0x00000000100004fc       0xc0 CMakeFiles/DeckOS.dir/kernel/config.c.o
                0x00000000100004fc                config_defaults
 .text.config_load
                0x00000000100005bc      0x21c CMakeFiles/DeckOS.dir/kernel/config.c.o
                0x00000000100005bc                config_load
 .text.config_save
                0x00000000100007d8       0xf0 CMakeFiles/DeckOS.dir/kernel/config.c.o
                0x00000000100007d8                config_save
 .text.config_print
                0x00000000100008c8       0xb8 CMakeFiles/DeckOS.dir/kernel/config.c.o
                0x00000000100008c8                config_print
 .text.core1_entry
                0x0000000010000980       0x70 CMakeFiles/DeckOS.dir/kernel/scheduler.c.o
 .text.sched_init
                0x00000000100009f0       0x28 CMakeFiles/DeckOS.dir/kernel/scheduler.c.o
                0x00000000100009f0                sched_init
 .text.sched_register
                0x0000000010000a18       0x4c CMakeFiles/DeckOS.dir/kernel/scheduler.c.o
                0x0000000010000a18                sched_register
 .text.sched_enable
                0x0000000010000a64       0x24 CMakeFiles/DeckOS.dir/kernel/scheduler.c.o
                0x0000000010000a64                sched_enable
 .text.sched_list
                0x0000000010000a88       0x74 CMakeFiles/DeckOS.dir/kernel/scheduler.c.o
                0x0000000010000a88                sched_list
 .text.shell_init
                0x0000000010000afc       0x28 CMakeFiles/DeckOS.dir/shell/shell.c.o
                0x0000000010000afc                shell_init
 .text.shell_run
                0x0000000010000b24      0x294 CMakeFiles/DeckOS.dir/shell/shell.c.o
                0x0000000010000b24                shell_run
 .text.cmd_temp
                0x0000000010000db8       0xb0 CMakeFiles/DeckOS.dir/commands/commands.c.o
 .text.cmd_clear
                0x0000000010000e68       0x10 CMakeFiles/DeckOS.dir/commands/commands.c.o
 .text.cmd_mem  0x0000000010000e78       0x34 CMakeFiles/DeckOS.dir/commands/commands.c.o
 .text.cmd_version
                0x0000000010000eac       0x24 CMakeFiles/DeckOS.dir/commands/commands.c.o
 .text.cmd_dfu  0x0000000010000ed0       0x1c CMakeFiles/DeckOS.dir/commands/commands.c.o
 .text.cmd_config
                0x0000000010000eec      0x17c CMakeFiles/DeckOS.dir/commands/commands.c.o
 .text.cmd_sleep
                0x0000000010001068       0x48 CMakeFiles/DeckOS.dir/commands/commands.c.o
 .text.cmd_adc  0x00000000100010b0       0x90 CMakeFiles/DeckOS.dir/commands/commands.c.o
 .text.cmd_drivers
                0x0000000010001140        0x8 CMakeFiles/DeckOS.dir/commands/commands.c.o
 .text.cmd_echo
                0x0000000010001148       0x68 CMakeFiles/DeckOS.dir/commands/commands.c.o
 .text.cmd_sysinfo
                0x00000000100011b0      0x124 CMakeFiles/DeckOS.dir/commands/commands.c.o
 .text.cmd_pin  0x00000000100012d4       0x74 CMakeFiles/DeckOS.dir/commands/commands.c.o
 .text.cmd_led  0x0000000010001348      0x144 CMakeFiles/DeckOS.dir/commands/commands.c.o
 .text.cmd_wdog
                0x000000001000148c       0x38 CMakeFiles/DeckOS.dir/commands/commands.c.o
 .text.cmd_uid  0x00000000100014c4       0x38 CMakeFiles/DeckOS.dir/commands/commands.c.o
 .text.cmd_reboot
                0x00000000100014fc       0x20 CMakeFiles/DeckOS.dir/commands/commands.c.o
 .text.cmd_tasks
                0x000000001000151c       0x70 CMakeFiles/DeckOS.dir/commands/commands.c.o
 .text.cmd_gpio
                0x000000001000158c      0x16c CMakeFiles/DeckOS.dir/commands/commands.c.o
 .text.cmd_pull
                0x00000000100016f8       0xbc CMakeFiles/DeckOS.dir/commands/commands.c.o
 .text.cmd_pwm  0x00000000100017b4       0xc4 CMakeFiles/DeckOS.dir/commands/commands.c.o
 .text.commands_execute.part.0
                0x0000000010001878       0xa0 CMakeFiles/DeckOS.dir/commands/commands.c.o
 .text.cmd_repeat
                0x0000000010001918       0xb0 CMakeFiles/DeckOS.dir/commands/commands.c.o
 .text.cmd_clock
                0x00000000100019c8       0x78 CMakeFiles/DeckOS.dir/commands/commands.c.o
 .text.cmd_i2c  0x0000000010001a40      0x2c0 CMakeFiles/DeckOS.dir/commands/commands.c.o
 .text.cmd_uptime
                0x0000000010001d00       0x60 CMakeFiles/DeckOS.dir/commands/commands.c.o
 .text.cmd_help
                0x0000000010001d60       0x30 CMakeFiles/DeckOS.dir/commands/commands.c.o
 .text.commands_init
                0x0000000010001d90       0x10 CMakeFiles/DeckOS.dir/commands/commands.c.o
                0x0000000010001d90                commands_init
 .text.commands_execute
                0x0000000010001da0       0x14 CMakeFiles/DeckOS.dir/commands/commands.c.o
                0x0000000010001da0                commands_execute
 .text.drv_gpio_init
                0x0000000010001db4        0x4 CMakeFiles/DeckOS.dir/drivers/drivers.c.o
 .text.drv_i2c0_deinit
                0x0000000010001db8       0x10 CMakeFiles/DeckOS.dir/drivers/drivers.c.o
 .text.drv_i2c0_init
                0x0000000010001dc8       0x3c CMakeFiles/DeckOS.dir/drivers/drivers.c.o
 .text.drv_adc_init
                0x0000000010001e04       0x14 CMakeFiles/DeckOS.dir/drivers/drivers.c.o
 .text.drv_pwm_init
                0x0000000010001e18        0x4 CMakeFiles/DeckOS.dir/drivers/drivers.c.o
 .text.drivers_init_all
                0x0000000010001e1c      0x114 CMakeFiles/DeckOS.dir/drivers/drivers.c.o
                0x0000000010001e1c                drivers_init_all
 .text.drivers_list
                0x0000000010001f30       0x74 CMakeFiles/DeckOS.dir/drivers/drivers.c.o
                0x0000000010001f30                drivers_list
 .text.gpio_set_function
                0x0000000010001fa4       0x34 CMakeFiles/DeckOS.dir/home/indresh/embedded/pico-sdk/src/rp2_common/hardware_gpio/gpio.c.o
                0x0000000010001fa4                gpio_set_function
 .text.gpio_set_pulls
                0x0000000010001fd8       0x34 CMakeFiles/DeckOS.dir/home/indresh/embedded/pico-sdk/src/rp2_common/hardware_gpio/gpio.c.o
                0x0000000010001fd8                gpio_set_pulls
 .text.gpio_init
                0x000000001000200c       0x40 CMakeFiles/DeckOS.dir/home/indresh/embedded/pico-sdk/src/rp2_common/hardware_gpio/gpio.c.o
                0x000000001000200c                gpio_init
 .text.rp2040_chip_version
                0x000000001000204c        0xc CMakeFiles/DeckOS.dir/home/indresh/embedded/pico-sdk/src/rp2040/pico_platform/platform.c.o
                0x000000001000204c                rp2040_chip_version
 .text.panic    0x0000000010002058       0x30 CMakeFiles/DeckOS.dir/home/indresh/embedded/pico-sdk/src/rp2_common/pico_platform_panic/panic.c.o
                0x0000000010002058                panic
 .text.hw_claim_or_assert
                0x0000000010002088       0x44 CMakeFiles/DeckOS.dir/home/indresh/embedded/pico-sdk/src/common/hardware_claim/claim.c.o
                0x0000000010002088                hw_claim_or_assert
 .text.hw_claim_unused_from_range
                0x00000000100020cc       0x9c CMakeFiles/DeckOS.dir/home/indresh/embedded/pico-sdk/src/common/hardware_claim/claim.c.o
                0x00000000100020cc                hw_claim_unused_from_range
 .text.next_striped_spin_lock_num
                0x0000000010002168       0x18 CMakeFiles/DeckOS.dir/home/indresh/embedded/pico-sdk/src/rp2_common/hardware_sync/sync.c.o
                0x0000000010002168                next_striped_spin_lock_num
 .text.spin_lock_claim_unused
                0x0000000010002180       0x20 CMakeFiles/DeckOS.dir/home/indresh/embedded/pico-sdk/src/rp2_common/hardware_sync/sync.c.o
                0x0000000010002180                spin_lock_claim_unused
 .text.spin_locks_reset
                0x00000000100021a0       0x1c CMakeFiles/DeckOS.dir/home/indresh/embedded/pico-sdk/src/rp2_common/hardware_sync_spin_lock/sync_spin_lock.c.o
                0x00000000100021a0                spin_locks_reset
 .text.runtime_init_per_core_irq_priorities
                0x00000000100021bc       0x24 CMakeFiles/DeckOS.dir/home/indresh/embedded/pico-sdk/src/rp2_common/hardware_irq/irq.c.o
                0x00000000100021bc                runtime_init_per_core_irq_priorities
 .text.irq_set_enabled
                0x00000000100021e0       0x24 CMakeFiles/DeckOS.dir/home/indresh/embedded/pico-sdk/src/rp2_common/hardware_irq/irq.c.o
                0x00000000100021e0                irq_set_enabled
 .text.irq_is_enabled
                0x0000000010002204       0x18 CMakeFiles/DeckOS.dir/home/indresh/embedded/pico-sdk/src/rp2_common/hardware_irq/irq.c.o
                0x0000000010002204                irq_is_enabled
 .text.irq_set_pending
                0x000000001000221c       0x10 CMakeFiles/DeckOS.dir/home/indresh/embedded/pico-sdk/src/rp2_common/hardware_irq/irq.c.o
                0x000000001000221c                irq_set_pending
 .text.irq_has_shared_handler
                0x000000001000222c       0x24 CMakeFiles/DeckOS.dir/home/indresh/embedded/pico-sdk/src/rp2_common/hardware_irq/irq.c.o
                0x000000001000222c                irq_has_shared_handler
 .text.irq_set_exclusive_handler
                0x0000000010002250       0x54 CMakeFiles/DeckOS.dir/home/indresh/embedded/pico-sdk/src/rp2_common/hardware_irq/irq.c.o
                0x0000000010002250                irq_set_exclusive_handler
 .text.irq_add_shared_handler
                0x00000000100022a4      0x1e8 CMakeFiles/DeckOS.dir/home/indresh/embedded/pico-sdk/src/rp2_common/hardware_irq/irq.c.o
                0x00000000100022a4                irq_add_shared_handler
 .text.irq_add_tail_to_free_list
                0x000000001000248c       0xb4 CMakeFiles/DeckOS.dir/home/indresh/embedded/pico-sdk/src/rp2_common/hardware_irq/irq.c.o
                0x000000001000248c                irq_add_tail_to_free_list
 .text.user_irq_claim_unused
                0x0000000010002540       0x28 CMakeFiles/DeckOS.dir/home/indresh/embedded/pico-sdk/src/rp2_common/hardware_irq/irq.c.o
                0x0000000010002540                user_irq_claim_unused
 .text.lock_init
                0x0000000010002568       0x10 CMakeFiles/DeckOS.dir/home/indresh/embedded/pico-sdk/src/common/pico_sync/lock_core.c.o
                0x0000000010002568                lock_init
 .text.runtime_init_mutex
                0x0000000010002578       0x58 CMakeFiles/DeckOS.dir/home/indresh/embedded/pico-sdk/src/common/pico_sync/mutex.c.o
                0x0000000010002578                runtime_init_mutex
 .text.mutex_init
                0x00000000100025d0       0x1c CMakeFiles/DeckOS.dir/home/indresh/embedded/pico-sdk/src/common/pico_sync/mutex.c.o
                0x00000000100025d0                mutex_init
 .text.critical_section_init
                0x00000000100025ec       0x20 CMakeFiles/DeckOS.dir/home/indresh/embedded/pico-sdk/src/common/pico_sync/critical_section.c.o
                0x00000000100025ec                critical_section_init
 .text.critical_section_init_with_lock_num
                0x000000001000260c       0x14 CMakeFiles/DeckOS.dir/home/indresh/embedded/pico-sdk/src/common/pico_sync/critical_section.c.o
                0x000000001000260c                critical_section_init_with_lock_num
 .text.sleep_until_callback
                0x0000000010002620       0x30 CMakeFiles/DeckOS.dir/home/indresh/embedded/pico-sdk/src/common/pico_time/time.c.o
 .text.alarm_pool_irq_handler
                0x0000000010002650      0x308 CMakeFiles/DeckOS.dir/home/indresh/embedded/pico-sdk/src/common/pico_time/time.c.o
 .text.runtime_init_default_alarm_pool
                0x0000000010002958       0xdc CMakeFiles/DeckOS.dir/home/indresh/embedded/pico-sdk/src/common/pico_time/time.c.o
                0x0000000010002958                runtime_init_default_alarm_pool
 .text.alarm_pool_get_default
                0x0000000010002a34        0x8 CMakeFiles/DeckOS.dir/home/indresh/embedded/pico-sdk/src/common/pico_time/time.c.o
                0x0000000010002a34                alarm_pool_get_default
 .text.alarm_pool_add_alarm_at
                0x0000000010002a3c       0xc8 CMakeFiles/DeckOS.dir/home/indresh/embedded/pico-sdk/src/common/pico_time/time.c.o
                0x0000000010002a3c                alarm_pool_add_alarm_at
 .text.alarm_pool_add_alarm_at_force_in_context
                0x0000000010002b04       0xb0 CMakeFiles/DeckOS.dir/home/indresh/embedded/pico-sdk/src/common/pico_time/time.c.o
                0x0000000010002b04                alarm_pool_add_alarm_at_force_in_context
 .text.alarm_pool_cancel_alarm
                0x0000000010002bb4       0x7c CMakeFiles/DeckOS.dir/home/indresh/embedded/pico-sdk/src/common/pico_time/time.c.o
                0x0000000010002bb4                alarm_pool_cancel_alarm
 .text.alarm_pool_core_num
                0x0000000010002c30        0x4 CMakeFiles/DeckOS.dir/home/indresh/embedded/pico-sdk/src/common/pico_time/time.c.o
                0x0000000010002c30                alarm_pool_core_num
 .text.sleep_until
                0x0000000010002c34       0xd0 CMakeFiles/DeckOS.dir/home/indresh/embedded/pico-sdk/src/common/pico_time/time.c.o
                0x0000000010002c34                sleep_until
 .text.sleep_us
                0x0000000010002d04       0x24 CMakeFiles/DeckOS.dir/home/indresh/embedded/pico-sdk/src/common/pico_time/time.c.o
                0x0000000010002d04                sleep_us
 .text.sleep_ms
                0x0000000010002d28       0x34 CMakeFiles/DeckOS.dir/home/indresh/embedded/pico-sdk/src/common/pico_time/time.c.o
                0x0000000010002d28                sleep_ms
 .text.best_effort_wfe_or_timeout
                0x0000000010002d5c       0xfc CMakeFiles/DeckOS.dir/home/indresh/embedded/pico-sdk/src/common/pico_time/time.c.o
                0x0000000010002d5c                best_effort_wfe_or_timeout
 .text.check_single_timeout_us
                0x0000000010002e58       0x28 CMakeFiles/DeckOS.dir/home/indresh/embedded/pico-sdk/src/common/pico_time/timeout_helper.c.o
 .text.init_single_timeout_until
                0x0000000010002e80        0xc CMakeFiles/DeckOS.dir/home/indresh/embedded/pico-sdk/src/common/pico_time/timeout_helper.c.o
                0x0000000010002e80                init_single_timeout_until
 .text.timer_hardware_alarm_claim
                0x0000000010002e8c       0x14 CMakeFiles/DeckOS.dir/home/indresh/embedded/pico-sdk/src/rp2_common/hardware_timer/timer.c.o
                0x0000000010002e8c                timer_hardware_alarm_claim
 .text.timer_time_us_64
                0x0000000010002ea0       0x10 CMakeFiles/DeckOS.dir/home/indresh/embedded/pico-sdk/src/rp2_common/hardware_timer/timer.c.o
                0x0000000010002ea0                timer_time_us_64
 .text.time_us_64
                0x0000000010002eb0       0x14 CMakeFiles/DeckOS.dir/home/indresh/embedded/pico-sdk/src/rp2_common/hardware_timer/timer.c.o
                0x0000000010002eb0                time_us_64
 .text.busy_wait_us
                0x0000000010002ec4       0x54 CMakeFiles/DeckOS.dir/home/indresh/embedded/pico-sdk/src/rp2_common/hardware_timer/timer.c.o
                0x0000000010002ec4                busy_wait_us
 .text.busy_wait_until
                0x0000000010002f18       0x20 CMakeFiles/DeckOS.dir/home/indresh/embedded/pico-sdk/src/rp2_common/hardware_timer/timer.c.o
                0x0000000010002f18                busy_wait_until
 .text.clock_configure_int_divider
                0x0000000010002f38       0xf4 CMakeFiles/DeckOS.dir/home/indresh/embedded/pico-sdk/src/rp2_common/hardware_clocks/clocks.c.o
                0x0000000010002f38                clock_configure_int_divider
 .text.clock_configure_undivided
                0x000000001000302c       0xe8 CMakeFiles/DeckOS.dir/home/indresh/embedded/pico-sdk/src/rp2_common/hardware_clocks/clocks.c.o
                0x000000001000302c                clock_configure_undivided
 .text.clock_get_hz
                0x0000000010003114        0xc CMakeFiles/DeckOS.dir/home/indresh/embedded/pico-sdk/src/rp2_common/hardware_clocks/clocks.c.o
                0x0000000010003114                clock_get_hz
 .text.set_sys_clock_pll
                0x0000000010003120      0x1c0 CMakeFiles/DeckOS.dir/home/indresh/embedded/pico-sdk/src/rp2_common/hardware_clocks/clocks.c.o
                0x0000000010003120                set_sys_clock_pll
 .text.check_sys_clock_khz
                0x00000000100032e0      0x17c CMakeFiles/DeckOS.dir/home/indresh/embedded/pico-sdk/src/rp2_common/hardware_clocks/clocks.c.o
                0x00000000100032e0                check_sys_clock_khz
 .text.pll_init
                0x000000001000345c       0xa0 CMakeFiles/DeckOS.dir/home/indresh/embedded/pico-sdk/src/rp2_common/hardware_pll/pll.c.o
                0x000000001000345c                pll_init
 .text.watchdog_enable
                0x00000000100034fc       0x84 CMakeFiles/DeckOS.dir/home/indresh/embedded/pico-sdk/src/rp2_common/hardware_watchdog/watchdog.c.o
                0x00000000100034fc                watchdog_enable
 .text.watchdog_reboot
                0x0000000010003580       0x98 CMakeFiles/DeckOS.dir/home/indresh/embedded/pico-sdk/src/rp2_common/hardware_watchdog/watchdog.c.o
                0x0000000010003580                watchdog_reboot
 .text.watchdog_caused_reboot
                0x0000000010003618       0x10 CMakeFiles/DeckOS.dir/home/indresh/embedded/pico-sdk/src/rp2_common/hardware_watchdog/watchdog.c.o
                0x0000000010003618                watchdog_caused_reboot
 .text.tick_start
                0x0000000010003628       0x10 CMakeFiles/DeckOS.dir/home/indresh/embedded/pico-sdk/src/rp2_common/hardware_ticks/ticks.c.o
                0x0000000010003628                tick_start
 .text.rom_func_lookup
                0x0000000010003638       0x10 CMakeFiles/DeckOS.dir/home/indresh/embedded/pico-sdk/src/rp2_common/pico_bootrom/bootrom.c.o
                0x0000000010003638                rom_func_lookup
 .text.rom_data_lookup
                0x0000000010003648       0x10 CMakeFiles/DeckOS.dir/home/indresh/embedded/pico-sdk/src/rp2_common/pico_bootrom/bootrom.c.o
                0x0000000010003648                rom_data_lookup
 .text.rom_funcs_lookup
                0x0000000010003658       0x44 CMakeFiles/DeckOS.dir/home/indresh/embedded/pico-sdk/src/rp2_common/pico_bootrom/bootrom.c.o
                0x0000000010003658                rom_funcs_lookup
 .text.rom_reset_usb_boot
                0x000000001000369c       0x20 CMakeFiles/DeckOS.dir/home/indresh/embedded/pico-sdk/src/rp2_common/pico_bootrom/bootrom.c.o
                0x000000001000369c                rom_reset_usb_boot
 .text.rom_reset_usb_boot_extra
                0x00000000100036bc       0x28 CMakeFiles/DeckOS.dir/home/indresh/embedded/pico-sdk/src/rp2_common/pico_bootrom/bootrom.c.o
                0x00000000100036bc                rom_reset_usb_boot_extra
 .text.xosc_init
                0x00000000100036e4       0x28 CMakeFiles/DeckOS.dir/home/indresh/embedded/pico-sdk/src/rp2_common/hardware_xosc/xosc.c.o
                0x00000000100036e4                xosc_init
 .text.first_per_core_initializer
                0x000000001000370c        0x4 CMakeFiles/DeckOS.dir/home/indresh/embedded/pico-sdk/src/rp2_common/pico_runtime/runtime.c.o
 .text.hard_assertion_failure
                0x0000000010003710        0xc CMakeFiles/DeckOS.dir/home/indresh/embedded/pico-sdk/src/rp2_common/pico_runtime/runtime.c.o
                0x0000000010003710                hard_assertion_failure
 .text.runtime_run_initializers
                0x000000001000371c       0x28 CMakeFiles/DeckOS.dir/home/indresh/embedded/pico-sdk/src/rp2_common/pico_runtime/runtime.c.o
                0x000000001000371c                runtime_run_initializers
 .text.runtime_run_per_core_initializers
                0x0000000010003744       0x28 CMakeFiles/DeckOS.dir/home/indresh/embedded/pico-sdk/src/rp2_common/pico_runtime/runtime.c.o
                0x0000000010003744                runtime_run_per_core_initializers
 .text.runtime_init_early_resets
                0x000000001000376c       0x2c CMakeFiles/DeckOS.dir/home/indresh/embedded/pico-sdk/src/rp2_common/pico_runtime_init/runtime_init.c.o
                0x000000001000376c                runtime_init_early_resets
 .text.runtime_init_usb_power_down
                0x0000000010003798       0x1c CMakeFiles/DeckOS.dir/home/indresh/embedded/pico-sdk/src/rp2_common/pico_runtime_init/runtime_init.c.o
                0x0000000010003798                runtime_init_usb_power_down
 .text.runtime_init_post_clock_resets
                0x00000000100037b4       0x20 CMakeFiles/DeckOS.dir/home/indresh/embedded/pico-sdk/src/rp2_common/pico_runtime_init/runtime_init.c.o
                0x00000000100037b4                runtime_init_post_clock_resets
 .text.runtime_init_rp2040_gpio_ie_disable
                0x00000000100037d4       0x14 CMakeFiles/DeckOS.dir/home/indresh/embedded/pico-sdk/src/rp2_common/pico_runtime_init/runtime_init.c.o
                0x00000000100037d4                runtime_init_rp2040_gpio_ie_disable
 .text.runtime_init_spin_locks_reset
                0x00000000100037e8        0x8 CMakeFiles/DeckOS.dir/home/indresh/embedded/pico-sdk/src/rp2_common/pico_runtime_init/runtime_init.c.o
                0x00000000100037e8                runtime_init_spin_locks_reset
 .text.runtime_init_install_ram_vector_table
                0x00000000100037f0       0xcc CMakeFiles/DeckOS.dir/home/indresh/embedded/pico-sdk/src/rp2_common/pico_runtime_init/runtime_init.c.o
                0x00000000100037f0                runtime_init_install_ram_vector_table
 .text.runtime_init_clocks
                0x00000000100038bc       0xd8 CMakeFiles/DeckOS.dir/home/indresh/embedded/pico-sdk/src/rp2_common/pico_runtime_init/runtime_init_clocks.c.o
                0x00000000100038bc                runtime_init_clocks
 .text          0x0000000010003994       0x10 CMakeFiles/DeckOS.dir/home/indresh/embedded/pico-sdk/src/rp2_common/pico_bit_ops/bit_ops_aeabi.S.o
 .text.__wrap___aeabi_idiv
                0x00000000100039a4       0x50 CMakeFiles/DeckOS.dir/home/indresh/embedded/pico-sdk/src/rp2_common/pico_divider/divider_hardware.S.o
                0x00000000100039a4                __wrap___aeabi_idivmod
                0x00000000100039a4                divmod_s32s32
                0x00000000100039a4                div_s32s32
                0x00000000100039a4                __wrap___aeabi_idiv
                0x00000000100039ac                divmod_s32s32_unsafe
                0x00000000100039d8                divmod_s32s32_savestate
 .text.__wrap___aeabi_uidiv
                0x00000000100039f4       0x4c CMakeFiles/DeckOS.dir/home/indresh/embedded/pico-sdk/src/rp2_common/pico_divider/divider_hardware.S.o
                0x00000000100039f4                __wrap___aeabi_uidiv
                0x00000000100039f4                __wrap___aeabi_uidivmod
                0x00000000100039f4                div_u32u32
                0x00000000100039f4                divmod_u32u32
                0x00000000100039fc                divmod_u32u32_unsafe
                0x0000000010003a24                divmod_u32u32_savestate
 .text.__wrap___aeabi_ldiv
                0x0000000010003a40      0x424 CMakeFiles/DeckOS.dir/home/indresh/embedded/pico-sdk/src/rp2_common/pico_divider/divider_hardware.S.o
                0x0000000010003a40                div_s64s64
                0x0000000010003a40                divmod_s64s64
                0x0000000010003a40                __wrap___aeabi_ldivmod
                0x0000000010003a70                div_u64u64
                0x0000000010003a70                divmod_u64u64
                0x0000000010003a70                __wrap___aeabi_uldivmod
                0x0000000010003a80                divmod_u64u64_savestate
                0x0000000010003aa0                divmod_s64s64_unsafe
                0x0000000010003b28                divmod_u64u64_unsafe
 .text.__wrap___aeabi_darithmetic
                0x0000000010003e64       0x80 CMakeFiles/DeckOS.dir/home/indresh/embedded/pico-sdk/src/rp2_common/pico_double/double_aeabi_rp2040.S.o
                0x0000000010003e64                __wrap___aeabi_drsub
                0x0000000010003e6a                __wrap___aeabi_dsub
                0x0000000010003e7c                __wrap___aeabi_dadd
                0x0000000010003e8e                __wrap___aeabi_ddiv
                0x0000000010003eca                __wrap___aeabi_dmul
 .text.__wrap___aeabi_cdcmple
                0x0000000010003ee4       0x6c CMakeFiles/DeckOS.dir/home/indresh/embedded/pico-sdk/src/rp2_common/pico_double/double_aeabi_rp2040.S.o
                0x0000000010003ee4                __wrap___aeabi_cdrcmple
                0x0000000010003ef4                __wrap___aeabi_cdcmple
                0x0000000010003ef4                __wrap___aeabi_cdcmpeq
 .text.__wrap___aeabi_dcmplt
                0x0000000010003f50        0xc CMakeFiles/DeckOS.dir/home/indresh/embedded/pico-sdk/src/rp2_common/pico_double/double_aeabi_rp2040.S.o
                0x0000000010003f50                __wrap___aeabi_dcmplt
 .text.__wrap___aeabi_dcmple
                0x0000000010003f5c       0x10 CMakeFiles/DeckOS.dir/home/indresh/embedded/pico-sdk/src/rp2_common/pico_double/double_aeabi_rp2040.S.o
                0x0000000010003f5c                __wrap___aeabi_dcmple
 .text.__wrap___aeabi_dcmpge
                0x0000000010003f6c       0x10 CMakeFiles/DeckOS.dir/home/indresh/embedded/pico-sdk/src/rp2_common/pico_double/double_aeabi_rp2040.S.o
                0x0000000010003f6c                __wrap___aeabi_dcmpge
 .text.__wrap___aeabi_dcmpgt
                0x0000000010003f7c        0xa CMakeFiles/DeckOS.dir/home/indresh/embedded/pico-sdk/src/rp2_common/pico_double/double_aeabi_rp2040.S.o
                0x0000000010003f7c                __wrap___aeabi_dcmpgt
 .text.__wrap___aeabi_dcmpun
                0x0000000010003f86       0x18 CMakeFiles/DeckOS.dir/home/indresh/embedded/pico-sdk/src/rp2_common/pico_double/double_aeabi_rp2040.S.o
                0x0000000010003f86                __wrap___aeabi_dcmpun
 *fill*         0x0000000010003f9e        0x2 
 .text.__wrap___aeabi_i2d
                0x0000000010003fa0       0x38 CMakeFiles/DeckOS.dir/home/indresh/embedded/pico-sdk/src/rp2_common/pico_double/double_aeabi_rp2040.S.o
                0x0000000010003fa0                __wrap___aeabi_ui2d
                0x0000000010003fa0                uint2double
                0x0000000010003fa8                __wrap___aeabi_i2d
                0x0000000010003fa8                int2double
 .text.__wrap___aeabi_d2iz
                0x0000000010003fd8       0x48 CMakeFiles/DeckOS.dir/home/indresh/embedded/pico-sdk/src/rp2_common/pico_double/double_aeabi_rp2040.S.o
                0x0000000010003fd8                __wrap___aeabi_d2iz
                0x0000000010003fd8                double2int_z
 .text.__wrap___aeabi_d2uiz
                0x0000000010004020       0x18 CMakeFiles/DeckOS.dir/home/indresh/embedded/pico-sdk/src/rp2_common/pico_double/double_aeabi_rp2040.S.o
                0x0000000010004020                double2uint_z
                0x0000000010004020                double2uint
                0x0000000010004020                __wrap___aeabi_d2uiz
 .text.__aeabi_double_init
                0x0000000010004038       0xa0 CMakeFiles/DeckOS.dir/home/indresh/embedded/pico-sdk/src/rp2_common/pico_double/double_init_rom_rp2040.c.o
                0x0000000010004038                __aeabi_double_init
 .text.double_table_shim_on_use_helper
                0x00000000100040d8       0x2c CMakeFiles/DeckOS.dir/home/indresh/embedded/pico-sdk/src/rp2_common/pico_double/double_v1_rom_shim_rp2040.S.o
                0x00000000100040d8                double_table_shim_on_use_helper
 .text.__wrap___aeabi_dsub
                0x0000000010004104       0x10 CMakeFiles/DeckOS.dir/home/indresh/embedded/pico-sdk/src/rp2_common/pico_double/double_v1_rom_shim_rp2040.S.o
                0x0000000010004104                drsub_shim
                0x000000001000410a                dsub_shim
 .text.dadd_shim
                0x0000000010004114      0x15c CMakeFiles/DeckOS.dir/home/indresh/embedded/pico-sdk/src/rp2_common/pico_double/double_v1_rom_shim_rp2040.S.o
                0x0000000010004114                dadd_shim
 .text.dmul_shim
                0x0000000010004270      0x15c CMakeFiles/DeckOS.dir/home/indresh/embedded/pico-sdk/src/rp2_common/pico_double/double_v1_rom_shim_rp2040.S.o
                0x0000000010004270                dmul_shim
 .text.ddiv_shim
                0x00000000100043cc      0x1b0 CMakeFiles/DeckOS.dir/home/indresh/embedded/pico-sdk/src/rp2_common/pico_double/double_v1_rom_shim_rp2040.S.o
                0x00000000100043cc                ddiv_shim
 .text.double2uint_shim
                0x000000001000457c        0xe CMakeFiles/DeckOS.dir/home/indresh/embedded/pico-sdk/src/rp2_common/pico_double/double_v1_rom_shim_rp2040.S.o
                0x000000001000457c                double2uint_shim
                0x000000001000457e                double2ufix_shim
 *fill*         0x000000001000458a        0x2 
 .text.double2uint64_shim
                0x000000001000458c       0x70 CMakeFiles/DeckOS.dir/home/indresh/embedded/pico-sdk/src/rp2_common/pico_double/double_v1_rom_shim_rp2040.S.o
                0x000000001000458c                double2uint64_shim
                0x000000001000458e                double2ufix64_shim
                0x00000000100045ae                d2fix_a
 .text.dunpacks
                0x00000000100045fc       0x3c CMakeFiles/DeckOS.dir/home/indresh/embedded/pico-sdk/src/rp2_common/pico_double/double_v1_rom_shim_rp2040.S.o
                0x00000000100045fc                dunpacks
 .text.__aeabi_lmul
                0x0000000010004638       0x32 CMakeFiles/DeckOS.dir/home/indresh/embedded/pico-sdk/src/rp2_common/pico_int64_ops/pico_int64_ops_aeabi.S.o
                0x0000000010004638                __wrap___aeabi_lmul
 *fill*         0x000000001000466a        0x2 
 .text.__wrap___aeabi_farithmetic
                0x000000001000466c       0x48 CMakeFiles/DeckOS.dir/home/indresh/embedded/pico-sdk/src/rp2_common/pico_float/float_aeabi_rp2040.S.o
                0x000000001000466c                __wrap___aeabi_frsub
                0x0000000010004672                __wrap___aeabi_fsub
                0x0000000010004678                __wrap___aeabi_fadd
                0x000000001000467e                __wrap___aeabi_fdiv
                0x00000000100046a6                __wrap___aeabi_fmul
 .text.__wrap___aeabi_i2f
                0x00000000100046b4       0x44 CMakeFiles/DeckOS.dir/home/indresh/embedded/pico-sdk/src/rp2_common/pico_float/float_aeabi_rp2040.S.o
                0x00000000100046b4                int2float
                0x00000000100046b4                __wrap___aeabi_i2f
 .text.__wrap___aeabi_f2d
                0x00000000100046f8       0x14 CMakeFiles/DeckOS.dir/home/indresh/embedded/pico-sdk/src/rp2_common/pico_float/float_aeabi_rp2040.S.o
                0x00000000100046f8                __wrap___aeabi_f2d
 .text.__aeabi_float_init
                0x000000001000470c       0x64 CMakeFiles/DeckOS.dir/home/indresh/embedded/pico-sdk/src/rp2_common/pico_float/float_init_rom_rp2040.c.o
                0x000000001000470c                __aeabi_float_init
 .text.float_table_shim_on_use_helper
                0x0000000010004770       0x2c CMakeFiles/DeckOS.dir/home/indresh/embedded/pico-sdk/src/rp2_common/pico_float/float_v1_rom_shim_rp2040.S.o
                0x0000000010004770                float_table_shim_on_use_helper
 .text.float2double_shim
                0x000000001000479c       0x30 CMakeFiles/DeckOS.dir/home/indresh/embedded/pico-sdk/src/rp2_common/pico_float/float_v1_rom_shim_rp2040.S.o
                0x000000001000479c                float2double_shim
 .text          0x00000000100047cc       0x10 CMakeFiles/DeckOS.dir/home/indresh/embedded/pico-sdk/src/rp2_common/pico_mem_ops/mem_ops_aeabi.S.o
                0x00000000100047cc                __aeabi_mem_init
 .text.memset   0x00000000100047dc        0xc CMakeFiles/DeckOS.dir/home/indresh/embedded/pico-sdk/src/rp2_common/pico_mem_ops/mem_ops_aeabi.S.o
                0x00000000100047dc                __wrap_memset
 .text.memcpy   0x00000000100047e8        0xc CMakeFiles/DeckOS.dir/home/indresh/embedded/pico-sdk/src/rp2_common/pico_mem_ops/mem_ops_aeabi.S.o
                0x00000000100047e8                __wrap___aeabi_memcpy
                0x00000000100047e8                __wrap_memcpy
 .text._out_null
                0x00000000100047f4        0x4 CMakeFiles/DeckOS.dir/home/indresh/embedded/pico-sdk/src/rp2_common/pico_printf/printf.c.o
 .text._out_rev
                0x00000000100047f8       0x9c CMakeFiles/DeckOS.dir/home/indresh/embedded/pico-sdk/src/rp2_common/pico_printf/printf.c.o
 .text._ntoa_format
                0x0000000010004894      0x1cc CMakeFiles/DeckOS.dir/home/indresh/embedded/pico-sdk/src/rp2_common/pico_printf/printf.c.o
 .text._out_char
                0x0000000010004a60       0x10 CMakeFiles/DeckOS.dir/home/indresh/embedded/pico-sdk/src/rp2_common/pico_printf/printf.c.o
 .text._out_fct
                0x0000000010004a70       0x10 CMakeFiles/DeckOS.dir/home/indresh/embedded/pico-sdk/src/rp2_common/pico_printf/printf.c.o
 .text._etoa    0x0000000010004a80      0x44c CMakeFiles/DeckOS.dir/home/indresh/embedded/pico-sdk/src/rp2_common/pico_printf/printf.c.o
 .text._ftoa    0x0000000010004ecc      0x398 CMakeFiles/DeckOS.dir/home/indresh/embedded/pico-sdk/src/rp2_common/pico_printf/printf.c.o
 .text._vsnprintf
                0x0000000010005264      0xb04 CMakeFiles/DeckOS.dir/home/indresh/embedded/pico-sdk/src/rp2_common/pico_printf/printf.c.o
 .text.vfctprintf
                0x0000000010005d68       0x20 CMakeFiles/DeckOS.dir/home/indresh/embedded/pico-sdk/src/rp2_common/pico_printf/printf.c.o
                0x0000000010005d68                vfctprintf
 .text.weak_raw_vprintf
                0x0000000010005d88       0x30 CMakeFiles/DeckOS.dir/home/indresh/embedded/pico-sdk/src/rp2_common/pico_printf/printf.c.o
                0x0000000010005d88                weak_raw_vprintf
 .text._exit    0x0000000010005db8        0x4 CMakeFiles/DeckOS.dir/home/indresh/embedded/pico-sdk/src/rp2_common/pico_clib_interface/newlib_interface.c.o
                0x0000000010005db8                _exit
 .text.exit     0x0000000010005dbc        0x8 CMakeFiles/DeckOS.dir/home/indresh/embedded/pico-sdk/src/rp2_common/pico_clib_interface/newlib_interface.c.o
                0x0000000010005dbc                exit
 .text.runtime_init
                0x0000000010005dc4       0x2c CMakeFiles/DeckOS.dir/home/indresh/embedded/pico-sdk/src/rp2_common/pico_clib_interface/newlib_interface.c.o
                0x0000000010005dc4                runtime_init
 .text.stdio_out_chars_no_crlf
                0x0000000010005df0       0x10 CMakeFiles/DeckOS.dir/home/indresh/embedded/pico-sdk/src/rp2_common/pico_stdio/stdio.c.o
 .text.stdio_out_chars_crlf
                0x0000000010005e00       0xb4 CMakeFiles/DeckOS.dir/home/indresh/embedded/pico-sdk/src/rp2_common/pico_stdio/stdio.c.o
 .text.stdio_buffered_printer
                0x0000000010005eb4       0x64 CMakeFiles/DeckOS.dir/home/indresh/embedded/pico-sdk/src/rp2_common/pico_stdio/stdio.c.o
 .text.stdio_put_string
                0x0000000010005f18      0x100 CMakeFiles/DeckOS.dir/home/indresh/embedded/pico-sdk/src/rp2_common/pico_stdio/stdio.c.o
                0x0000000010005f18                stdio_put_string
 .text.stdio_set_driver_enabled
                0x0000000010006018       0x30 CMakeFiles/DeckOS.dir/home/indresh/embedded/pico-sdk/src/rp2_common/pico_stdio/stdio.c.o
                0x0000000010006018                stdio_set_driver_enabled
 .text.stdio_init_all
                0x0000000010006048        0x8 CMakeFiles/DeckOS.dir/home/indresh/embedded/pico-sdk/src/rp2_common/pico_stdio/stdio.c.o
                0x0000000010006048                stdio_init_all
 .text.stdio_getchar_timeout_us
                0x0000000010006050       0x98 CMakeFiles/DeckOS.dir/home/indresh/embedded/pico-sdk/src/rp2_common/pico_stdio/stdio.c.o
                0x0000000010006050                stdio_getchar_timeout_us
 .text.__wrap_putchar
                0x00000000100060e8       0x98 CMakeFiles/DeckOS.dir/home/indresh/embedded/pico-sdk/src/rp2_common/pico_stdio/stdio.c.o
                0x00000000100060e8                stdio_putchar
                0x00000000100060e8                __wrap_putchar
 .text.__wrap_puts
                0x0000000010006180       0x3c CMakeFiles/DeckOS.dir/home/indresh/embedded/pico-sdk/src/rp2_common/pico_stdio/stdio.c.o
                0x0000000010006180                __wrap_puts
                0x0000000010006180                stdio_puts
 .text.__wrap_vprintf
                0x00000000100061bc       0xd8 CMakeFiles/DeckOS.dir/home/indresh/embedded/pico-sdk/src/rp2_common/pico_stdio/stdio.c.o
                0x00000000100061bc                __wrap_vprintf
                0x00000000100061bc                stdio_vprintf
 .text.__wrap_printf
                0x0000000010006294       0x18 CMakeFiles/DeckOS.dir/home/indresh/embedded/pico-sdk/src/rp2_common/pico_stdio/stdio.c.o
                0x0000000010006294                stdio_printf
                0x0000000010006294                __wrap_printf
 .text.resetd_init
                0x00000000100062ac        0x4 CMakeFiles/DeckOS.dir/home/indresh/embedded/pico-sdk/src/rp2_common/pico_stdio_usb/reset_interface.c.o
 .text.resetd_reset
                0x00000000100062b0        0xc CMakeFiles/DeckOS.dir/home/indresh/embedded/pico-sdk/src/rp2_common/pico_stdio_usb/reset_interface.c.o
 .text.resetd_open
                0x00000000100062bc       0x28 CMakeFiles/DeckOS.dir/home/indresh/embedded/pico-sdk/src/rp2_common/pico_stdio_usb/reset_interface.c.o
 .text.resetd_xfer_cb
                0x00000000100062e4        0x4 CMakeFiles/DeckOS.dir/home/indresh/embedded/pico-sdk/src/rp2_common/pico_stdio_usb/reset_interface.c.o
 .text.resetd_control_xfer_cb
                0x00000000100062e8       0x60 CMakeFiles/DeckOS.dir/home/indresh/embedded/pico-sdk/src/rp2_common/pico_stdio_usb/reset_interface.c.o
 .text.tud_descriptor_bos_cb
                0x0000000010006348        0x8 CMakeFiles/DeckOS.dir/home/indresh/embedded/pico-sdk/src/rp2_common/pico_stdio_usb/reset_interface.c.o
                0x0000000010006348                tud_descriptor_bos_cb
 .text.tud_vendor_control_xfer_cb
                0x0000000010006350       0x34 CMakeFiles/DeckOS.dir/home/indresh/embedded/pico-sdk/src/rp2_common/pico_stdio_usb/reset_interface.c.o
                0x0000000010006350                tud_vendor_control_xfer_cb
 .text.usbd_app_driver_get_cb
                0x0000000010006384        0xc CMakeFiles/DeckOS.dir/home/indresh/embedded/pico-sdk/src/rp2_common/pico_stdio_usb/reset_interface.c.o
                0x0000000010006384                usbd_app_driver_get_cb
 .text.tud_cdc_line_coding_cb
                0x0000000010006390       0x2c CMakeFiles/DeckOS.dir/home/indresh/embedded/pico-sdk/src/rp2_common/pico_stdio_usb/reset_interface.c.o
                0x0000000010006390                tud_cdc_line_coding_cb
 .text.stdio_usb_set_chars_available_callback
                0x00000000100063bc       0x14 CMakeFiles/DeckOS.dir/home/indresh/embedded/pico-sdk/src/rp2_common/pico_stdio_usb/stdio_usb.c.o
                0x00000000100063bc                stdio_usb_set_chars_available_callback
 .text.usb_irq  0x00000000100063d0       0x10 CMakeFiles/DeckOS.dir/home/indresh/embedded/pico-sdk/src/rp2_common/pico_stdio_usb/stdio_usb.c.o
 .text.timer_task
                0x00000000100063e0       0x64 CMakeFiles/DeckOS.dir/home/indresh/embedded/pico-sdk/src/rp2_common/pico_stdio_usb/stdio_usb.c.o
 .text.stdio_usb_in_chars
                0x0000000010006444       0x90 CMakeFiles/DeckOS.dir/home/indresh/embedded/pico-sdk/src/rp2_common/pico_stdio_usb/stdio_usb.c.o
                0x0000000010006444                stdio_usb_in_chars
 .text.stdio_usb_out_flush
                0x00000000100064d4       0x50 CMakeFiles/DeckOS.dir/home/indresh/embedded/pico-sdk/src/rp2_common/pico_stdio_usb/stdio_usb.c.o
 .text.stdio_usb_out_chars
                0x0000000010006524      0x100 CMakeFiles/DeckOS.dir/home/indresh/embedded/pico-sdk/src/rp2_common/pico_stdio_usb/stdio_usb.c.o
 .text.low_priority_worker_irq
                0x0000000010006624       0xc8 CMakeFiles/DeckOS.dir/home/indresh/embedded/pico-sdk/src/rp2_common/pico_stdio_usb/stdio_usb.c.o
 .text.stdio_usb_init
                0x00000000100066ec       0xe8 CMakeFiles/DeckOS.dir/home/indresh/embedded/pico-sdk/src/rp2_common/pico_stdio_usb/stdio_usb.c.o
                0x00000000100066ec                stdio_usb_init
 .text.stdio_usb_connected
                0x00000000100067d4        0xc CMakeFiles/DeckOS.dir/home/indresh/embedded/pico-sdk/src/rp2_common/pico_stdio_usb/stdio_usb.c.o
                0x00000000100067d4                stdio_usb_connected
 .text.tud_descriptor_device_cb
                0x00000000100067e0        0x8 CMakeFiles/DeckOS.dir/home/indresh/embedded/pico-sdk/src/rp2_common/pico_stdio_usb/stdio_usb_descriptors.c.o
                0x00000000100067e0                tud_descriptor_device_cb
 .text.tud_descriptor_configuration_cb
                0x00000000100067e8        0x8 CMakeFiles/DeckOS.dir/home/indresh/embedded/pico-sdk/src/rp2_common/pico_stdio_usb/stdio_usb_descriptors.c.o
                0x00000000100067e8                tud_descriptor_configuration_cb
 .text.tud_descriptor_string_cb
                0x00000000100067f0       0x74 CMakeFiles/DeckOS.dir/home/indresh/embedded/pico-sdk/src/rp2_common/pico_stdio_usb/stdio_usb_descriptors.c.o
                0x00000000100067f0                tud_descriptor_string_cb
 .text.startup._retrieve_unique_id_on_boot
                0x0000000010006864       0x10 CMakeFiles/DeckOS.dir/home/indresh/embedded/pico-sdk/src/rp2_common/pico_unique_id/unique_id.c.o
 .text.pico_get_unique_board_id
                0x0000000010006874       0x10 CMakeFiles/DeckOS.dir/home/indresh/embedded/pico-sdk/src/rp2_common/pico_unique_id/unique_id.c.o
                0x0000000010006874                pico_get_unique_board_id
 .text.pico_get_unique_board_id_string
                0x0000000010006884      0x1a8 CMakeFiles/DeckOS.dir/home/indresh/embedded/pico-sdk/src/rp2_common/pico_unique_id/unique_id.c.o
                0x0000000010006884                pico_get_unique_board_id_string
 .text.flash_get_unique_id
                0x0000000010006a2c       0x40 CMakeFiles/DeckOS.dir/home/indresh/embedded/pico-sdk/src/rp2_common/hardware_flash/flash.c.o
                0x0000000010006a2c                flash_get_unique_id
 .text.dcd_init
                0x0000000010006a6c       0x90 CMakeFiles/DeckOS.dir/home/indresh/embedded/pico-sdk/lib/tinyusb/src/portable/raspberrypi/rp2040/dcd_rp2040.c.o
                0x0000000010006a6c                dcd_init
 .text.dcd_int_enable
                0x0000000010006afc        0xc CMakeFiles/DeckOS.dir/home/indresh/embedded/pico-sdk/lib/tinyusb/src/portable/raspberrypi/rp2040/dcd_rp2040.c.o
                0x0000000010006afc                dcd_int_enable
 .text.dcd_set_address
                0x0000000010006b08       0x14 CMakeFiles/DeckOS.dir/home/indresh/embedded/pico-sdk/lib/tinyusb/src/portable/raspberrypi/rp2040/dcd_rp2040.c.o
                0x0000000010006b08                dcd_set_address
 .text.dcd_sof_enable
                0x0000000010006b1c       0x1c CMakeFiles/DeckOS.dir/home/indresh/embedded/pico-sdk/lib/tinyusb/src/portable/raspberrypi/rp2040/dcd_rp2040.c.o
                0x0000000010006b1c                dcd_sof_enable
 .text.dcd_edpt0_status_complete
                0x0000000010006b38       0x1c CMakeFiles/DeckOS.dir/home/indresh/embedded/pico-sdk/lib/tinyusb/src/portable/raspberrypi/rp2040/dcd_rp2040.c.o
                0x0000000010006b38                dcd_edpt0_status_complete
 .text.dcd_edpt_open
                0x0000000010006b54      0x114 CMakeFiles/DeckOS.dir/home/indresh/embedded/pico-sdk/lib/tinyusb/src/portable/raspberrypi/rp2040/dcd_rp2040.c.o
                0x0000000010006b54                dcd_edpt_open
 .text.dcd_edpt_close_all
                0x0000000010006c68        0x8 CMakeFiles/DeckOS.dir/home/indresh/embedded/pico-sdk/lib/tinyusb/src/portable/raspberrypi/rp2040/dcd_rp2040.c.o
                0x0000000010006c68                dcd_edpt_close_all
 .text.dcd_edpt_xfer
                0x0000000010006c70       0x24 CMakeFiles/DeckOS.dir/home/indresh/embedded/pico-sdk/lib/tinyusb/src/portable/raspberrypi/rp2040/dcd_rp2040.c.o
                0x0000000010006c70                dcd_edpt_xfer
 .text.dcd_edpt_stall
                0x0000000010006c94       0x38 CMakeFiles/DeckOS.dir/home/indresh/embedded/pico-sdk/lib/tinyusb/src/portable/raspberrypi/rp2040/dcd_rp2040.c.o
                0x0000000010006c94                dcd_edpt_stall
 .text.dcd_edpt_clear_stall
                0x0000000010006ccc       0x30 CMakeFiles/DeckOS.dir/home/indresh/embedded/pico-sdk/lib/tinyusb/src/portable/raspberrypi/rp2040/dcd_rp2040.c.o
                0x0000000010006ccc                dcd_edpt_clear_stall
 .text.rp2040_usb_init
                0x0000000010006cfc       0x40 CMakeFiles/DeckOS.dir/home/indresh/embedded/pico-sdk/lib/tinyusb/src/portable/raspberrypi/rp2040/rp2040_usb.c.o
                0x0000000010006cfc                rp2040_usb_init
 .text.hw_endpoint_xfer_start
                0x0000000010006d3c       0x50 CMakeFiles/DeckOS.dir/home/indresh/embedded/pico-sdk/lib/tinyusb/src/portable/raspberrypi/rp2040/rp2040_usb.c.o
                0x0000000010006d3c                hw_endpoint_xfer_start
 .text.tud_event_hook_cb
                0x0000000010006d8c        0x4 CMakeFiles/DeckOS.dir/home/indresh/embedded/pico-sdk/lib/tinyusb/src/device/usbd.c.o
                0x0000000010006d8c                tud_event_hook_cb
 .text.tud_sof_cb
                0x0000000010006d90        0x4 CMakeFiles/DeckOS.dir/home/indresh/embedded/pico-sdk/lib/tinyusb/src/device/usbd.c.o
                0x0000000010006d90                tud_sof_cb
 .text.tud_descriptor_device_qualifier_cb
                0x0000000010006d94        0x4 CMakeFiles/DeckOS.dir/home/indresh/embedded/pico-sdk/lib/tinyusb/src/device/usbd.c.o
                0x0000000010006d94                tud_descriptor_device_qualifier_cb
 .text.tud_descriptor_other_speed_configuration_cb
                0x0000000010006d98        0x4 CMakeFiles/DeckOS.dir/home/indresh/embedded/pico-sdk/lib/tinyusb/src/device/usbd.c.o
                0x0000000010006d98                tud_descriptor_other_speed_configuration_cb
 .text.tud_mount_cb
                0x0000000010006d9c        0x4 CMakeFiles/DeckOS.dir/home/indresh/embedded/pico-sdk/lib/tinyusb/src/device/usbd.c.o
                0x0000000010006d9c                tud_mount_cb
 .text.tud_umount_cb
                0x0000000010006da0        0x4 CMakeFiles/DeckOS.dir/home/indresh/embedded/pico-sdk/lib/tinyusb/src/device/usbd.c.o
                0x0000000010006da0                tud_umount_cb
 .text.tud_suspend_cb
                0x0000000010006da4        0x4 CMakeFiles/DeckOS.dir/home/indresh/embedded/pico-sdk/lib/tinyusb/src/device/usbd.c.o
                0x0000000010006da4                tud_suspend_cb
 .text.tud_resume_cb
                0x0000000010006da8        0x4 CMakeFiles/DeckOS.dir/home/indresh/embedded/pico-sdk/lib/tinyusb/src/device/usbd.c.o
                0x0000000010006da8                tud_resume_cb
 .text.tud_mounted
                0x0000000010006dac       0x10 CMakeFiles/DeckOS.dir/home/indresh/embedded/pico-sdk/lib/tinyusb/src/device/usbd.c.o
                0x0000000010006dac                tud_mounted
 .text.tud_suspended
                0x0000000010006dbc       0x10 CMakeFiles/DeckOS.dir/home/indresh/embedded/pico-sdk/lib/tinyusb/src/device/usbd.c.o
                0x0000000010006dbc                tud_suspended
 .text.tud_rhport_init
                0x0000000010006dcc       0xf4 CMakeFiles/DeckOS.dir/home/indresh/embedded/pico-sdk/lib/tinyusb/src/device/usbd.c.o
                0x0000000010006dcc                tud_rhport_init
 .text.tud_task_ext
                0x0000000010006ec0      0x800 CMakeFiles/DeckOS.dir/home/indresh/embedded/pico-sdk/lib/tinyusb/src/device/usbd.c.o
                0x0000000010006ec0                tud_task_ext
 .text.usbd_open_edpt_pair
                0x00000000100076c0       0x9c CMakeFiles/DeckOS.dir/home/indresh/embedded/pico-sdk/lib/tinyusb/src/device/usbd.c.o
                0x00000000100076c0                usbd_open_edpt_pair
 .text.usbd_edpt_open
                0x000000001000775c       0x34 CMakeFiles/DeckOS.dir/home/indresh/embedded/pico-sdk/lib/tinyusb/src/device/usbd.c.o
                0x000000001000775c                usbd_edpt_open
 .text.usbd_edpt_claim
                0x0000000010007790       0x28 CMakeFiles/DeckOS.dir/home/indresh/embedded/pico-sdk/lib/tinyusb/src/device/usbd.c.o
                0x0000000010007790                usbd_edpt_claim
 .text.usbd_edpt_release
                0x00000000100077b8       0x28 CMakeFiles/DeckOS.dir/home/indresh/embedded/pico-sdk/lib/tinyusb/src/device/usbd.c.o
                0x00000000100077b8                usbd_edpt_release
 .text.usbd_edpt_xfer
                0x00000000100077e0       0x4c CMakeFiles/DeckOS.dir/home/indresh/embedded/pico-sdk/lib/tinyusb/src/device/usbd.c.o
                0x00000000100077e0                usbd_edpt_xfer
 .text.tud_control_status
                0x000000001000782c       0x30 CMakeFiles/DeckOS.dir/home/indresh/embedded/pico-sdk/lib/tinyusb/src/device/usbd_control.c.o
                0x000000001000782c                tud_control_status
 .text.tud_control_xfer
                0x000000001000785c       0xbc CMakeFiles/DeckOS.dir/home/indresh/embedded/pico-sdk/lib/tinyusb/src/device/usbd_control.c.o
                0x000000001000785c                tud_control_xfer
 .text.usbd_control_reset
                0x0000000010007918       0x14 CMakeFiles/DeckOS.dir/home/indresh/embedded/pico-sdk/lib/tinyusb/src/device/usbd_control.c.o
                0x0000000010007918                usbd_control_reset
 .text.usbd_control_set_complete_callback
                0x000000001000792c        0xc CMakeFiles/DeckOS.dir/home/indresh/embedded/pico-sdk/lib/tinyusb/src/device/usbd_control.c.o
                0x000000001000792c                usbd_control_set_complete_callback
 .text.usbd_control_set_request
                0x0000000010007938       0x1c CMakeFiles/DeckOS.dir/home/indresh/embedded/pico-sdk/lib/tinyusb/src/device/usbd_control.c.o
                0x0000000010007938                usbd_control_set_request
 .text.usbd_control_xfer_cb
                0x0000000010007954       0xf0 CMakeFiles/DeckOS.dir/home/indresh/embedded/pico-sdk/lib/tinyusb/src/device/usbd_control.c.o
                0x0000000010007954                usbd_control_xfer_cb
 .text._prep_out_transaction.isra.0
                0x0000000010007a44       0x6c CMakeFiles/DeckOS.dir/home/indresh/embedded/pico-sdk/lib/tinyusb/src/class/cdc/cdc_device.c.o
 .text.tud_cdc_n_connected
                0x0000000010007ab0       0x2c CMakeFiles/DeckOS.dir/home/indresh/embedded/pico-sdk/lib/tinyusb/src/class/cdc/cdc_device.c.o
                0x0000000010007ab0                tud_cdc_n_connected
 .text.tud_cdc_n_available
                0x0000000010007adc       0x18 CMakeFiles/DeckOS.dir/home/indresh/embedded/pico-sdk/lib/tinyusb/src/class/cdc/cdc_device.c.o
                0x0000000010007adc                tud_cdc_n_available
 .text.tud_cdc_n_read
                0x0000000010007af4       0x94 CMakeFiles/DeckOS.dir/home/indresh/embedded/pico-sdk/lib/tinyusb/src/class/cdc/cdc_device.c.o
                0x0000000010007af4                tud_cdc_n_read
 .text.tud_cdc_n_write_flush
                0x0000000010007b88       0x78 CMakeFiles/DeckOS.dir/home/indresh/embedded/pico-sdk/lib/tinyusb/src/class/cdc/cdc_device.c.o
                0x0000000010007b88                tud_cdc_n_write_flush
 .text.tud_cdc_n_write
                0x0000000010007c00       0x44 CMakeFiles/DeckOS.dir/home/indresh/embedded/pico-sdk/lib/tinyusb/src/class/cdc/cdc_device.c.o
                0x0000000010007c00                tud_cdc_n_write
 .text.tud_cdc_n_write_available
                0x0000000010007c44       0x18 CMakeFiles/DeckOS.dir/home/indresh/embedded/pico-sdk/lib/tinyusb/src/class/cdc/cdc_device.c.o
                0x0000000010007c44                tud_cdc_n_write_available
 .text.cdcd_init
                0x0000000010007c5c       0x70 CMakeFiles/DeckOS.dir/home/indresh/embedded/pico-sdk/lib/tinyusb/src/class/cdc/cdc_device.c.o
                0x0000000010007c5c                cdcd_init
 .text.cdcd_deinit
                0x0000000010007ccc       0x24 CMakeFiles/DeckOS.dir/home/indresh/embedded/pico-sdk/lib/tinyusb/src/class/cdc/cdc_device.c.o
                0x0000000010007ccc                cdcd_deinit
 .text.cdcd_reset
                0x0000000010007cf0       0x4c CMakeFiles/DeckOS.dir/home/indresh/embedded/pico-sdk/lib/tinyusb/src/class/cdc/cdc_device.c.o
                0x0000000010007cf0                cdcd_reset
 .text.cdcd_open
                0x0000000010007d3c       0xa8 CMakeFiles/DeckOS.dir/home/indresh/embedded/pico-sdk/lib/tinyusb/src/class/cdc/cdc_device.c.o
                0x0000000010007d3c                cdcd_open
 .text.cdcd_control_xfer_cb
                0x0000000010007de4       0xe8 CMakeFiles/DeckOS.dir/home/indresh/embedded/pico-sdk/lib/tinyusb/src/class/cdc/cdc_device.c.o
                0x0000000010007de4                cdcd_control_xfer_cb
 .text.cdcd_xfer_cb
                0x0000000010007ecc       0xfc CMakeFiles/DeckOS.dir/home/indresh/embedded/pico-sdk/lib/tinyusb/src/class/cdc/cdc_device.c.o
                0x0000000010007ecc                cdcd_xfer_cb
 .text.vendord_init
                0x0000000010007fc8       0x5c CMakeFiles/DeckOS.dir/home/indresh/embedded/pico-sdk/lib/tinyusb/src/class/vendor/vendor_device.c.o
                0x0000000010007fc8                vendord_init
 .text.vendord_deinit
                0x0000000010008024       0x1c CMakeFiles/DeckOS.dir/home/indresh/embedded/pico-sdk/lib/tinyusb/src/class/vendor/vendor_device.c.o
                0x0000000010008024                vendord_deinit
 .text.vendord_reset
                0x0000000010008040       0x28 CMakeFiles/DeckOS.dir/home/indresh/embedded/pico-sdk/lib/tinyusb/src/class/vendor/vendor_device.c.o
                0x0000000010008040                vendord_reset
 .text.vendord_open
                0x0000000010008068      0x128 CMakeFiles/DeckOS.dir/home/indresh/embedded/pico-sdk/lib/tinyusb/src/class/vendor/vendor_device.c.o
                0x0000000010008068                vendord_open
 .text.vendord_xfer_cb
                0x0000000010008190       0x9c CMakeFiles/DeckOS.dir/home/indresh/embedded/pico-sdk/lib/tinyusb/src/class/vendor/vendor_device.c.o
                0x0000000010008190                vendord_xfer_cb
 .text.tusb_rhport_init
                0x000000001000822c       0x48 CMakeFiles/DeckOS.dir/home/indresh/embedded/pico-sdk/lib/tinyusb/src/tusb.c.o
                0x000000001000822c                tusb_rhport_init
 .text.tu_edpt_claim
                0x0000000010008274       0x50 CMakeFiles/DeckOS.dir/home/indresh/embedded/pico-sdk/lib/tinyusb/src/tusb.c.o
                0x0000000010008274                tu_edpt_claim
 .text.tu_edpt_release
                0x00000000100082c4       0x38 CMakeFiles/DeckOS.dir/home/indresh/embedded/pico-sdk/lib/tinyusb/src/tusb.c.o
                0x00000000100082c4                tu_edpt_release
 .text.tu_edpt_validate
                0x00000000100082fc       0x78 CMakeFiles/DeckOS.dir/home/indresh/embedded/pico-sdk/lib/tinyusb/src/tusb.c.o
                0x00000000100082fc                tu_edpt_validate
 .text.tu_edpt_bind_driver
                0x0000000010008374       0x34 CMakeFiles/DeckOS.dir/home/indresh/embedded/pico-sdk/lib/tinyusb/src/tusb.c.o
                0x0000000010008374                tu_edpt_bind_driver
 .text.tu_edpt_stream_init
                0x00000000100083a8       0x6c CMakeFiles/DeckOS.dir/home/indresh/embedded/pico-sdk/lib/tinyusb/src/tusb.c.o
                0x00000000100083a8                tu_edpt_stream_init
 .text.tu_edpt_stream_deinit
                0x0000000010008414        0x4 CMakeFiles/DeckOS.dir/home/indresh/embedded/pico-sdk/lib/tinyusb/src/tusb.c.o
                0x0000000010008414                tu_edpt_stream_deinit
 .text.tu_edpt_stream_write_zlp_if_needed
                0x0000000010008418       0x58 CMakeFiles/DeckOS.dir/home/indresh/embedded/pico-sdk/lib/tinyusb/src/tusb.c.o
                0x0000000010008418                tu_edpt_stream_write_zlp_if_needed
 .text.tu_edpt_stream_write_xfer
                0x0000000010008470       0x64 CMakeFiles/DeckOS.dir/home/indresh/embedded/pico-sdk/lib/tinyusb/src/tusb.c.o
                0x0000000010008470                tu_edpt_stream_write_xfer
 .text.tu_edpt_stream_read_xfer
                0x00000000100084d4       0xdc CMakeFiles/DeckOS.dir/home/indresh/embedded/pico-sdk/lib/tinyusb/src/tusb.c.o
                0x00000000100084d4                tu_edpt_stream_read_xfer
 .text.tu_fifo_config
                0x00000000100085b0       0x70 CMakeFiles/DeckOS.dir/home/indresh/embedded/pico-sdk/lib/tinyusb/src/common/tusb_fifo.c.o
                0x00000000100085b0                tu_fifo_config
 .text.tu_fifo_count
                0x0000000010008620       0x2c CMakeFiles/DeckOS.dir/home/indresh/embedded/pico-sdk/lib/tinyusb/src/common/tusb_fifo.c.o
                0x0000000010008620                tu_fifo_count
 .text.tu_fifo_empty
                0x000000001000864c       0x10 CMakeFiles/DeckOS.dir/home/indresh/embedded/pico-sdk/lib/tinyusb/src/common/tusb_fifo.c.o
                0x000000001000864c                tu_fifo_empty
 .text.tu_fifo_remaining
                0x000000001000865c       0x2c CMakeFiles/DeckOS.dir/home/indresh/embedded/pico-sdk/lib/tinyusb/src/common/tusb_fifo.c.o
                0x000000001000865c                tu_fifo_remaining
 .text.tu_fifo_read
                0x0000000010008688       0xa0 CMakeFiles/DeckOS.dir/home/indresh/embedded/pico-sdk/lib/tinyusb/src/common/tusb_fifo.c.o
                0x0000000010008688                tu_fifo_read
 .text.tu_fifo_read_n
                0x0000000010008728       0xec CMakeFiles/DeckOS.dir/home/indresh/embedded/pico-sdk/lib/tinyusb/src/common/tusb_fifo.c.o
                0x0000000010008728                tu_fifo_read_n
 .text.tu_fifo_write
                0x0000000010008814       0x88 CMakeFiles/DeckOS.dir/home/indresh/embedded/pico-sdk/lib/tinyusb/src/common/tusb_fifo.c.o
                0x0000000010008814                tu_fifo_write
 .text.tu_fifo_write_n
                0x000000001000889c      0x168 CMakeFiles/DeckOS.dir/home/indresh/embedded/pico-sdk/lib/tinyusb/src/common/tusb_fifo.c.o
                0x000000001000889c                tu_fifo_write_n
 .text.tu_fifo_clear
                0x0000000010008a04       0x40 CMakeFiles/DeckOS.dir/home/indresh/embedded/pico-sdk/lib/tinyusb/src/common/tusb_fifo.c.o
                0x0000000010008a04                tu_fifo_clear
 .text.tu_fifo_set_overwritable
                0x0000000010008a44       0x48 CMakeFiles/DeckOS.dir/home/indresh/embedded/pico-sdk/lib/tinyusb/src/common/tusb_fifo.c.o
                0x0000000010008a44                tu_fifo_set_overwritable
 .text.core1_trampoline
                0x0000000010008a8c        0x4 CMakeFiles/DeckOS.dir/home/indresh/embedded/pico-sdk/src/rp2_common/pico_multicore/multicore.c.o
 .text.core1_wrapper
                0x0000000010008a90        0xc CMakeFiles/DeckOS.dir/home/indresh/embedded/pico-sdk/src/rp2_common/pico_multicore/multicore.c.o
                0x0000000010008a90                core1_wrapper
 .text.multicore_launch_core1_raw
                0x0000000010008a9c       0x84 CMakeFiles/DeckOS.dir/home/indresh/embedded/pico-sdk/src/rp2_common/pico_multicore/multicore.c.o
                0x0000000010008a9c                multicore_launch_core1_raw
 .text.multicore_launch_core1
                0x0000000010008b20       0x4c CMakeFiles/DeckOS.dir/home/indresh/embedded/pico-sdk/src/rp2_common/pico_multicore/multicore.c.o
                0x0000000010008b20                multicore_launch_core1
 .text.adc_init
                0x0000000010008b6c       0x38 CMakeFiles/DeckOS.dir/home/indresh/embedded/pico-sdk/src/rp2_common/hardware_adc/adc.c.o
                0x0000000010008b6c                adc_init
 .text.i2c_write_blocking_internal
                0x0000000010008ba4      0x174 CMakeFiles/DeckOS.dir/home/indresh/embedded/pico-sdk/src/rp2_common/hardware_i2c/i2c.c.o
 .text.i2c_read_blocking_internal
                0x0000000010008d18      0x108 CMakeFiles/DeckOS.dir/home/indresh/embedded/pico-sdk/src/rp2_common/hardware_i2c/i2c.c.o
 .text.i2c_deinit
                0x0000000010008e20       0x20 CMakeFiles/DeckOS.dir/home/indresh/embedded/pico-sdk/src/rp2_common/hardware_i2c/i2c.c.o
                0x0000000010008e20                i2c_deinit
 .text.i2c_set_baudrate
                0x0000000010008e40       0xc0 CMakeFiles/DeckOS.dir/home/indresh/embedded/pico-sdk/src/rp2_common/hardware_i2c/i2c.c.o
                0x0000000010008e40                i2c_set_baudrate
 .text.i2c_init
                0x0000000010008f00       0x54 CMakeFiles/DeckOS.dir/home/indresh/embedded/pico-sdk/src/rp2_common/hardware_i2c/i2c.c.o
                0x0000000010008f00                i2c_init
 .text.i2c_write_blocking_until
                0x0000000010008f54       0x48 CMakeFiles/DeckOS.dir/home/indresh/embedded/pico-sdk/src/rp2_common/hardware_i2c/i2c.c.o
                0x0000000010008f54                i2c_write_blocking_until
 .text.i2c_read_blocking_until
                0x0000000010008f9c       0x48 CMakeFiles/DeckOS.dir/home/indresh/embedded/pico-sdk/src/rp2_common/hardware_i2c/i2c.c.o
                0x0000000010008f9c                i2c_read_blocking_until
 .text          0x0000000010008fe4       0x18 /usr/lib/gcc/arm-none-eabi/10.3.1/../../../arm-none-eabi/lib/thumb/v6-m/nofp/libg.a(lib_a-atoi.o)
                0x0000000010008fe4                atoi
                0x0000000010008ff0                _atoi_r
 .text          0x0000000010008ffc       0xac /usr/lib/gcc/arm-none-eabi/10.3.1/../../../arm-none-eabi/lib/thumb/v6-m/nofp/libg.a(lib_a-memmove.o)
                0x0000000010008ffc                memmove
 .text          0x00000000100090a8       0x88 /usr/lib/gcc/arm-none-eabi/10.3.1/../../../arm-none-eabi/lib/thumb/v6-m/nofp/libg.a(lib_a-strcmp.o)
                0x00000000100090a8                strcmp
 .text          0x0000000010009130       0x5c /usr/lib/gcc/arm-none-eabi/10.3.1/../../../arm-none-eabi/lib/thumb/v6-m/nofp/libg.a(lib_a-strlen-stub.o)
                0x0000000010009130                strlen
 .text          0x000000001000918c       0x64 /usr/lib/gcc/arm-none-eabi/10.3.1/../../../arm-none-eabi/lib/thumb/v6-m/nofp/libg.a(lib_a-strncat.o)
                0x000000001000918c                strncat
 .text          0x00000000100091f0       0x6c /usr/lib/gcc/arm-none-eabi/10.3.1/../../../arm-none-eabi/lib/thumb/v6-m/nofp/libg.a(lib_a-strncpy.o)
                0x00000000100091f0                strncpy
 .text          0x000000001000925c       0x14 /usr/lib/gcc/arm-none-eabi/10.3.1/../../../arm-none-eabi/lib/thumb/v6-m/nofp/libg.a(lib_a-strtok.o)
                0x000000001000925c                strtok
 .text          0x0000000010009270       0x78 /usr/lib/gcc/arm-none-eabi/10.3.1/../../../arm-none-eabi/lib/thumb/v6-m/nofp/libg.a(lib_a-strtok_r.o)
                0x0000000010009270                __strtok_r
                0x00000000100092dc                strtok_r
 .text          0x00000000100092e8      0x1b8 /usr/lib/gcc/arm-none-eabi/10.3.1/../../../arm-none-eabi/lib/thumb/v6-m/nofp/libg.a(lib_a-strtol.o)
                0x000000001000942c                _strtol_r
                0x0000000010009448                strtol_l
                0x0000000010009474                strtol
 .text          0x00000000100094a0        0xc /usr/lib/gcc/arm-none-eabi/10.3.1/../../../arm-none-eabi/lib/thumb/v6-m/nofp/libg.a(lib_a-errno.o)
                0x00000000100094a0                __errno
 *(.fini)
 .fini          0x00000000100094ac        0x4 /usr/lib/gcc/arm-none-eabi/10.3.1/thumb/v6-m/nofp/crti.o
                0x00000000100094ac                _fini
 .fini.__stub   0x00000000100094b0       0xf0 linker stubs
 *crtbegin.o(.ctors)
 *crtbegin?.o(.ctors)
 *(EXCLUDE_FILE(*crtend.o *crtend?.o) .ctors)
 *(SORT_BY_NAME(.ctors.*))
 *(.ctors)
 *crtbegin.o(.dtors)
 *crtbegin?.o(.dtors)
 *(EXCLUDE_FILE(*crtend.o *crtend?.o) .dtors)
 *(SORT_BY_NAME(.dtors.*))
 *(.dtors)
                0x00000000100095a0                . = ALIGN (0x4)
                0x00000000100095a0                PROVIDE (__preinit_array_start = .)
 *(SORT_BY_NAME(.preinit_array.*))
 .preinit_array.00100
                0x00000000100095a0        0x4 CMakeFiles/DeckOS.dir/home/indresh/embedded/pico-sdk/src/rp2_common/pico_runtime_init/runtime_init.c.o
                0x00000000100095a0                __pre_init_runtime_init_early_resets
 .preinit_array.00101
                0x00000000100095a4        0x4 CMakeFiles/DeckOS.dir/home/indresh/embedded/pico-sdk/src/rp2_common/pico_runtime_init/runtime_init.c.o
                0x00000000100095a4                __pre_init_runtime_init_usb_power_down
 .preinit_array.00275
                0x00000000100095a8        0x4 CMakeFiles/DeckOS.dir/home/indresh/embedded/pico-sdk/src/rp2_common/pico_bit_ops/bit_ops_aeabi.S.o
 .preinit_array.00300
                0x00000000100095ac        0x4 CMakeFiles/DeckOS.dir/home/indresh/embedded/pico-sdk/src/rp2_common/pico_mem_ops/mem_ops_aeabi.S.o
 .preinit_array.00350
                0x00000000100095b0        0x4 CMakeFiles/DeckOS.dir/home/indresh/embedded/pico-sdk/src/rp2_common/pico_double/double_aeabi_rp2040.S.o
 .preinit_array.00350
                0x00000000100095b4        0x4 CMakeFiles/DeckOS.dir/home/indresh/embedded/pico-sdk/src/rp2_common/pico_float/float_aeabi_rp2040.S.o
 .preinit_array.00500
                0x00000000100095b8        0x4 CMakeFiles/DeckOS.dir/home/indresh/embedded/pico-sdk/src/rp2_common/pico_runtime_init/runtime_init.c.o
                0x00000000100095b8                __pre_init_runtime_init_clocks
 .preinit_array.00600
                0x00000000100095bc        0x4 CMakeFiles/DeckOS.dir/home/indresh/embedded/pico-sdk/src/rp2_common/pico_runtime_init/runtime_init.c.o
                0x00000000100095bc                __pre_init_runtime_init_post_clock_resets
 .preinit_array.00700
                0x00000000100095c0        0x4 CMakeFiles/DeckOS.dir/home/indresh/embedded/pico-sdk/src/rp2_common/pico_runtime_init/runtime_init.c.o
                0x00000000100095c0                __pre_init_runtime_init_rp2040_gpio_ie_disable
 .preinit_array.01000
                0x00000000100095c4        0x4 CMakeFiles/DeckOS.dir/home/indresh/embedded/pico-sdk/src/rp2_common/pico_runtime_init/runtime_init.c.o
                0x00000000100095c4                __pre_init_runtime_init_spin_locks_reset
 .preinit_array.01100
                0x00000000100095c8        0x4 CMakeFiles/DeckOS.dir/home/indresh/embedded/pico-sdk/src/common/pico_sync/mutex.c.o
                0x00000000100095c8                __pre_init_runtime_init_mutex
 .preinit_array.10080
                0x00000000100095cc        0x4 CMakeFiles/DeckOS.dir/home/indresh/embedded/pico-sdk/src/rp2_common/pico_runtime_init/runtime_init.c.o
                0x00000000100095cc                __pre_init_runtime_init_install_ram_vector_table
 .preinit_array.11000
                0x00000000100095d0        0x4 CMakeFiles/DeckOS.dir/home/indresh/embedded/pico-sdk/src/common/pico_time/time.c.o
                0x00000000100095d0                __pre_init_runtime_init_default_alarm_pool
 .preinit_array.YYYYY
                0x00000000100095d4        0x4 CMakeFiles/DeckOS.dir/home/indresh/embedded/pico-sdk/src/rp2_common/pico_runtime/runtime.c.o
                0x00000000100095d4                __pre_init_first_per_core_initializer
 .preinit_array.ZZZZZ.01200
                0x00000000100095d8        0x4 CMakeFiles/DeckOS.dir/home/indresh/embedded/pico-sdk/src/rp2_common/hardware_irq/irq.c.o
                0x00000000100095d8                __pre_init_runtime_init_per_core_irq_priorities
 *(.preinit_array)
                0x00000000100095dc                PROVIDE (__preinit_array_end = .)
                0x00000000100095dc                . = ALIGN (0x4)
                0x00000000100095dc                PROVIDE (__init_array_start = .)
 *(SORT_BY_NAME(.init_array.*))
 .init_array.01000
                0x00000000100095dc        0x4 CMakeFiles/DeckOS.dir/home/indresh/embedded/pico-sdk/src/rp2_common/pico_unique_id/unique_id.c.o
 *(.init_array)
 .init_array    0x00000000100095e0        0x4 /usr/lib/gcc/arm-none-eabi/10.3.1/thumb/v6-m/nofp/crtbegin.o
                0x00000000100095e4                PROVIDE (__init_array_end = .)
                0x00000000100095e4                . = ALIGN (0x4)
                0x00000000100095e4                PROVIDE (__fini_array_start = .)
 *(SORT_BY_NAME(.fini_array.*))
 *(.fini_array)
                0x00000000100095e4                PROVIDE (__fini_array_end = .)
 *(.eh_frame*)
 .eh_frame      0x00000000100095e4        0x0 /usr/lib/gcc/arm-none-eabi/10.3.1/thumb/v6-m/nofp/crtbegin.o
                0x00000000100095e4                . = ALIGN (0x4)

.glue_7         0x00000000100095e4        0x0
 .glue_7        0x00000000100095e4        0x0 linker stubs

.glue_7t        0x00000000100095e4        0x0
 .glue_7t       0x00000000100095e4        0x0 linker stubs

.vfp11_veneer   0x00000000100095e4        0x0
 .vfp11_veneer  0x00000000100095e4        0x0 linker stubs

.v4_bx          0x00000000100095e4        0x0
 .v4_bx         0x00000000100095e4        0x0 linker stubs

.iplt           0x00000000100095e4        0x0
 .iplt          0x00000000100095e4        0x0 /usr/lib/gcc/arm-none-eabi/10.3.1/thumb/v6-m/nofp/crtbegin.o

.rodata         0x00000000100095e8     0x1bec
 *(EXCLUDE_FILE(*libm.a: *libc.a:*lib_a-mem*.o *libgcc.a:) .rodata*)
 .rodata.kernel_init.str1.4
                0x00000000100095e8       0x21 CMakeFiles/DeckOS.dir/kernel/kernel.c.o
 *fill*         0x0000000010009609        0x3 
 .rodata.bootloader_run.str1.4
                0x000000001000960c      0x20f CMakeFiles/DeckOS.dir/kernel/bootloader.c.o
 *fill*         0x000000001000981b        0x1 
 .rodata.str1.4
                0x000000001000981c       0x18 CMakeFiles/DeckOS.dir/kernel/bootloader.c.o
 .rodata.CSWTCH.16
                0x0000000010009834        0xc CMakeFiles/DeckOS.dir/kernel/bootloader.c.o
 .rodata.config_defaults.str1.4
                0x0000000010009840        0x5 CMakeFiles/DeckOS.dir/kernel/config.c.o
 *fill*         0x0000000010009845        0x3 
 .rodata.config_load.str1.4
                0x0000000010009848       0x2b CMakeFiles/DeckOS.dir/kernel/config.c.o
 *fill*         0x0000000010009873        0x1 
 .rodata.config_save.str1.4
                0x0000000010009874       0x22 CMakeFiles/DeckOS.dir/kernel/config.c.o
 *fill*         0x0000000010009896        0x2 
 .rodata.config_print.str1.4
                0x0000000010009898       0x8f CMakeFiles/DeckOS.dir/kernel/config.c.o
                                         0x97 (size before relaxing)
 *fill*         0x0000000010009927        0x1 
 .rodata.sched_init.str1.4
                0x0000000010009928       0x17 CMakeFiles/DeckOS.dir/kernel/scheduler.c.o
 *fill*         0x000000001000993f        0x1 
 .rodata.sched_list.str1.4
                0x0000000010009940       0x37 CMakeFiles/DeckOS.dir/kernel/scheduler.c.o
                                         0x3f (size before relaxing)
 *fill*         0x0000000010009977        0x1 
 .rodata.shell_init.str1.4
                0x0000000010009978       0x57 CMakeFiles/DeckOS.dir/shell/shell.c.o
 *fill*         0x00000000100099cf        0x1 
 .rodata.shell_run.str1.4
                0x00000000100099d0       0x37 CMakeFiles/DeckOS.dir/shell/shell.c.o
 *fill*         0x0000000010009a07        0x1 
 .rodata.cmd_temp.str1.4
                0x0000000010009a08       0x1e CMakeFiles/DeckOS.dir/commands/commands.c.o
 *fill*         0x0000000010009a26        0x2 
 .rodata.cmd_clear.str1.4
                0x0000000010009a28        0x8 CMakeFiles/DeckOS.dir/commands/commands.c.o
 .rodata.cmd_mem.str1.4
                0x0000000010009a30       0x56 CMakeFiles/DeckOS.dir/commands/commands.c.o
 *fill*         0x0000000010009a86        0x2 
 .rodata.cmd_version.str1.4
                0x0000000010009a88       0x3e CMakeFiles/DeckOS.dir/commands/commands.c.o
                                         0x4a (size before relaxing)
 *fill*         0x0000000010009ac6        0x2 
 .rodata.cmd_dfu.str1.4
                0x0000000010009ac8       0x23 CMakeFiles/DeckOS.dir/commands/commands.c.o
 *fill*         0x0000000010009aeb        0x1 
 .rodata.cmd_config.str1.4
                0x0000000010009aec      0x18f CMakeFiles/DeckOS.dir/commands/commands.c.o
 *fill*         0x0000000010009c7b        0x1 
 .rodata.cmd_sleep.str1.4
                0x0000000010009c7c       0x3b CMakeFiles/DeckOS.dir/commands/commands.c.o
 *fill*         0x0000000010009cb7        0x1 
 .rodata.cmd_adc.str1.4
                0x0000000010009cb8       0x6c CMakeFiles/DeckOS.dir/commands/commands.c.o
 .rodata.cmd_echo.str1.4
                0x0000000010009d24        0x5 CMakeFiles/DeckOS.dir/commands/commands.c.o
                                          0xd (size before relaxing)
 *fill*         0x0000000010009d29        0x3 
 .rodata.cmd_sysinfo.str1.4
                0x0000000010009d2c       0xf6 CMakeFiles/DeckOS.dir/commands/commands.c.o
 *fill*         0x0000000010009e22        0x2 
 .rodata.cmd_pin.str1.4
                0x0000000010009e24       0x43 CMakeFiles/DeckOS.dir/commands/commands.c.o
 *fill*         0x0000000010009e67        0x1 
 .rodata.cmd_led.str1.4
                0x0000000010009e68       0xa8 CMakeFiles/DeckOS.dir/commands/commands.c.o
                                         0xb0 (size before relaxing)
 .rodata.cmd_wdog.str1.4
                0x0000000010009f10       0x46 CMakeFiles/DeckOS.dir/commands/commands.c.o
                                         0x4a (size before relaxing)
 *fill*         0x0000000010009f56        0x2 
 .rodata.cmd_uid.str1.4
                0x0000000010009f58       0x11 CMakeFiles/DeckOS.dir/commands/commands.c.o
 *fill*         0x0000000010009f69        0x3 
 .rodata.cmd_reboot.str1.4
                0x0000000010009f6c       0x13 CMakeFiles/DeckOS.dir/commands/commands.c.o
 *fill*         0x0000000010009f7f        0x1 
 .rodata.cmd_tasks.str1.4
                0x0000000010009f80       0x36 CMakeFiles/DeckOS.dir/commands/commands.c.o
 *fill*         0x0000000010009fb6        0x2 
 .rodata.cmd_gpio.str1.4
                0x0000000010009fb8      0x149 CMakeFiles/DeckOS.dir/commands/commands.c.o
 *fill*         0x000000001000a101        0x3 
 .rodata.cmd_pull.str1.4
                0x000000001000a104       0xad CMakeFiles/DeckOS.dir/commands/commands.c.o
 *fill*         0x000000001000a1b1        0x3 
 .rodata.cmd_pwm.str1.4
                0x000000001000a1b4       0x60 CMakeFiles/DeckOS.dir/commands/commands.c.o
 .rodata.commands_execute.part.0.str1.4
                0x000000001000a214       0x2f CMakeFiles/DeckOS.dir/commands/commands.c.o
 *fill*         0x000000001000a243        0x1 
 .rodata.cmd_repeat.str1.4
                0x000000001000a244       0x30 CMakeFiles/DeckOS.dir/commands/commands.c.o
 .rodata.cmd_clock.str1.4
                0x000000001000a274       0x45 CMakeFiles/DeckOS.dir/commands/commands.c.o
 *fill*         0x000000001000a2b9        0x3 
 .rodata.cmd_i2c.str1.4
                0x000000001000a2bc      0x1f4 CMakeFiles/DeckOS.dir/commands/commands.c.o
 .rodata.cmd_uptime.str1.4
                0x000000001000a4b0        0x9 CMakeFiles/DeckOS.dir/commands/commands.c.o
 *fill*         0x000000001000a4b9        0x3 
 .rodata.cmd_help.str1.4
                0x000000001000a4bc       0x22 CMakeFiles/DeckOS.dir/commands/commands.c.o
 *fill*         0x000000001000a4de        0x2 
 .rodata.commands_init.str1.4
                0x000000001000a4e0       0x23 CMakeFiles/DeckOS.dir/commands/commands.c.o
 *fill*         0x000000001000a503        0x1 
 .rodata.str1.4
                0x000000001000a504      0x3e7 CMakeFiles/DeckOS.dir/commands/commands.c.o
                                        0x403 (size before relaxing)
 *fill*         0x000000001000a8eb        0x1 
 .rodata.command_table
                0x000000001000a8ec      0x12c CMakeFiles/DeckOS.dir/commands/commands.c.o
 .rodata.drivers_init_all.str1.4
                0x000000001000aa18       0x46 CMakeFiles/DeckOS.dir/drivers/drivers.c.o
                                         0x56 (size before relaxing)
 *fill*         0x000000001000aa5e        0x2 
 .rodata.drivers_list.str1.4
                0x000000001000aa60       0x33 CMakeFiles/DeckOS.dir/drivers/drivers.c.o
 *fill*         0x000000001000aa93        0x1 
 .rodata.panic.str1.4
                0x000000001000aa94       0x10 CMakeFiles/DeckOS.dir/home/indresh/embedded/pico-sdk/src/rp2_common/pico_platform_panic/panic.c.o
                                         0x12 (size before relaxing)
 .rodata.spin_lock_claim_unused.str1.4
                0x000000001000aaa4       0x1b CMakeFiles/DeckOS.dir/home/indresh/embedded/pico-sdk/src/rp2_common/hardware_sync/sync.c.o
 *fill*         0x000000001000aabf        0x1 
 .rodata.user_irq_claim_unused.str1.4
                0x000000001000aac0       0x1b CMakeFiles/DeckOS.dir/home/indresh/embedded/pico-sdk/src/rp2_common/hardware_irq/irq.c.o
 *fill*         0x000000001000aadb        0x1 
 .rodata.timer_hardware_alarm_claim.str1.4
                0x000000001000aadc       0x22 CMakeFiles/DeckOS.dir/home/indresh/embedded/pico-sdk/src/rp2_common/hardware_timer/timer.c.o
 *fill*         0x000000001000aafe        0x2 
 .rodata.hard_assertion_failure.str1.4
                0x000000001000ab00        0xc CMakeFiles/DeckOS.dir/home/indresh/embedded/pico-sdk/src/rp2_common/pico_runtime/runtime.c.o
 .rodata.str1.4
                0x000000001000ab0c       0x27 CMakeFiles/DeckOS.dir/home/indresh/embedded/pico-sdk/src/rp2_common/pico_standard_binary_info/standard_binary_info.c.o
                                         0x3c (size before relaxing)
 *fill*         0x000000001000ab33        0x1 
 .rodata.__bi_26
                0x000000001000ab34        0xc CMakeFiles/DeckOS.dir/home/indresh/embedded/pico-sdk/src/rp2_common/pico_standard_binary_info/standard_binary_info.c.o
 .rodata.__bi_34
                0x000000001000ab40        0xc CMakeFiles/DeckOS.dir/home/indresh/embedded/pico-sdk/src/rp2_common/pico_standard_binary_info/standard_binary_info.c.o
 .rodata.__bi_42
                0x000000001000ab4c        0xc CMakeFiles/DeckOS.dir/home/indresh/embedded/pico-sdk/src/rp2_common/pico_standard_binary_info/standard_binary_info.c.o
 .rodata.__bi_48
                0x000000001000ab58        0xc CMakeFiles/DeckOS.dir/home/indresh/embedded/pico-sdk/src/rp2_common/pico_standard_binary_info/standard_binary_info.c.o
 .rodata.__bi_54
                0x000000001000ab64        0xc CMakeFiles/DeckOS.dir/home/indresh/embedded/pico-sdk/src/rp2_common/pico_standard_binary_info/standard_binary_info.c.o
 .rodata.__bi_78
                0x000000001000ab70        0xc CMakeFiles/DeckOS.dir/home/indresh/embedded/pico-sdk/src/rp2_common/pico_standard_binary_info/standard_binary_info.c.o
 .rodata.__bi_84
                0x000000001000ab7c        0xc CMakeFiles/DeckOS.dir/home/indresh/embedded/pico-sdk/src/rp2_common/pico_standard_binary_info/standard_binary_info.c.o
 .rodata._ftoa.str1.4
                0x000000001000ab88       0x15 CMakeFiles/DeckOS.dir/home/indresh/embedded/pico-sdk/src/rp2_common/pico_printf/printf.c.o
 *fill*         0x000000001000ab9d        0x3 
 .rodata._vsnprintf
                0x000000001000aba0      0x1e0 CMakeFiles/DeckOS.dir/home/indresh/embedded/pico-sdk/src/rp2_common/pico_printf/printf.c.o
 .rodata.pow10.0
                0x000000001000ad80       0x50 CMakeFiles/DeckOS.dir/home/indresh/embedded/pico-sdk/src/rp2_common/pico_printf/printf.c.o
 .rodata.crlf_str.0
                0x000000001000add0        0x2 CMakeFiles/DeckOS.dir/home/indresh/embedded/pico-sdk/src/rp2_common/pico_stdio/stdio.c.o
 *fill*         0x000000001000add2        0x2 
 .rodata._resetd_driver
                0x000000001000add4       0x20 CMakeFiles/DeckOS.dir/home/indresh/embedded/pico-sdk/src/rp2_common/pico_stdio_usb/reset_interface.c.o
 .rodata.desc_bos
                0x000000001000adf4       0x21 CMakeFiles/DeckOS.dir/home/indresh/embedded/pico-sdk/src/rp2_common/pico_stdio_usb/reset_interface.c.o
                0x000000001000adf4                desc_bos
 *fill*         0x000000001000ae15        0x3 
 .rodata.desc_ms_os_20
                0x000000001000ae18       0xa6 CMakeFiles/DeckOS.dir/home/indresh/embedded/pico-sdk/src/rp2_common/pico_stdio_usb/reset_interface.c.o
 *fill*         0x000000001000aebe        0x2 
 .rodata.str1.4
                0x000000001000aec0       0x13 CMakeFiles/DeckOS.dir/home/indresh/embedded/pico-sdk/src/rp2_common/pico_stdio_usb/stdio_usb.c.o
 *fill*         0x000000001000aed3        0x1 
 .rodata.__bi_202.0
                0x000000001000aed4        0xc CMakeFiles/DeckOS.dir/home/indresh/embedded/pico-sdk/src/rp2_common/pico_stdio_usb/stdio_usb.c.o
 .rodata.str1.4
                0x000000001000aee0       0x2a CMakeFiles/DeckOS.dir/home/indresh/embedded/pico-sdk/src/rp2_common/pico_stdio_usb/stdio_usb_descriptors.c.o
 *fill*         0x000000001000af0a        0x2 
 .rodata.usbd_desc_cfg
                0x000000001000af0c       0x54 CMakeFiles/DeckOS.dir/home/indresh/embedded/pico-sdk/src/rp2_common/pico_stdio_usb/stdio_usb_descriptors.c.o
 .rodata.usbd_desc_device
                0x000000001000af60       0x12 CMakeFiles/DeckOS.dir/home/indresh/embedded/pico-sdk/src/rp2_common/pico_stdio_usb/stdio_usb_descriptors.c.o
 *fill*         0x000000001000af72        0x2 
 .rodata.usbd_desc_str
                0x000000001000af74       0x18 CMakeFiles/DeckOS.dir/home/indresh/embedded/pico-sdk/src/rp2_common/pico_stdio_usb/stdio_usb_descriptors.c.o
 .rodata.str1.4
                0x000000001000af8c       0x14 CMakeFiles/DeckOS.dir/home/indresh/embedded/pico-sdk/lib/tinyusb/src/portable/raspberrypi/rp2040/dcd_rp2040.c.o
 .rodata.str1.4
                0x000000001000afa0       0x48 CMakeFiles/DeckOS.dir/home/indresh/embedded/pico-sdk/lib/tinyusb/src/portable/raspberrypi/rp2040/rp2040_usb.c.o
 .rodata.tud_task_ext
                0x000000001000afe8       0x8c CMakeFiles/DeckOS.dir/home/indresh/embedded/pico-sdk/lib/tinyusb/src/device/usbd.c.o
 .rodata        0x000000001000b074       0x1c CMakeFiles/DeckOS.dir/home/indresh/embedded/pico-sdk/lib/tinyusb/src/device/usbd.c.o
 .rodata._usbd_driver
                0x000000001000b090       0x40 CMakeFiles/DeckOS.dir/home/indresh/embedded/pico-sdk/lib/tinyusb/src/device/usbd.c.o
 .rodata        0x000000001000b0d0      0x101 /usr/lib/gcc/arm-none-eabi/10.3.1/../../../arm-none-eabi/lib/thumb/v6-m/nofp/libg.a(lib_a-ctype_.o)
                0x000000001000b0d0                _ctype_
                0x000000001000b1d4                . = ALIGN (0x4)
 *fill*         0x000000001000b1d1        0x3 
 *(SORT_BY_ALIGNMENT(SORT_BY_NAME(.flashdata*)))
                0x000000001000b1d4                . = ALIGN (0x4)

.ARM.extab
 *(.ARM.extab* .gnu.linkonce.armextab.*)
                0x000000001000b1d4                __exidx_start = .

.ARM.exidx
 *(.ARM.exidx* .gnu.linkonce.armexidx.*)
                0x000000001000b1d4                __exidx_end = .
                0x000000001000b1d4                . = ALIGN (0x4)
                0x000000001000b1d4                __binary_info_start = .

.binary_info    0x000000001000b1d4       0x20
 *(.binary_info.keep.*)
 .binary_info.keep.__bi_ptr26
                0x000000001000b1d4        0x4 CMakeFiles/DeckOS.dir/home/indresh/embedded/pico-sdk/src/rp2_common/pico_standard_binary_info/standard_binary_info.c.o
 .binary_info.keep.__bi_ptr34
                0x000000001000b1d8        0x4 CMakeFiles/DeckOS.dir/home/indresh/embedded/pico-sdk/src/rp2_common/pico_standard_binary_info/standard_binary_info.c.o
 .binary_info.keep.__bi_ptr42
                0x000000001000b1dc        0x4 CMakeFiles/DeckOS.dir/home/indresh/embedded/pico-sdk/src/rp2_common/pico_standard_binary_info/standard_binary_info.c.o
 .binary_info.keep.__bi_ptr48
                0x000000001000b1e0        0x4 CMakeFiles/DeckOS.dir/home/indresh/embedded/pico-sdk/src/rp2_common/pico_standard_binary_info/standard_binary_info.c.o
 .binary_info.keep.__bi_ptr54
                0x000000001000b1e4        0x4 CMakeFiles/DeckOS.dir/home/indresh/embedded/pico-sdk/src/rp2_common/pico_standard_binary_info/standard_binary_info.c.o
 .binary_info.keep.__bi_ptr78
                0x000000001000b1e8        0x4 CMakeFiles/DeckOS.dir/home/indresh/embedded/pico-sdk/src/rp2_common/pico_standard_binary_info/standard_binary_info.c.o
 .binary_info.keep.__bi_ptr84
                0x000000001000b1ec        0x4 CMakeFiles/DeckOS.dir/home/indresh/embedded/pico-sdk/src/rp2_common/pico_standard_binary_info/standard_binary_info.c.o
 *(.binary_info.*)
 .binary_info.__bi_ptr202
                0x000000001000b1f0        0x4 CMakeFiles/DeckOS.dir/home/indresh/embedded/pico-sdk/src/rp2_common/pico_stdio_usb/stdio_usb.c.o
                0x000000001000b1f4                __binary_info_end = .
                0x000000001000b1f4                . = ALIGN (0x4)

.ram_vector_table
                0x0000000020000000       0xc0
 *(.ram_vector_table)
 .ram_vector_table
                0x0000000020000000       0xc0 CMakeFiles/DeckOS.dir/home/indresh/embedded/pico-sdk/src/rp2_common/pico_runtime_init/runtime_init.c.o
                0x0000000020000000                ram_vector_table

.uninitialized_data
                0x00000000200000c0        0x0
                0x00000000200000c0                . = ALIGN (0x4)
 *(.uninitialized_data*)

.data           0x00000000200000c0     0x15a0 load address 0x000000001000b1f4
                0x00000000200000c0                __data_start__ = .
 *(vtable)
 *(.time_critical*)
 .time_critical.mutex_try_enter
                0x00000000200000c0       0x44 CMakeFiles/DeckOS.dir/home/indresh/embedded/pico-sdk/src/common/pico_sync/mutex.c.o
                0x00000000200000c0                mutex_try_enter
 .time_critical.mutex_try_enter_block_until
                0x0000000020000104       0x9c CMakeFiles/DeckOS.dir/home/indresh/embedded/pico-sdk/src/common/pico_sync/mutex.c.o
                0x0000000020000104                mutex_try_enter_block_until
 .time_critical.mutex_enter_timeout_ms
                0x00000000200001a0       0x90 CMakeFiles/DeckOS.dir/home/indresh/embedded/pico-sdk/src/common/pico_sync/mutex.c.o
                0x00000000200001a0                mutex_enter_timeout_ms
 .time_critical.mutex_exit
                0x0000000020000230       0x28 CMakeFiles/DeckOS.dir/home/indresh/embedded/pico-sdk/src/common/pico_sync/mutex.c.o
                0x0000000020000230                mutex_exit
 .time_critical.flash_init_boot2_copyout
                0x0000000020000258       0x30 CMakeFiles/DeckOS.dir/home/indresh/embedded/pico-sdk/src/rp2_common/hardware_flash/flash.c.o
 .time_critical.flash_enable_xip_via_boot2
                0x0000000020000288       0x10 CMakeFiles/DeckOS.dir/home/indresh/embedded/pico-sdk/src/rp2_common/hardware_flash/flash.c.o
 .time_critical.flash_save_hardware_state
                0x0000000020000298       0x28 CMakeFiles/DeckOS.dir/home/indresh/embedded/pico-sdk/src/rp2_common/hardware_flash/flash.c.o
 .time_critical.flash_restore_hardware_state
                0x00000000200002c0       0x28 CMakeFiles/DeckOS.dir/home/indresh/embedded/pico-sdk/src/rp2_common/hardware_flash/flash.c.o
 .time_critical.flash_cs_force
                0x00000000200002e8       0x38 CMakeFiles/DeckOS.dir/home/indresh/embedded/pico-sdk/src/rp2_common/hardware_flash/flash.c.o
 .time_critical.flash_range_erase
                0x0000000020000320       0x90 CMakeFiles/DeckOS.dir/home/indresh/embedded/pico-sdk/src/rp2_common/hardware_flash/flash.c.o
                0x0000000020000320                flash_range_erase
 .time_critical.flash_range_program